06-21 11:45:05.768 27861 27899 D com.facebook.a.a: Got unexpected exception: java.io.WriteAbortedException: Read an exception; java.io.NotSerializableException: org.json.JSONObject
06-21 11:45:05.770 32661 32741 I PlayCommon: [2055] com.google.android.play.a.g.e(220): Preparing logs for uploading
06-21 11:45:05.770 32661 32741 I PlayCommon: [2055] com.google.android.play.a.g.e(224): No file ready to send
06-21 11:45:06.336  2275  4961 V AlarmManager: set(PendingIntent{e25c1dc: PendingIntentRecord{bf3de05 com.android.bluetooth broadcastIntent}}) : type=2 triggerAtTime=670812762 win=0 tElapsed=670812762 maxElapsed=670812762 interval=0 flags=0x9
06-21 11:45:06.356 23465 23465 I logs    : DiscoverPeripheral: null
06-21 11:45:06.358 23465 23465 W unknown:React: Calling JS function after bridge has been destroyed.
06-21 11:45:07.353  2275  5058 V AlarmManager: set(PendingIntent{34cc2e5: PendingIntentRecord{bf3de05 com.android.bluetooth broadcastIntent}}) : type=2 triggerAtTime=670813780 win=0 tElapsed=670813780 maxElapsed=670813780 interval=0 flags=0x9
06-21 11:45:07.391 23465 23465 I logs    : DiscoverPeripheral: null
06-21 11:45:07.395 23465 23465 W unknown:React: Calling JS function after bridge has been destroyed.
06-21 11:45:07.429   360   360 I chatty  : uid=1000(system) /system/vendor/bin/RIDLClient.exe expire 11 lines
06-21 11:45:08.352  2275  4966 V AlarmManager: set(PendingIntent{d2ef1ba: PendingIntentRecord{bf3de05 com.android.bluetooth broadcastIntent}}) : type=2 triggerAtTime=670814779 win=0 tElapsed=670814779 maxElapsed=670814779 interval=0 flags=0x9
06-21 11:45:08.379 23465 23465 I logs    : DiscoverPeripheral: null
06-21 11:45:08.383 23465 23465 W unknown:React: Calling JS function after bridge has been destroyed.
06-21 11:45:08.984 23465  9364 D logs    : Read: 302E333030303B302E37303030 from peripheral: B8:27:EB:EF:2D:22
06-21 11:45:08.985 23465  9364 W unknown:React: Calling JS function after bridge has been destroyed.
06-21 11:45:09.356  2275  4674 V AlarmManager: set(PendingIntent{a7fc86b: PendingIntentRecord{bf3de05 com.android.bluetooth broadcastIntent}}) : type=2 triggerAtTime=670815784 win=0 tElapsed=670815784 maxElapsed=670815784 interval=0 flags=0x9
06-21 11:45:09.392 23465 23465 I logs    : DiscoverPeripheral: null
06-21 11:45:09.394 23465 23465 W unknown:React: Calling JS function after bridge has been destroyed.
06-21 11:45:11.335  2275  2287 V AlarmManager: set(PendingIntent{53b1fc8: PendingIntentRecord{bf3de05 com.android.bluetooth broadcastIntent}}) : type=2 triggerAtTime=670817762 win=0 tElapsed=670817762 maxElapsed=670817762 interval=0 flags=0x9
06-21 11:45:11.372 23465 23465 I logs    : DiscoverPeripheral: EST
06-21 11:45:11.376 23465 23465 W unknown:React: Calling JS function after bridge has been destroyed.
06-21 11:45:12.331  2275  5334 V AlarmManager: set(PendingIntent{a8ba861: PendingIntentRecord{874cb1e com.jaredco.regrann startService}}) : type=3 triggerAtTime=670935756 win=89997 tElapsed=670935756 maxElapsed=671025753 interval=0 flags=0x0
06-21 11:45:12.335  2275  4962 V AlarmManager: set(PendingIntent{6ca6f86: PendingIntentRecord{874cb1e com.jaredco.regrann startService}}) : type=3 triggerAtTime=670935762 win=89999 tElapsed=670935762 maxElapsed=671025761 interval=0 flags=0x0
06-21 11:45:12.384  2275  5352 V AlarmManager: set(PendingIntent{9d08047: PendingIntentRecord{bf3de05 com.android.bluetooth broadcastIntent}}) : type=2 triggerAtTime=670818811 win=0 tElapsed=670818811 maxElapsed=670818811 interval=0 flags=0x9
06-21 11:45:12.418 23465 23465 I logs    : DiscoverPeripheral: null
06-21 11:45:12.421 23465 23465 W unknown:React: Calling JS function after bridge has been destroyed.
06-21 11:45:15.383  2275  3979 V AlarmManager: Triggering alarm #0: Alarm{2c67074 type 2 when 670818811 com.android.bluetooth}operation =Intent { act=com.android.bluetooth.btservice.action.ALARM_WAKEUP }
06-21 11:45:15.397  2275  4674 V AlarmManager: set(PendingIntent{279699d: PendingIntentRecord{84dfe12 com.android.bluetooth broadcastIntent}}) : type=2 triggerAtTime=671592376 win=0 tElapsed=671592376 maxElapsed=671592376 interval=0 flags=0x9
06-21 11:45:15.474  4120  4120 I chatty  : uid=1010(wifi) /system/bin/wpa_supplicant expire 10 lines
06-21 11:45:18.970  2275  4962 V AlarmManager: set(PendingIntent{8ad9e3: PendingIntentRecord{874cb1e com.jaredco.regrann startService}}) : type=3 triggerAtTime=670942398 win=90000 tElapsed=670942398 maxElapsed=671032398 interval=0 flags=0x0
06-21 11:45:18.974 23465 23576 D logs    : Read: 302E333030303B302E37333030 from peripheral: B8:27:EB:EF:2D:22
06-21 11:45:18.974 23465 23576 W unknown:React: Calling JS function after bridge has been destroyed.
06-21 11:45:20.778 27861 27899 D com.facebook.a.a: Got unexpected exception: java.io.WriteAbortedException: Read an exception; java.io.NotSerializableException: org.json.JSONObject
06-21 11:45:22.351  2275  4961 V AlarmManager: set(PendingIntent{2141fe0: PendingIntentRecord{874cb1e com.jaredco.regrann startService}}) : type=3 triggerAtTime=670945778 win=89999 tElapsed=670945778 maxElapsed=671035777 interval=0 flags=0x0
06-21 11:45:22.359  2275  4966 V AlarmManager: set(PendingIntent{b880299: PendingIntentRecord{874cb1e com.jaredco.regrann startService}}) : type=3 triggerAtTime=670945786 win=89999 tElapsed=670945786 maxElapsed=671035785 interval=0 flags=0x0
06-21 11:45:24.811  2275  2287 V AlarmManager: set(PendingIntent{509e95e: PendingIntentRecord{874cb1e com.jaredco.regrann startService}}) : type=3 triggerAtTime=670948238 win=89999 tElapsed=670948238 maxElapsed=671038237 interval=0 flags=0x0
06-21 11:45:27.449   360   360 I chatty  : uid=1000(system) /system/vendor/bin/RIDLClient.exe expire 11 lines
06-21 11:45:28.239  2275  4480 I chatty  : uid=1000(system) WifiMonitor expire 10 lines
06-21 11:45:28.964  5476  6200 I chatty  : uid=1002(bluetooth) bluedroid wake/ expire 10 lines
06-21 11:45:28.964 23465 23477 D logs    : Read: 302E333030303B312E30303030 from peripheral: B8:27:EB:EF:2D:22
06-21 11:45:28.966 23465 23477 W unknown:React: Calling JS function after bridge has been destroyed.
06-21 11:45:29.469   332  2370 E NetlinkEvent: NetlinkEvent::FindParam(): Parameter 'TIME_NS' not found
06-21 11:45:29.469   332  2370 E NetlinkEvent: NetlinkEvent::FindParam(): Parameter 'UID' not found
06-21 11:45:30.531  4120  4120 I chatty  : uid=1010(wifi) /system/bin/wpa_supplicant expire 12 lines
06-21 11:45:31.870  2275  2286 V AlarmManager: set(PendingIntent{707313f: PendingIntentRecord{874cb1e com.jaredco.regrann startService}}) : type=3 triggerAtTime=670955298 win=90000 tElapsed=670955298 maxElapsed=671045298 interval=0 flags=0x0
06-21 11:45:31.873  2275  5058 V AlarmManager: set(PendingIntent{4cb5a0c: PendingIntentRecord{874cb1e com.jaredco.regrann startService}}) : type=3 triggerAtTime=670955300 win=89999 tElapsed=670955300 maxElapsed=671045299 interval=0 flags=0x0
06-21 11:45:31.879  2275  5334 V AlarmManager: set(PendingIntent{14d2f55: PendingIntentRecord{874cb1e com.jaredco.regrann startService}}) : type=3 triggerAtTime=670955307 win=90000 tElapsed=670955307 maxElapsed=671045307 interval=0 flags=0x0
06-21 11:45:33.301  2275  4962 V AlarmManager: set(PendingIntent{3073d6a: PendingIntentRecord{84dfe12 com.android.bluetooth broadcastIntent}}) : type=2 triggerAtTime=670839728 win=0 tElapsed=670839728 maxElapsed=670839728 interval=0 flags=0x9
06-21 11:45:33.331 23465 23465 I logs    : DiscoverPeripheral: EST
06-21 11:45:33.334 23465 23465 W unknown:React: Calling JS function after bridge has been destroyed.
06-21 11:45:33.805   332  2370 E NetlinkEvent: NetlinkEvent::FindParam(): Parameter 'TIME_NS' not found
06-21 11:45:33.805   332  2370 E NetlinkEvent: NetlinkEvent::FindParam(): Parameter 'UID' not found
06-21 11:45:35.771 27861 27899 D com.facebook.a.a: Got unexpected exception: java.io.WriteAbortedException: Read an exception; java.io.NotSerializableException: org.json.JSONObject
06-21 11:45:36.300  2275  3979 V AlarmManager: Triggering alarm #0: Alarm{8c7a25b type 2 when 670839728 com.android.bluetooth}operation =Intent { act=com.android.bluetooth.btservice.action.ALARM_WAKEUP }
06-21 11:45:36.303  2275  2286 V AlarmManager: set(PendingIntent{dda0af8: PendingIntentRecord{8fe6bd1 com.android.bluetooth broadcastIntent}}) : type=2 triggerAtTime=671592376 win=0 tElapsed=671592376 maxElapsed=671592376 interval=0 flags=0x9
06-21 11:45:38.955 23465 20105 D logs    : Read: 302E333030303B302E39303030 from peripheral: B8:27:EB:EF:2D:22
06-21 11:45:38.956 23465 20105 W unknown:React: Calling JS function after bridge has been destroyed.
06-21 11:45:41.417  2275  5116 V AlarmManager: set(PendingIntent{dd3c636: PendingIntentRecord{874cb1e com.jaredco.regrann startService}}) : type=3 triggerAtTime=670964844 win=89999 tElapsed=670964844 maxElapsed=671054843 interval=0 flags=0x0
06-21 11:45:43.544  2275  4943 V AlarmManager: set(PendingIntent{d540937: PendingIntentRecord{874cb1e com.jaredco.regrann startService}}) : type=3 triggerAtTime=670966972 win=90000 tElapsed=670966972 maxElapsed=671056972 interval=0 flags=0x0
06-21 11:45:48.165 32661 32740 I PlayCommon: [2054] com.google.android.play.a.g.e(220): Preparing logs for uploading
06-21 11:45:48.165 32661 32740 I PlayCommon: [2054] com.google.android.play.a.g.e(224): No file ready to send
06-21 11:45:48.594  4120  4120 I chatty  : uid=1010(wifi) /system/bin/wpa_supplicant expire 10 lines
06-21 11:45:49.012 23465  9364 D logs    : Read: 302E333030303B302E39303030 from peripheral: B8:27:EB:EF:2D:22
06-21 11:45:49.013 23465  9364 W unknown:React: Calling JS function after bridge has been destroyed.
06-21 11:45:50.767 27861 27899 D com.facebook.a.a: Got unexpected exception: java.io.WriteAbortedException: Read an exception; java.io.NotSerializableException: org.json.JSONObject
06-21 11:45:51.549  2275  4674 V AlarmManager: set(PendingIntent{f20dea4: PendingIntentRecord{874cb1e com.jaredco.regrann startService}}) : type=3 triggerAtTime=670974976 win=89999 tElapsed=670974976 maxElapsed=671064975 interval=0 flags=0x0
06-21 11:45:53.893  2275  4961 V AlarmManager: set(PendingIntent{bacf40d: PendingIntentRecord{874cb1e com.jaredco.regrann startService}}) : type=3 triggerAtTime=670977320 win=89999 tElapsed=670977320 maxElapsed=671067319 interval=0 flags=0x0
06-21 11:45:53.900  2275  4966 V AlarmManager: set(PendingIntent{a0e0fc2: PendingIntentRecord{874cb1e com.jaredco.regrann startService}}) : type=3 triggerAtTime=670977327 win=89999 tElapsed=670977327 maxElapsed=671067326 interval=0 flags=0x0
06-21 11:45:54.262  5476  5663 I chatty  : uid=1002(bluetooth) BT Service Call expire 12 lines
06-21 11:45:54.266  2275  4917 V AlarmManager: set(PendingIntent{2d601d3: PendingIntentRecord{8fe6bd1 com.android.bluetooth broadcastIntent}}) : type=2 triggerAtTime=670860690 win=0 tElapsed=670860690 maxElapsed=670860690 interval=0 flags=0x9
06-21 11:45:54.298  2275  5334 V AlarmManager: set(PendingIntent{5df4110: PendingIntentRecord{8fe6bd1 com.android.bluetooth broadcastIntent}}) : type=2 triggerAtTime=670860725 win=0 tElapsed=670860725 maxElapsed=670860725 interval=0 flags=0x9
06-21 11:45:54.299 23465 23465 I logs    : DiscoverPeripheral: null
06-21 11:45:54.303 23465 23465 W unknown:React: Calling JS function after bridge has been destroyed.
06-21 11:45:54.327 23465 23465 I logs    : DiscoverPeripheral: EST
06-21 11:45:54.330 23465 23465 W unknown:React: Calling JS function after bridge has been destroyed.
06-21 11:45:55.267  2275  5397 V AlarmManager: set(PendingIntent{841c409: PendingIntentRecord{8fe6bd1 com.android.bluetooth broadcastIntent}}) : type=2 triggerAtTime=670861694 win=0 tElapsed=670861694 maxElapsed=670861694 interval=0 flags=0x9
06-21 11:45:55.288 23465 23465 I logs    : DiscoverPeripheral: null
06-21 11:45:55.290 23465 23465 W unknown:React: Calling JS function after bridge has been destroyed.
06-21 11:45:56.279  2275  4966 V AlarmManager: set(PendingIntent{5b1660e: PendingIntentRecord{8fe6bd1 com.android.bluetooth broadcastIntent}}) : type=2 triggerAtTime=670862706 win=0 tElapsed=670862706 maxElapsed=670862706 interval=0 flags=0x9
06-21 11:45:56.303 23465 23465 I logs    : DiscoverPeripheral: null
06-21 11:45:56.306 23465 23465 W unknown:React: Calling JS function after bridge has been destroyed.
06-21 11:45:57.299  2275  5116 V AlarmManager: set(PendingIntent{674e82f: PendingIntentRecord{8fe6bd1 com.android.bluetooth broadcastIntent}}) : type=2 triggerAtTime=670863725 win=0 tElapsed=670863725 maxElapsed=670863725 interval=0 flags=0x9
06-21 11:45:57.335 23465 23465 I logs    : DiscoverPeripheral: null
06-21 11:45:57.338 23465 23465 W unknown:React: Calling JS function after bridge has been destroyed.
06-21 11:45:57.479   360   360 I chatty  : uid=1000(system) /system/vendor/bin/RIDLClient.exe expire 12 lines
06-21 11:45:58.298  2275  2287 V AlarmManager: set(PendingIntent{1df5e3c: PendingIntentRecord{8fe6bd1 com.android.bluetooth broadcastIntent}}) : type=2 triggerAtTime=670864725 win=0 tElapsed=670864725 maxElapsed=670864725 interval=0 flags=0x9
06-21 11:45:58.331 23465 23465 I logs    : DiscoverPeripheral: null
06-21 11:45:58.335 23465 23465 W unknown:React: Calling JS function after bridge has been destroyed.
06-21 11:45:59.003 23465 23576 D logs    : Read: 302E333030303B302E39303030 from peripheral: B8:27:EB:EF:2D:22
06-21 11:45:59.004 23465 23576 W unknown:React: Calling JS function after bridge has been destroyed.
06-21 11:45:59.308  2275  4962 V AlarmManager: set(PendingIntent{93997c5: PendingIntentRecord{8fe6bd1 com.android.bluetooth broadcastIntent}}) : type=2 triggerAtTime=670865735 win=0 tElapsed=670865735 maxElapsed=670865735 interval=0 flags=0x9
06-21 11:45:59.340 23465 23465 I logs    : DiscoverPeripheral: null
06-21 11:45:59.342 23465 23465 W unknown:React: Calling JS function after bridge has been destroyed.
06-21 11:46:00.000  2275  3979 V AlarmManager: Triggering alarm #0: Alarm{121d51a type 3 when 670863428 android}operation =Intent { act=android.intent.action.TIME_TICK flg=0x50000000 }
06-21 11:46:00.002  2275  2275 V AlarmManager: set(PendingIntent{619a6fb: PendingIntentRecord{aeec318 android broadcastIntent}}) : type=3 triggerAtTime=670923429 win=0 tElapsed=670923429 maxElapsed=670923429 interval=0 flags=0x1
06-21 11:46:00.317  2275  4168 V AlarmManager: set(PendingIntent{671d84b: PendingIntentRecord{8fe6bd1 com.android.bluetooth broadcastIntent}}) : type=2 triggerAtTime=670866744 win=0 tElapsed=670866744 maxElapsed=670866744 interval=0 flags=0x9
06-21 11:46:00.354 23465 23465 I logs    : DiscoverPeripheral: null
06-21 11:46:00.355 23465 23465 W unknown:React: Calling JS function after bridge has been destroyed.
06-21 11:46:01.328  2275  4017 V AlarmManager: set(PendingIntent{3622228: PendingIntentRecord{8fe6bd1 com.android.bluetooth broadcastIntent}}) : type=2 triggerAtTime=670867755 win=0 tElapsed=670867755 maxElapsed=670867755 interval=0 flags=0x9
06-21 11:46:01.366 23465 23465 I logs    : DiscoverPeripheral: null
06-21 11:46:01.368 23465 23465 W unknown:React: Calling JS function after bridge has been destroyed.
06-21 11:46:01.518  2275  5428 V AlarmManager: set(PendingIntent{a20eb41: PendingIntentRecord{874cb1e com.jaredco.regrann startService}}) : type=3 triggerAtTime=670984945 win=89999 tElapsed=670984945 maxElapsed=671074944 interval=0 flags=0x0
06-21 11:46:02.335  2275  2287 V AlarmManager: set(PendingIntent{cf828e6: PendingIntentRecord{8fe6bd1 com.android.bluetooth broadcastIntent}}) : type=2 triggerAtTime=670868763 win=0 tElapsed=670868763 maxElapsed=670868763 interval=0 flags=0x9
06-21 11:46:02.363 23465 23465 I logs    : DiscoverPeripheral: null
06-21 11:46:02.365 23465 23465 W unknown:React: Calling JS function after bridge has been destroyed.
06-21 11:46:03.346  2275  5352 V AlarmManager: set(PendingIntent{a03ae27: PendingIntentRecord{8fe6bd1 com.android.bluetooth broadcastIntent}}) : type=2 triggerAtTime=670869773 win=0 tElapsed=670869773 maxElapsed=670869773 interval=0 flags=0x9
06-21 11:46:03.380 23465 23465 I logs    : DiscoverPeripheral: null
06-21 11:46:03.384 23465 23465 W unknown:React: Calling JS function after bridge has been destroyed.
06-21 11:46:03.648  4120  4120 I chatty  : uid=1010(wifi) /system/bin/wpa_supplicant expire 10 lines
06-21 11:46:05.358  2275  5334 V AlarmManager: set(PendingIntent{bcb38d4: PendingIntentRecord{8fe6bd1 com.android.bluetooth broadcastIntent}}) : type=2 triggerAtTime=670871785 win=0 tElapsed=670871785 maxElapsed=670871785 interval=0 flags=0x9
06-21 11:46:05.386 23465 23465 I logs    : DiscoverPeripheral: null
06-21 11:46:05.390 23465 23465 W unknown:React: Calling JS function after bridge has been destroyed.
06-21 11:46:05.752 27861 27899 D com.facebook.a.a: Got unexpected exception: java.io.WriteAbortedException: Read an exception; java.io.NotSerializableException: org.json.JSONObject
06-21 11:46:08.357  2275  3979 V AlarmManager: Triggering alarm #0: Alarm{8cffa7d type 2 when 670871785 com.android.bluetooth}operation =Intent { act=com.android.bluetooth.btservice.action.ALARM_WAKEUP }
06-21 11:46:08.362  2275  4961 V AlarmManager: set(PendingIntent{88ded72: PendingIntentRecord{af305c3 com.android.bluetooth broadcastIntent}}) : type=2 triggerAtTime=671592376 win=0 tElapsed=671592376 maxElapsed=671592376 interval=0 flags=0x9
06-21 11:46:08.999 23465 23576 D logs    : Read: 302E333030303B302E38393030 from peripheral: B8:27:EB:EF:2D:22
06-21 11:46:09.000 23465 23576 W unknown:React: Calling JS function after bridge has been destroyed.
06-21 11:46:12.355  2275  5058 V AlarmManager: set(PendingIntent{d0d0e40: PendingIntentRecord{874cb1e com.jaredco.regrann startService}}) : type=3 triggerAtTime=670995782 win=89999 tElapsed=670995782 maxElapsed=671085781 interval=0 flags=0x0
06-21 11:46:12.359  2275  2287 V AlarmManager: set(PendingIntent{e66c179: PendingIntentRecord{874cb1e com.jaredco.regrann startService}}) : type=3 triggerAtTime=670995787 win=89999 tElapsed=670995787 maxElapsed=671085786 interval=0 flags=0x0
06-21 11:46:12.829   332  2370 E NetlinkEvent: NetlinkEvent::FindParam(): Parameter 'TIME_NS' not found
06-21 11:46:12.829   332  2370 E NetlinkEvent: NetlinkEvent::FindParam(): Parameter 'UID' not found
06-21 11:46:13.422  5476  5663 I chatty  : uid=1002(bluetooth) BT Service Call expire 10 lines
06-21 11:46:13.423  2275  5397 V AlarmManager: set(PendingIntent{d496ebe: PendingIntentRecord{af305c3 com.android.bluetooth broadcastIntent}}) : type=2 triggerAtTime=670879850 win=0 tElapsed=670879850 maxElapsed=670879850 interval=0 flags=0x9
06-21 11:46:13.453 23465 23465 I logs    : DiscoverPeripheral: EST
06-21 11:46:13.457 23465 23465 W unknown:React: Calling JS function after bridge has been destroyed.
06-21 11:46:14.227   332  2370 E NetlinkEvent: NetlinkEvent::FindParam(): Parameter 'TIME_NS' not found
06-21 11:46:14.227   332  2370 E NetlinkEvent: NetlinkEvent::FindParam(): Parameter 'UID' not found
06-21 11:46:15.335  2275  5058 V AlarmManager: set(PendingIntent{cf63b1f: PendingIntentRecord{af305c3 com.android.bluetooth broadcastIntent}}) : type=2 triggerAtTime=670881761 win=0 tElapsed=670881761 maxElapsed=670881761 interval=0 flags=0x9
06-21 11:46:15.362 23465 23465 I logs    : DiscoverPeripheral: EST
06-21 11:46:15.366 23465 23465 W unknown:React: Calling JS function after bridge has been destroyed.
06-21 11:46:16.295  2275  4674 V AlarmManager: set(PendingIntent{3d4ce6c: PendingIntentRecord{af305c3 com.android.bluetooth broadcastIntent}}) : type=2 triggerAtTime=670882721 win=0 tElapsed=670882721 maxElapsed=670882721 interval=0 flags=0x9
06-21 11:46:16.322 23465 23465 I logs    : DiscoverPeripheral: EST
06-21 11:46:16.331 23465 23465 W unknown:React: Calling JS function after bridge has been destroyed.
06-21 11:46:18.692  4120  4120 I chatty  : uid=1010(wifi) /system/bin/wpa_supplicant expire 10 lines
06-21 11:46:18.982 23465 23576 D logs    : Read: 302E333030303B302E37393030 from peripheral: B8:27:EB:EF:2D:22
06-21 11:46:18.982 23465 23576 W unknown:React: Calling JS function after bridge has been destroyed.
06-21 11:46:19.003  2275  5116 V AlarmManager: set(PendingIntent{c08fc35: PendingIntentRecord{874cb1e com.jaredco.regrann startService}}) : type=3 triggerAtTime=671002431 win=90000 tElapsed=671002431 maxElapsed=671092431 interval=0 flags=0x0
06-21 11:46:19.293  2275  3979 V AlarmManager: Triggering alarm #0: Alarm{2a9b8ca type 2 when 670882721 com.android.bluetooth}operation =Intent { act=com.android.bluetooth.btservice.action.ALARM_WAKEUP }
06-21 11:46:19.295  5476  5476 I chatty  : uid=1002(bluetooth) com.android.bluetooth expire 10 lines
06-21 11:46:19.299  2275  4943 V AlarmManager: set(PendingIntent{ecd6a3b: PendingIntentRecord{8766558 com.android.bluetooth broadcastIntent}}) : type=2 triggerAtTime=671592377 win=0 tElapsed=671592377 maxElapsed=671592377 interval=0 flags=0x9
06-21 11:46:20.772 27861 27899 D com.facebook.a.a: Got unexpected exception: java.io.WriteAbortedException: Read an exception; java.io.NotSerializableException: org.json.JSONObject
06-21 11:46:22.382  2275  5334 V AlarmManager: set(PendingIntent{75a26b1: PendingIntentRecord{874cb1e com.jaredco.regrann startService}}) : type=3 triggerAtTime=671005807 win=89997 tElapsed=671005807 maxElapsed=671095804 interval=0 flags=0x0
06-21 11:46:22.388  2275  4674 V AlarmManager: set(PendingIntent{7129796: PendingIntentRecord{874cb1e com.jaredco.regrann startService}}) : type=3 triggerAtTime=671005815 win=89999 tElapsed=671005815 maxElapsed=671095814 interval=0 flags=0x0
06-21 11:46:24.852  2275  5352 V AlarmManager: set(PendingIntent{11e6f17: PendingIntentRecord{874cb1e com.jaredco.regrann startService}}) : type=3 triggerAtTime=671008280 win=90000 tElapsed=671008280 maxElapsed=671098280 interval=0 flags=0x0
06-21 11:46:27.508   360   360 I chatty  : uid=1000(system) /system/vendor/bin/RIDLClient.exe expire 12 lines
06-21 11:46:28.972 23465 20105 D logs    : Read: 302E333030303B302E35303030 from peripheral: B8:27:EB:EF:2D:22
06-21 11:46:28.972 23465 20105 W unknown:React: Calling JS function after bridge has been destroyed.
06-21 11:46:30.102  5344  3561 I GCoreUlr: Starting scheduled upload task
06-21 11:46:30.125  5344  3561 I GCoreUlr: Starting service, intent=Intent { act=com.google.android.location.reporting.UPLOAD cmp=com.google.android.gms/com.google.android.location.reporting.service.DispatchingService }, extras=null
06-21 11:46:30.484  2275  3979 V AlarmManager: Triggering alarm #0: Alarm{2987f04 type 2 when 670893913 com.facebook.pages.app}operation =Intent { act=com.facebook.common.executors.WakingExecutorService.ACTION_ALARM.com.facebook.pages.app pkg=com.facebook.pages.app }
06-21 11:46:30.521  2275  4943 V AlarmManager: set(PendingIntent{f10e5b3: PendingIntentRecord{848deae com.facebook.pages.app broadcastIntent}}) : type=2 triggerAtTime=678093936 win=0 tElapsed=678093936 maxElapsed=678093936 interval=0 flags=0x1
06-21 11:46:30.797  5344 31128 I GCoreUlr: LocationReporter sending 35 locations, 0 activities, and 17 metadata for account account#10# request #0; requests: []
06-21 11:46:30.983  2275  3979 V AlarmManager: Triggering alarm #0: Alarm{ab90cd2 type 2 when 670894411 com.google.android.gms}operation =Intent { act=CONTEXT_MANAGER_ALARM_WAKEUP_73534 (has extras) }
06-21 11:46:31.014  2275  4961 V AlarmManager: set(PendingIntent{f1ea1a3: PendingIntentRecord{c5caca0 com.google.android.gms broadcastIntent}}) : type=2 triggerAtTime=674494441 win=0 tElapsed=674494441 maxElapsed=674494441 interval=0 flags=0x1
06-21 11:46:31.258  5344 31128 I GCoreUlr: Batch Location Update succeeded for account account#10#
06-21 11:46:31.910  2275  5334 V AlarmManager: set(PendingIntent{3ce7059: PendingIntentRecord{874cb1e com.jaredco.regrann startService}}) : type=3 triggerAtTime=671015338 win=90000 tElapsed=671015338 maxElapsed=671105338 interval=0 flags=0x0
06-21 11:46:31.913  2275  4168 V AlarmManager: set(PendingIntent{2f7241e: PendingIntentRecord{874cb1e com.jaredco.regrann startService}}) : type=3 triggerAtTime=671015341 win=90000 tElapsed=671015341 maxElapsed=671105341 interval=0 flags=0x0
06-21 11:46:31.921  2275  4017 V AlarmManager: set(PendingIntent{d6fb4ff: PendingIntentRecord{874cb1e com.jaredco.regrann startService}}) : type=3 triggerAtTime=671015348 win=89999 tElapsed=671015348 maxElapsed=671105347 interval=0 flags=0x0
06-21 11:46:33.743  4120  4120 I chatty  : uid=1010(wifi) /system/bin/wpa_supplicant expire 20 lines
06-21 11:46:35.753 27861 27899 D com.facebook.a.a: Got unexpected exception: java.io.WriteAbortedException: Read an exception; java.io.NotSerializableException: org.json.JSONObject
06-21 11:46:37.288  2275  5397 V AlarmManager: set(PendingIntent{deff2cc: PendingIntentRecord{8766558 com.android.bluetooth broadcastIntent}}) : type=2 triggerAtTime=670903716 win=0 tElapsed=670903716 maxElapsed=670903716 interval=0 flags=0x9
06-21 11:46:37.321 23465 23465 I logs    : DiscoverPeripheral: EST
06-21 11:46:37.323 23465 23465 W unknown:React: Calling JS function after bridge has been destroyed.
06-21 11:46:39.031 23465  9364 D logs    : Read: 302E333030303B302E35343030 from peripheral: B8:27:EB:EF:2D:22
06-21 11:46:39.033 23465  9364 W unknown:React: Calling JS function after bridge has been destroyed.
06-21 11:46:40.288  2275  3979 V AlarmManager: Triggering alarm #0: Alarm{ecb915 type 2 when 670903716 com.android.bluetooth}operation =Intent { act=com.android.bluetooth.btservice.action.ALARM_WAKEUP }
06-21 11:46:40.297  5476  5617 I chatty  : uid=1002(bluetooth) bluedroid wake/ expire 10 lines
06-21 11:46:40.317  2275  5058 V AlarmManager: set(PendingIntent{6d642a: PendingIntentRecord{594a21b com.android.bluetooth broadcastIntent}}) : type=2 triggerAtTime=671592377 win=0 tElapsed=671592377 maxElapsed=671592377 interval=0 flags=0x9
06-21 11:46:41.460  2275  2287 V AlarmManager: set(PendingIntent{58f6fb8: PendingIntentRecord{874cb1e com.jaredco.regrann startService}}) : type=3 triggerAtTime=671024888 win=90000 tElapsed=671024888 maxElapsed=671114888 interval=0 flags=0x0
06-21 11:46:43.569  2275  5397 V AlarmManager: set(PendingIntent{26cd191: PendingIntentRecord{874cb1e com.jaredco.regrann startService}}) : type=3 triggerAtTime=671026996 win=89999 tElapsed=671026996 maxElapsed=671116995 interval=0 flags=0x0
06-21 11:46:44.716  2275  4961 V AlarmManager: set(PendingIntent{75598f6: PendingIntentRecord{5980bab com.google.android.gms broadcastIntent}}) : type=2 triggerAtTime=672648143 win=0 tElapsed=672648143 maxElapsed=672648143 interval=0 flags=0x5
06-21 11:46:44.774  2275  2275 V NotificationService: pkg=fi.haltu.huoleti canInterrupt=false intercept=true
06-21 11:46:49.020 23465 23476 D logs    : Read: 302E333030303B302E36303030 from peripheral: B8:27:EB:EF:2D:22
06-21 11:46:49.021 23465 23476 W unknown:React: Calling JS function after bridge has been destroyed.
06-21 11:46:49.276  2275  2287 V AlarmManager: set(PendingIntent{2fbf5cd: PendingIntentRecord{594a21b com.android.bluetooth broadcastIntent}}) : type=2 triggerAtTime=670915700 win=0 tElapsed=670915700 maxElapsed=670915700 interval=0 flags=0x9
06-21 11:46:49.294 23465 23465 I logs    : DiscoverPeripheral: null
06-21 11:46:49.296 23465 23465 W unknown:React: Calling JS function after bridge has been destroyed.
06-21 11:46:50.280  2275  4961 V AlarmManager: set(PendingIntent{3ba4e82: PendingIntentRecord{594a21b com.android.bluetooth broadcastIntent}}) : type=2 triggerAtTime=670916707 win=0 tElapsed=670916707 maxElapsed=670916707 interval=0 flags=0x9
06-21 11:46:50.307 23465 23465 I logs    : DiscoverPeripheral: null
06-21 11:46:50.309 23465 23465 W unknown:React: Calling JS function after bridge has been destroyed.
06-21 11:46:50.768 27861 27899 D com.facebook.a.a: Got unexpected exception: java.io.WriteAbortedException: Read an exception; java.io.NotSerializableException: org.json.JSONObject
06-21 11:46:51.289  2275  4962 V AlarmManager: set(PendingIntent{4cb3993: PendingIntentRecord{594a21b com.android.bluetooth broadcastIntent}}) : type=2 triggerAtTime=670917716 win=0 tElapsed=670917716 maxElapsed=670917716 interval=0 flags=0x9
06-21 11:46:51.319 23465 23465 I logs    : DiscoverPeripheral: null
06-21 11:46:51.321 23465 23465 W unknown:React: Calling JS function after bridge has been destroyed.
06-21 11:46:51.590  2275  4966 V AlarmManager: set(PendingIntent{c47dd0: PendingIntentRecord{874cb1e com.jaredco.regrann startService}}) : type=3 triggerAtTime=671035018 win=90000 tElapsed=671035018 maxElapsed=671125018 interval=0 flags=0x0
06-21 11:46:52.303  2275  4917 V AlarmManager: set(PendingIntent{df21c9: PendingIntentRecord{594a21b com.android.bluetooth broadcastIntent}}) : type=2 triggerAtTime=670918730 win=0 tElapsed=670918730 maxElapsed=670918730 interval=0 flags=0x9
06-21 11:46:52.333 23465 23465 I logs    : DiscoverPeripheral: null
06-21 11:46:52.337 23465 23465 W unknown:React: Calling JS function after bridge has been destroyed.
06-21 11:46:53.312  2275  4017 V AlarmManager: set(PendingIntent{5c2d0ce: PendingIntentRecord{594a21b com.android.bluetooth broadcastIntent}}) : type=2 triggerAtTime=670919740 win=0 tElapsed=670919740 maxElapsed=670919740 interval=0 flags=0x9
06-21 11:46:53.344 23465 23465 I logs    : DiscoverPeripheral: null
06-21 11:46:53.346 23465 23465 W unknown:React: Calling JS function after bridge has been destroyed.
06-21 11:46:53.931  2275  5058 V AlarmManager: set(PendingIntent{ce5dbef: PendingIntentRecord{874cb1e com.jaredco.regrann startService}}) : type=3 triggerAtTime=671037359 win=90000 tElapsed=671037359 maxElapsed=671127359 interval=0 flags=0x0
06-21 11:46:53.936  2275  2287 V AlarmManager: set(PendingIntent{bba6fc: PendingIntentRecord{874cb1e com.jaredco.regrann startService}}) : type=3 triggerAtTime=671037363 win=89999 tElapsed=671037363 maxElapsed=671127362 interval=0 flags=0x0
06-21 11:46:54.331  2275  4943 V AlarmManager: set(PendingIntent{faf1185: PendingIntentRecord{594a21b com.android.bluetooth broadcastIntent}}) : type=2 triggerAtTime=670920758 win=0 tElapsed=670920758 maxElapsed=670920758 interval=0 flags=0x9
06-21 11:46:54.358 23465 23465 I logs    : DiscoverPeripheral: null
06-21 11:46:54.362 23465 23465 W unknown:React: Calling JS function after bridge has been destroyed.
06-21 11:46:55.338  5476  5663 I chatty  : uid=1002(bluetooth) BT Service Call expire 10 lines
06-21 11:46:55.339  2275  2287 V AlarmManager: set(PendingIntent{6bf2bda: PendingIntentRecord{594a21b com.android.bluetooth broadcastIntent}}) : type=2 triggerAtTime=670921766 win=0 tElapsed=670921766 maxElapsed=670921766 interval=0 flags=0x9
06-21 11:46:55.371 23465 23465 I logs    : DiscoverPeripheral: null
06-21 11:46:55.375 23465 23465 W unknown:React: Calling JS function after bridge has been destroyed.
06-21 11:46:56.350  2275  4961 V AlarmManager: set(PendingIntent{35e480b: PendingIntentRecord{594a21b com.android.bluetooth broadcastIntent}}) : type=2 triggerAtTime=670922776 win=0 tElapsed=670922776 maxElapsed=670922776 interval=0 flags=0x9
06-21 11:46:56.384 23465 23465 I logs    : DiscoverPeripheral: null
06-21 11:46:56.388 23465 23465 W unknown:React: Calling JS function after bridge has been destroyed.
06-21 11:46:57.356  2275  4962 V AlarmManager: set(PendingIntent{c9a36e8: PendingIntentRecord{594a21b com.android.bluetooth broadcastIntent}}) : type=2 triggerAtTime=670923782 win=0 tElapsed=670923782 maxElapsed=670923782 interval=0 flags=0x9
06-21 11:46:57.382 23465 23465 I logs    : DiscoverPeripheral: EST
06-21 11:46:57.386 23465 23465 W unknown:React: Calling JS function after bridge has been destroyed.
06-21 11:46:57.529   360   360 I chatty  : uid=1000(system) /system/vendor/bin/RIDLClient.exe expire 14 lines
06-21 11:46:58.279  2275  3979 V AlarmManager: Triggering alarm #0: Alarm{9d44101 type 3 when 670921707 com.google.android.gms}operation =Intent { act=com.google.android.gms.location.fused.SEND_LOCATION_IN_STATIONARY_MODE_ALARM_ALARM_677 pkg=com.google.android.gms }
06-21 11:46:58.305  2275  4966 V AlarmManager: set(PendingIntent{dc2ec3d: PendingIntentRecord{594a21b com.android.bluetooth broadcastIntent}}) : type=2 triggerAtTime=670924731 win=0 tElapsed=670924731 maxElapsed=670924731 interval=0 flags=0x9
06-21 11:46:58.306  2275  4917 V AlarmManager: set(PendingIntent{4275c32: PendingIntentRecord{99caa10 com.google.android.gms broadcastIntent}}) : type=3 triggerAtTime=671041731 win=0 tElapsed=671041731 maxElapsed=671041731 interval=0 flags=0x1
06-21 11:46:58.330  5344 12803 W ctxmgr  : [AclManager]No 2 for (accnt=account#-785086692#, com.google.android.gms(10010):UserLocationProducer, vrsn=11055000, 0, 3pPkg = null ,  3pMdlId = null ,  pid = 5344). Was: 2 for 1, account#-785086692#
06-21 11:46:58.334  5344 12803 W ctxmgr  : [AclManager]No 2 for (accnt=account#1345894916#, com.google.android.gms(10010):UserLocationProducer, vrsn=11055000, 0, 3pPkg = null ,  3pMdlId = null ,  pid = 5344). Was: 2 for 1, account#1345894916#
06-21 11:46:58.347 23465 23465 I logs    : DiscoverPeripheral: EST
06-21 11:46:58.349 23465 23465 W unknown:React: Calling JS function after bridge has been destroyed.
06-21 11:46:58.374  5344  3561 I GCoreUlr: Successfully inserted 1 locations
06-21 11:46:59.010 23465  9364 D logs    : Read: 302E333030303B302E36393030 from peripheral: B8:27:EB:EF:2D:22
06-21 11:46:59.011 23465  9364 W unknown:React: Calling JS function after bridge has been destroyed.
06-21 11:47:00.001  2275  3979 V AlarmManager: Triggering alarm #0: Alarm{db4c72c type 3 when 670923429 android}operation =Intent { act=android.intent.action.TIME_TICK flg=0x50000000 }
06-21 11:47:00.002  2275  2275 V AlarmManager: set(PendingIntent{619a6fb: PendingIntentRecord{aeec318 android broadcastIntent}}) : type=3 triggerAtTime=670983428 win=0 tElapsed=670983428 maxElapsed=670983428 interval=0 flags=0x1
06-21 11:47:01.303  2275  3979 V AlarmManager: Triggering alarm #0: Alarm{2b065f5 type 2 when 670924731 com.android.bluetooth}operation =Intent { act=com.android.bluetooth.btservice.action.ALARM_WAKEUP }
06-21 11:47:01.315  2275  5428 V AlarmManager: set(PendingIntent{4aa3f8a: PendingIntentRecord{a9549fb com.android.bluetooth broadcastIntent}}) : type=2 triggerAtTime=671592377 win=0 tElapsed=671592377 maxElapsed=671592377 interval=0 flags=0x9
06-21 11:47:01.547  2275  5352 V AlarmManager: set(PendingIntent{13d2a18: PendingIntentRecord{874cb1e com.jaredco.regrann startService}}) : type=3 triggerAtTime=671044975 win=90000 tElapsed=671044975 maxElapsed=671134975 interval=0 flags=0x0
06-21 11:47:03.853  4120  4120 I chatty  : uid=1010(wifi) /system/bin/wpa_supplicant expire 21 lines
06-21 11:47:05.766 27861 27899 D com.facebook.a.a: Got unexpected exception: java.io.WriteAbortedException: Read an exception; java.io.NotSerializableException: org.json.JSONObject
06-21 11:47:08.456  2275  4917 V AlarmManager: set(PendingIntent{6e6c71: PendingIntentRecord{a9549fb com.android.bluetooth broadcastIntent}}) : type=2 triggerAtTime=670934883 win=0 tElapsed=670934883 maxElapsed=670934883 interval=0 flags=0x9
06-21 11:47:08.483 23465 23465 I logs    : DiscoverPeripheral: null
06-21 11:47:08.485 23465 23465 W unknown:React: Calling JS function after bridge has been destroyed.
06-21 11:47:08.999  5476  6200 I chatty  : uid=1002(bluetooth) bluedroid wake/ expire 10 lines
06-21 11:47:09.000 23465 20105 D logs    : Read: 302E333030303B302E37303030 from peripheral: B8:27:EB:EF:2D:22
06-21 11:47:09.006 23465 20105 W unknown:React: Calling JS function after bridge has been destroyed.
06-21 11:47:11.456  2275  3979 V AlarmManager: Triggering alarm #0: Alarm{474ca56 type 2 when 670934883 com.android.bluetooth}operation =Intent { act=com.android.bluetooth.btservice.action.ALARM_WAKEUP }
06-21 11:47:11.461  2275  5428 V AlarmManager: set(PendingIntent{fe48ad7: PendingIntentRecord{fe6cfc4 com.android.bluetooth broadcastIntent}}) : type=2 triggerAtTime=671592375 win=0 tElapsed=671592375 maxElapsed=671592375 interval=0 flags=0x9
06-21 11:47:12.400  2275  5352 V AlarmManager: set(PendingIntent{e2c5ead: PendingIntentRecord{874cb1e com.jaredco.regrann startService}}) : type=3 triggerAtTime=671055828 win=90000 tElapsed=671055828 maxElapsed=671145828 interval=0 flags=0x0
06-21 11:47:12.403  2275  4961 V AlarmManager: set(PendingIntent{48b35e2: PendingIntentRecord{874cb1e com.jaredco.regrann startService}}) : type=3 triggerAtTime=671055830 win=89999 tElapsed=671055830 maxElapsed=671145829 interval=0 flags=0x0
06-21 11:47:18.990 23465 23476 D logs    : Read: 302E333030303B312E30373030 from peripheral: B8:27:EB:EF:2D:22
06-21 11:47:18.992 23465 23476 W unknown:React: Calling JS function after bridge has been destroyed.
06-21 11:47:19.041  2275  4917 V AlarmManager: set(PendingIntent{87cfd73: PendingIntentRecord{874cb1e com.jaredco.regrann startService}}) : type=3 triggerAtTime=671062469 win=89999 tElapsed=671062469 maxElapsed=671152468 interval=0 flags=0x0
06-21 11:47:19.311  2275  4017 V AlarmManager: set(PendingIntent{c632430: PendingIntentRecord{fe6cfc4 com.android.bluetooth broadcastIntent}}) : type=2 triggerAtTime=670945739 win=0 tElapsed=670945739 maxElapsed=670945739 interval=0 flags=0x9
06-21 11:47:19.339 23465 23465 I logs    : DiscoverPeripheral: EST
06-21 11:47:19.342 23465 23465 W unknown:React: Calling JS function after bridge has been destroyed.
06-21 11:47:20.268  2275  4943 V AlarmManager: set(PendingIntent{85d38a9: PendingIntentRecord{fe6cfc4 com.android.bluetooth broadcastIntent}}) : type=2 triggerAtTime=670946694 win=0 tElapsed=670946694 maxElapsed=670946694 interval=0 flags=0x9
06-21 11:47:20.302 23465 23465 I logs    : DiscoverPeripheral: EST
06-21 11:47:20.305 23465 23465 W unknown:React: Calling JS function after bridge has been destroyed.
06-21 11:47:20.724 27861 27899 D com.facebook.a.a: Got unexpected exception: java.io.WriteAbortedException: Read an exception; java.io.NotSerializableException: org.json.JSONObject
06-21 11:47:22.409  2275  5116 V AlarmManager: set(PendingIntent{2aace2e: PendingIntentRecord{874cb1e com.jaredco.regrann startService}}) : type=3 triggerAtTime=671065836 win=89999 tElapsed=671065836 maxElapsed=671155835 interval=0 flags=0x0
06-21 11:47:22.414  2275  2287 V AlarmManager: set(PendingIntent{31ffdcf: PendingIntentRecord{874cb1e com.jaredco.regrann startService}}) : type=3 triggerAtTime=671065842 win=90000 tElapsed=671065842 maxElapsed=671155842 interval=0 flags=0x0
06-21 11:47:23.267  2275  3979 V AlarmManager: Triggering alarm #0: Alarm{10e535c type 2 when 670946694 com.android.bluetooth}operation =Intent { act=com.android.bluetooth.btservice.action.ALARM_WAKEUP }
06-21 11:47:23.277  2275  4674 V AlarmManager: set(PendingIntent{5a7b665: PendingIntentRecord{9199f3a com.android.bluetooth broadcastIntent}}) : type=2 triggerAtTime=671592376 win=0 tElapsed=671592376 maxElapsed=671592376 interval=0 flags=0x9
06-21 11:47:24.892  2275  4943 V AlarmManager: set(PendingIntent{f48a7eb: PendingIntentRecord{874cb1e com.jaredco.regrann startService}}) : type=3 triggerAtTime=671068319 win=89999 tElapsed=671068319 maxElapsed=671158318 interval=0 flags=0x0
06-21 11:47:28.980 23465 23477 D logs    : Read: 302E333230303B312E31303030 from peripheral: B8:27:EB:EF:2D:22
06-21 11:47:28.981 23465 23477 W unknown:React: Calling JS function after bridge has been destroyed.
06-21 11:47:31.951  2275  4961 V AlarmManager: set(PendingIntent{fdb4948: PendingIntentRecord{874cb1e com.jaredco.regrann startService}}) : type=3 triggerAtTime=671075379 win=90000 tElapsed=671075379 maxElapsed=671165379 interval=0 flags=0x0
06-21 11:47:31.956  2275  5334 V AlarmManager: set(PendingIntent{66253e1: PendingIntentRecord{874cb1e com.jaredco.regrann startService}}) : type=3 triggerAtTime=671075383 win=89999 tElapsed=671075383 maxElapsed=671165382 interval=0 flags=0x0
06-21 11:47:31.964  2275  2286 V AlarmManager: set(PendingIntent{e727506: PendingIntentRecord{874cb1e com.jaredco.regrann startService}}) : type=3 triggerAtTime=671075392 win=90000 tElapsed=671075392 maxElapsed=671165392 interval=0 flags=0x0
06-21 11:47:33.962  4120  4120 I chatty  : uid=1010(wifi) /system/bin/wpa_supplicant expire 10 lines
06-21 11:47:35.746 27861 27899 D com.facebook.a.a: Got unexpected exception: java.io.WriteAbortedException: Read an exception; java.io.NotSerializableException: org.json.JSONObject
06-21 11:47:36.529 32357  6806 I CastDatabase: Saving the database
06-21 11:47:36.530 32357  6806 I SQLiteCastStore: Saving 0 CastNetworkInfo instances, 0 CastDeviceInfo instances, 0 paired guest mode devices.
06-21 11:47:36.542 32357  6806 E SQLiteCastStore: End saving paired guest mode devices
06-21 11:47:37.559   360   360 I chatty  : uid=1000(system) /system/vendor/bin/RIDLClient.exe expire 10 lines
06-21 11:47:39.040 23465 23477 D logs    : Read: 302E333330303B312E30363030 from peripheral: B8:27:EB:EF:2D:22
06-21 11:47:39.042 23465 23477 W unknown:React: Calling JS function after bridge has been destroyed.
06-21 11:47:39.357  2275  5397 V AlarmManager: set(PendingIntent{f07d7c7: PendingIntentRecord{9199f3a com.android.bluetooth broadcastIntent}}) : type=2 triggerAtTime=670965784 win=0 tElapsed=670965784 maxElapsed=670965784 interval=0 flags=0x9
06-21 11:47:39.392 23465 23465 I logs    : DiscoverPeripheral: EST
06-21 11:47:39.395 23465 23465 W unknown:React: Calling JS function after bridge has been destroyed.
06-21 11:47:40.831   332  2370 E NetlinkEvent: NetlinkEvent::FindParam(): Parameter 'TIME_NS' not found
06-21 11:47:40.831   332  2370 E NetlinkEvent: NetlinkEvent::FindParam(): Parameter 'UID' not found
06-21 11:47:41.481  2275  4961 V AlarmManager: set(PendingIntent{4ffb1f4: PendingIntentRecord{874cb1e com.jaredco.regrann startService}}) : type=3 triggerAtTime=671084909 win=90000 tElapsed=671084909 maxElapsed=671174909 interval=0 flags=0x0
06-21 11:47:42.269  2275  4917 V AlarmManager: set(PendingIntent{fcf4d1d: PendingIntentRecord{9199f3a com.android.bluetooth broadcastIntent}}) : type=2 triggerAtTime=670968696 win=0 tElapsed=670968696 maxElapsed=670968696 interval=0 flags=0x9
06-21 11:47:42.299 23465 23465 I logs    : DiscoverPeripheral: null
06-21 11:47:42.302 23465 23465 W unknown:React: Calling JS function after bridge has been destroyed.
06-21 11:47:43.276  2275  4674 V AlarmManager: set(PendingIntent{630db92: PendingIntentRecord{9199f3a com.android.bluetooth broadcastIntent}}) : type=2 triggerAtTime=670969703 win=0 tElapsed=670969703 maxElapsed=670969703 interval=0 flags=0x9
06-21 11:47:43.310 23465 23465 I logs    : DiscoverPeripheral: null
06-21 11:47:43.314 23465 23465 W unknown:React: Calling JS function after bridge has been destroyed.
06-21 11:47:43.614  2275  2286 V AlarmManager: set(PendingIntent{aa02963: PendingIntentRecord{874cb1e com.jaredco.regrann startService}}) : type=3 triggerAtTime=671087041 win=89999 tElapsed=671087041 maxElapsed=671177040 interval=0 flags=0x0
06-21 11:47:44.290  5476  5663 I chatty  : uid=1002(bluetooth) BT Service Call expire 10 lines
06-21 11:47:44.291  2275  5397 V AlarmManager: set(PendingIntent{85ff960: PendingIntentRecord{9199f3a com.android.bluetooth broadcastIntent}}) : type=2 triggerAtTime=670970718 win=0 tElapsed=670970718 maxElapsed=670970718 interval=0 flags=0x9
06-21 11:47:44.320 23465 23465 I logs    : DiscoverPeripheral: null
06-21 11:47:44.323 23465 23465 W unknown:React: Calling JS function after bridge has been destroyed.
06-21 11:47:44.361   332  2370 E NetlinkEvent: NetlinkEvent::FindParam(): Parameter 'TIME_NS' not found
06-21 11:47:44.361   332  2370 E NetlinkEvent: NetlinkEvent::FindParam(): Parameter 'UID' not found
06-21 11:47:45.309  2275  4966 V AlarmManager: set(PendingIntent{f189e19: PendingIntentRecord{9199f3a com.android.bluetooth broadcastIntent}}) : type=2 triggerAtTime=670971734 win=0 tElapsed=670971734 maxElapsed=670971734 interval=0 flags=0x9
06-21 11:47:45.337 23465 23465 I logs    : DiscoverPeripheral: null
06-21 11:47:45.341 23465 23465 W unknown:React: Calling JS function after bridge has been destroyed.
06-21 11:47:46.315  2275  5428 V AlarmManager: set(PendingIntent{dfd1ede: PendingIntentRecord{9199f3a com.android.bluetooth broadcastIntent}}) : type=2 triggerAtTime=670972741 win=0 tElapsed=670972741 maxElapsed=670972741 interval=0 flags=0x9
06-21 11:47:46.349 23465 23465 I logs    : DiscoverPeripheral: null
06-21 11:47:46.352 23465 23465 W unknown:React: Calling JS function after bridge has been destroyed.
06-21 11:47:47.324  2275  4917 V AlarmManager: set(PendingIntent{1e1f8bf: PendingIntentRecord{9199f3a com.android.bluetooth broadcastIntent}}) : type=2 triggerAtTime=670973750 win=0 tElapsed=670973750 maxElapsed=670973750 interval=0 flags=0x9
06-21 11:47:47.366 23465 23465 I logs    : DiscoverPeripheral: null
06-21 11:47:47.370 23465 23465 W unknown:React: Calling JS function after bridge has been destroyed.
06-21 11:47:48.333  2275  4674 V AlarmManager: set(PendingIntent{9bb4b8c: PendingIntentRecord{9199f3a com.android.bluetooth broadcastIntent}}) : type=2 triggerAtTime=670974760 win=0 tElapsed=670974760 maxElapsed=670974760 interval=0 flags=0x9
06-21 11:47:48.371 23465 23465 I logs    : DiscoverPeripheral: null
06-21 11:47:48.375 23465 23465 W unknown:React: Calling JS function after bridge has been destroyed.
06-21 11:47:49.016  4120  4120 I chatty  : uid=1010(wifi) /system/bin/wpa_supplicant expire 67 lines
