06-21 11:29:35.499  2275  2299 I chatty  : uid=1000(system) android.bg expire 1 line
06-21 11:29:42.709   332  2370 E NetlinkEvent: NetlinkEvent::FindParam(): Parameter 'TIME_NS' not found
06-21 11:29:42.709   332  2370 E NetlinkEvent: NetlinkEvent::FindParam(): Parameter 'UID' not found
06-21 11:29:43.864  2275  3979 I chatty  : uid=1000(system) AlarmManager expire 14 lines
06-21 11:29:43.877  2275  5397 I chatty  : uid=1000(system) Binder_F expire 5 lines
06-21 11:29:43.883   332  2370 E NetlinkEvent: NetlinkEvent::FindParam(): Parameter 'TIME_NS' not found
06-21 11:29:43.884   332  2370 E NetlinkEvent: NetlinkEvent::FindParam(): Parameter 'UID' not found
06-21 11:29:46.659   360   360 I chatty  : uid=1000(system) /system/vendor/bin/RIDLClient.exe expire 30 lines
06-21 11:29:47.357  2275  5058 I chatty  : uid=1000(system) Binder_B expire 6 lines
06-21 11:29:48.284  2275  5334 I chatty  : uid=1000(system) Binder_D expire 5 lines
06-21 11:29:52.926 32661 21503 I PlayCommon: [2068] com.google.android.play.a.g.e(220): Preparing logs for uploading
06-21 11:29:52.927 32661 21503 I PlayCommon: [2068] com.google.android.play.a.g.e(224): No file ready to send
06-21 11:29:53.382 23465 23465 I chatty  : uid=10246(com.bt2cloud) expire 54 lines
06-21 11:29:56.617  5344  3561 I GCoreUlr: Starting BLE scan: mode: 2
06-21 11:29:56.618  5344  5344 I BeaconBle: Client requested scan, settings=BleSettings [scanMode=LOW_LATENCY, callbackType=ALL_MATCHES, reportDelayMillis=0, 2 filters, 0 clients, callingClientName=ULR]
06-21 11:29:56.635  5344  5344 I BeaconBle: 'L' hardware scan: 6 filters, scanMode=2, reportdelay=0, callback type=1, #clients=2
06-21 11:29:56.637  5344  5344 I BeaconBle: Starting scan on OS scanner. BT state: 12
06-21 11:29:56.639  5344  5344 D BluetoothAdapter: STATE_ON
06-21 11:29:56.641  5344 16411 D BluetoothLeScanner: onClientRegistered() - status=0 clientIf=13
06-21 11:29:56.642  5476 16827 I chatty  : uid=1002(bluetooth) Binder_7 expire 7 lines
06-21 11:29:56.675  2275  4007 I chatty  : uid=1000(system) NetworkStats expire 4 lines
06-21 11:29:56.678 32357 24261 I EventLogChimeraService: Aggregate from 1498031956078 (log), 1498031956078 (data)
06-21 11:29:56.725  5035  5151 I chatty  : uid=1000(system) Binder_3 expire 1 line
06-21 11:29:56.732  2275  4008 I chatty  : uid=1000(system) NetworkPolicy expire 2 lines
06-21 11:29:57.030  5344 24280 I GoogleURLConnFactory: Using platform SSLCertificateSocketFactory
06-21 11:29:57.035  5344 24280 I GoogleURLConnFactory: Using platform SSLCertificateSocketFactory
06-21 11:29:57.412  5344  6402 W NearbyMessages: LocationProvider returns null
06-21 11:29:57.808 32357  6806 E Publisher: ProcessDatabaseInternal start
06-21 11:29:57.809 32357  6806 I CastMediaRouteProvider: onDevicesPublished with 0 devices
06-21 11:29:57.809 32357  6806 I CastMediaRouteProvider: Published 0 routes
06-21 11:29:57.849  5476  5663 I chatty  : uid=1002(bluetooth) BT Service Call expire 72 lines
06-21 11:29:57.864  5344  4531 I GCoreUlr: Successfully inserted 1 locations
06-21 11:29:57.866  5344 12803 W ctxmgr  : [AclManager]No 2 for (accnt=account#-785086692#, com.google.android.gms(10010):UserLocationProducer, vrsn=11055000, 0, 3pPkg = null ,  3pMdlId = null ,  pid = 5344). Was: 2 for 1, account#-785086692#
06-21 11:29:57.867  5344 12803 W ctxmgr  : [AclManager]No 2 for (accnt=account#1345894916#, com.google.android.gms(10010):UserLocationProducer, vrsn=11055000, 0, 3pPkg = null ,  3pMdlId = null ,  pid = 5344). Was: 2 for 1, account#1345894916#
06-21 11:29:58.168  2275  4017 I chatty  : uid=1000(system) Binder_3 expire 5 lines
06-21 11:29:58.659  5344  3561 I GCoreUlr: Starting BLE scan: mode: 3
06-21 11:29:58.659  5344  5344 I BeaconBle: Client requested scan, settings=BleSettings [scanMode=ZERO_POWER, callbackType=ALL_MATCHES, reportDelayMillis=0, 2 filters, 0 clients, callingClientName=ULR]
06-21 11:29:58.659  5344  3561 I GCoreUlr: BLE: collected 2 results
06-21 11:29:58.681  5344  5344 I BeaconBle: Stopping scan on delegate scanner. BT state: 12
06-21 11:29:58.682  5344  5344 D BluetoothAdapter: STATE_ON
06-21 11:29:58.683  5476  6120 I chatty  : uid=1002(bluetooth) BluetoothScanMa expire 10 lines
06-21 11:29:58.684  5476  5494 I chatty  : uid=1002(bluetooth) Binder_1 expire 1 line
06-21 11:29:58.686  5344  5344 I BeaconBle: Resetting - new scanner available: true
06-21 11:29:58.686  5344  5344 I BeaconBle: ZERO_POWER is disabled.
06-21 11:29:58.686  5344  5344 I BeaconBle: 'L' hardware scan: scan stopped, no powered clients
06-21 11:29:58.746  5476  6200 I chatty  : uid=1002(bluetooth) bluedroid wake/ expire 12 lines
06-21 11:29:59.069  5344  6428 D BluetoothAdapter: STATE_ON
06-21 11:29:59.069  5344  6428 D BluetoothLeScanner: could not find callback wrapper
06-21 11:29:59.076  5344  6428 I BeaconBle: Client requested scan, settings=BleSettings [scanMode=LOW_LATENCY, callbackType=ALL_MATCHES, reportDelayMillis=0, 6 filters, 1 clients, callingClientName=Nearby]
06-21 11:29:59.077  5344  6402 W NearbyMessages: LocationProvider returns null
06-21 11:29:59.091  5344  6428 I BeaconBle: 'L' hardware scan: 6 filters, scanMode=2, reportdelay=0, callback type=1, #clients=2
06-21 11:29:59.092  5344  6428 I BeaconBle: Starting scan on OS scanner. BT state: 12
06-21 11:29:59.093  5344  6428 D BluetoothAdapter: STATE_ON
06-21 11:29:59.095  5344  9631 D BluetoothLeScanner: onClientRegistered() - status=0 clientIf=13
06-21 11:29:59.103  5344  6428 D BluetoothAdapter: STATE_ON
06-21 11:29:59.103  5344  6428 D BluetoothLeScanner: could not find callback wrapper
06-21 11:29:59.832  5344 24280 W Conscrypt: Could not set socket write timeout:
06-21 11:29:59.833  5344 24280 W Conscrypt:    java.lang.reflect.Method.invoke(Native Method)
06-21 11:29:59.833  5344 24280 W Conscrypt:    wrp.a(:com.google.android.gms:58)
06-21 11:29:59.971  5344 24280 W Conscrypt: Could not set socket write timeout:
06-21 11:29:59.971  5344 24280 W Conscrypt:    java.lang.reflect.Method.invoke(Native Method)
06-21 11:29:59.971  5344 24280 W Conscrypt:    wrp.a(:com.google.android.gms:58)
06-21 11:30:00.339  4120  4120 I chatty  : uid=1010(wifi) /system/bin/wpa_supplicant expire 40 lines
06-21 11:30:00.358  5344 24280 I GoogleURLConnFactory: Using platform SSLCertificateSocketFactory
06-21 11:30:00.361  5344 24280 I GoogleURLConnFactory: Using platform SSLCertificateSocketFactory
06-21 11:30:05.073  5344  6428 D BluetoothAdapter: STATE_ON
06-21 11:30:05.073  5344  6428 D BluetoothLeScanner: could not find callback wrapper
06-21 11:30:05.077  5344  6428 I BeaconBle: Client requested scan, settings=BleSettings [scanMode=ZERO_POWER, callbackType=ALL_MATCHES, reportDelayMillis=0, 6 filters, 0 clients, callingClientName=Nearby]
06-21 11:30:05.102  5344  6428 I BeaconBle: Stopping scan on delegate scanner. BT state: 12
06-21 11:30:05.103  5344  6428 D BluetoothAdapter: STATE_ON
06-21 11:30:05.107  5344  6428 I BeaconBle: Resetting - new scanner available: true
06-21 11:30:05.107  5344  6428 I BeaconBle: ZERO_POWER is disabled.
06-21 11:30:05.107  5344  6428 I BeaconBle: 'L' hardware scan: scan stopped, no powered clients
06-21 11:30:05.488 32661 32741 I PlayCommon: [2055] com.google.android.play.a.g.e(220): Preparing logs for uploading
06-21 11:30:05.488 32661 32741 I PlayCommon: [2055] com.google.android.play.a.g.e(224): No file ready to send
06-21 11:30:08.738 23465 23477 I chatty  : uid=10246(com.bt2cloud) expire 10 lines
06-21 11:30:09.315 23465 23465 I chatty  : uid=10246(com.bt2cloud) expire 54 lines
06-21 11:30:18.727 23465 20105 I chatty  : uid=10246(com.bt2cloud) expire 12 lines
06-21 11:30:27.804  2275  4480 I chatty  : uid=1000(system) WifiMonitor expire 10 lines
06-21 11:30:28.718 23465 23576 I chatty  : uid=10246(com.bt2cloud) expire 10 lines
06-21 11:30:28.990   332  2370 E NetlinkEvent: NetlinkEvent::FindParam(): Parameter 'TIME_NS' not found
06-21 11:30:28.990   332  2370 E NetlinkEvent: NetlinkEvent::FindParam(): Parameter 'UID' not found
06-21 11:30:29.355  2275  5116 I chatty  : uid=1000(system) Binder_C expire 2 lines
06-21 11:30:31.290  2275  2287 I chatty  : uid=1000(system) Binder_2 expire 1 line
06-21 11:30:31.293  2275  4674 I chatty  : uid=1000(system) Binder_5 expire 1 line
06-21 11:30:31.296  2275  2286 I chatty  : uid=1000(system) Binder_1 expire 1 line
06-21 11:30:31.679   332  2370 E NetlinkEvent: NetlinkEvent::FindParam(): Parameter 'TIME_NS' not found
06-21 11:30:31.679   332  2370 E NetlinkEvent: NetlinkEvent::FindParam(): Parameter 'UID' not found
06-21 11:30:32.353  2275  3979 I chatty  : uid=1000(system) AlarmManager expire 2 lines
06-21 11:30:36.389  2275  4966 I chatty  : uid=1000(system) Binder_A expire 1 line
06-21 11:30:40.841  2275  4168 I chatty  : uid=1000(system) Binder_4 expire 1 line
06-21 11:30:46.297  2275  4961 I chatty  : uid=1000(system) Binder_8 expire 1 line
06-21 11:30:47.359  2275  5428 I chatty  : uid=1000(system) Binder_10 expire 11 lines
06-21 11:30:47.860 32661 32740 I PlayCommon: [2054] com.google.android.play.a.g.e(220): Preparing logs for uploading
06-21 11:30:47.861 32661 32740 I PlayCommon: [2054] com.google.android.play.a.g.e(224): No file ready to send
06-21 11:30:48.320  2275  5116 I chatty  : uid=1000(system) Binder_C expire 10 lines
06-21 11:30:49.280  2275  4674 I chatty  : uid=1000(system) Binder_5 expire 11 lines
06-21 11:30:50.929  2275  5058 I chatty  : uid=1000(system) Binder_B expire 10 lines
06-21 11:30:51.348  2275  5397 I chatty  : uid=1000(system) Binder_F expire 13 lines
06-21 11:30:53.311  2275  4966 I chatty  : uid=1000(system) Binder_A expire 10 lines
06-21 11:30:53.317  2275  5334 I chatty  : uid=1000(system) Binder_D expire 14 lines
06-21 11:30:54.347  2275  3979 I chatty  : uid=1000(system) AlarmManager expire 17 lines
06-21 11:30:56.292  2275  4168 I chatty  : uid=1000(system) Binder_4 expire 10 lines
06-21 11:30:56.709   360   360 I chatty  : uid=1000(system) /system/vendor/bin/RIDLClient.exe expire 26 lines
06-21 11:30:57.308  2275  2287 I chatty  : uid=1000(system) Binder_2 expire 9 lines
06-21 11:30:58.314  2275  4961 I chatty  : uid=1000(system) Binder_8 expire 13 lines
06-21 11:30:59.311  5476  5663 I chatty  : uid=1002(bluetooth) BT Service Call expire 32 lines
06-21 11:30:59.312  2275  4962 I chatty  : uid=1000(system) Binder_9 expire 12 lines
06-21 11:30:59.341 23465 23465 I chatty  : uid=10246(com.bt2cloud) expire 62 lines
06-21 11:31:00.001  2275  2275 I chatty  : uid=1000 system_server expire 9 lines
06-21 11:31:00.541  4120  4120 I chatty  : uid=1010(wifi) /system/bin/wpa_supplicant expire 41 lines
06-21 11:31:01.334  2275  4943 I chatty  : uid=1000(system) Binder_7 expire 10 lines
06-21 11:31:03.355  2275  4017 I chatty  : uid=1000(system) Binder_3 expire 9 lines
06-21 11:31:06.355  5476  5476 I chatty  : uid=1002(bluetooth) com.android.bluetooth expire 11 lines
06-21 11:31:06.356  5476  5617 I chatty  : uid=1002(bluetooth) bluedroid wake/ expire 11 lines
06-21 11:31:11.408  2275  5352 I chatty  : uid=1000(system) Binder_E expire 10 lines
06-21 11:31:28.326  2275  4917 I chatty  : uid=1000(system) Binder_6 expire 11 lines
06-21 11:31:32.710   332  2370 E NetlinkEvent: NetlinkEvent::FindParam(): Parameter 'TIME_NS' not found
06-21 11:31:32.710   332  2370 E NetlinkEvent: NetlinkEvent::FindParam(): Parameter 'UID' not found
06-21 11:31:37.689   332  2370 E NetlinkEvent: NetlinkEvent::FindParam(): Parameter 'TIME_NS' not found
06-21 11:31:37.689   332  2370 E NetlinkEvent: NetlinkEvent::FindParam(): Parameter 'UID' not found
06-21 11:31:40.283  2275  2286 I chatty  : uid=1000(system) Binder_1 expire 6 lines
06-21 11:31:57.871  5344 12803 W ctxmgr  : [AclManager]No 2 for (accnt=account#-785086692#, com.google.android.gms(10010):UserLocationProducer, vrsn=11055000, 0, 3pPkg = null ,  3pMdlId = null ,  pid = 5344). Was: 2 for 1, account#-785086692#
06-21 11:31:57.877  5344 12803 W ctxmgr  : [AclManager]No 2 for (accnt=account#1345894916#, com.google.android.gms(10010):UserLocationProducer, vrsn=11055000, 0, 3pPkg = null ,  3pMdlId = null ,  pid = 5344). Was: 2 for 1, account#1345894916#
06-21 11:31:57.912  5344  4531 I GCoreUlr: Successfully inserted 1 locations
06-21 11:31:58.403  5476  5663 I chatty  : uid=1002(bluetooth) BT Service Call expire 25 lines
06-21 11:31:58.761  5476  6200 I chatty  : uid=1002(bluetooth) bluedroid wake/ expire 12 lines
06-21 11:32:00.123  2275  2299 I chatty  : uid=1000(system) android.bg expire 4 lines
06-21 11:32:00.355 23465 23465 I chatty  : uid=10246(com.bt2cloud) expire 46 lines
06-21 11:32:00.746  4120  4120 I chatty  : uid=1010(wifi) /system/bin/wpa_supplicant expire 31 lines
06-21 11:32:06.779   360   360 I chatty  : uid=1000(system) /system/vendor/bin/RIDLClient.exe expire 12 lines
06-21 11:32:26.853  2275  2305 I chatty  : uid=1000(system) android.fg expire 2 lines
06-21 11:32:36.056 26996 27287 I omnistore_android_logger: Deltas Received on queue messenger_android_device_flash_sq:297200016_amTQ2s09KqAx4 with 1 batch size starting at global id 162
06-21 11:32:36.056 26996 27287 D omnistore_android_logger: TransactionResult Received on queue messenger_android_device_flash_sq:297200016_amTQ2s09KqAx4 with 1 transactions starting at global id 162
06-21 11:32:36.056 26996 27220 D omnistore_android_logger: TransactionReceiver::processSerializedJobSuccess for queue messenger_android_device_flash_sq:297200016_amTQ2s09KqAx4, status 0, global id 162
06-21 11:32:36.057 26996 27220 D omnistore_android_logger: TransactionReceiver::applySuccessfulTransactionResult
06-21 11:32:36.067 26996 27220 D omnistore_android_logger: TransactionReceiver::processTransaction flush callbacks
06-21 11:32:36.147 26996 27220 D omnistore_android_logger: TransactionReceiver::cleanupTransactionState
06-21 11:32:36.369 32357  6806 I CastDatabase: Saving the database
06-21 11:32:36.370 32357  6806 I SQLiteCastStore: Saving 0 CastNetworkInfo instances, 0 CastDeviceInfo instances, 0 paired guest mode devices.
06-21 11:32:36.378 32357  6806 E SQLiteCastStore: End saving paired guest mode devices
06-21 11:32:36.799   360   360 I chatty  : uid=1000(system) /system/vendor/bin/RIDLClient.exe expire 35 lines
06-21 11:32:39.318 23465 23465 I chatty  : uid=10246(com.bt2cloud) expire 114 lines
06-21 11:32:40.294  5476  5663 I chatty  : uid=1002(bluetooth) BT Service Call expire 63 lines
06-21 11:32:48.895  4120  4120 I chatty  : uid=1010(wifi) /system/bin/wpa_supplicant expire 103 lines
06-21 11:32:57.949  2275  4480 I chatty  : uid=1000(system) WifiMonitor expire 26 lines
06-21 11:33:00.292  5476  5476 I chatty  : uid=1002(bluetooth) com.android.bluetooth expire 15 lines
06-21 11:33:00.293  5476  5617 I chatty  : uid=1002(bluetooth) bluedroid wake/ expire 15 lines
06-21 11:33:00.750   332  2370 E NetlinkEvent: NetlinkEvent::FindParam(): Parameter 'TIME_NS' not found
06-21 11:33:00.750   332  2370 E NetlinkEvent: NetlinkEvent::FindParam(): Parameter 'UID' not found
06-21 11:33:01.061  2275  5397 I chatty  : uid=1000(system) Binder_F expire 5 lines
06-21 11:33:03.282  2275  5058 I chatty  : uid=1000(system) Binder_B expire 5 lines
06-21 11:33:05.701   332  2370 E NetlinkEvent: NetlinkEvent::FindParam(): Parameter 'TIME_NS' not found
06-21 11:33:05.701   332  2370 E NetlinkEvent: NetlinkEvent::FindParam(): Parameter 'UID' not found
06-21 11:33:06.828  2275  4674 I chatty  : uid=1000(system) Binder_5 expire 1 line
06-21 11:33:08.274  2275  3979 I chatty  : uid=1000(system) AlarmManager expire 9 lines
06-21 11:33:08.285  2275  5352 I chatty  : uid=1000(system) Binder_E expire 6 lines
06-21 11:33:11.906  2275  5116 I chatty  : uid=1000(system) Binder_C expire 4 lines
06-21 11:33:12.360  2275  4961 I chatty  : uid=1000(system) Binder_8 expire 5 lines
06-21 11:33:13.321  2275  4674 I chatty  : uid=1000(system) Binder_5 expire 5 lines
06-21 11:33:15.332  2275  4168 I chatty  : uid=1000(system) Binder_4 expire 3 lines
06-21 11:33:20.335  2275  4966 I chatty  : uid=1000(system) Binder_A expire 6 lines
06-21 11:33:20.489  2275  2337 I chatty  : uid=1000(system) PowerManagerSer expire 2 lines
06-21 11:33:27.075  2275  2300 I chatty  : uid=1000(system) ActivityManager expire 5 lines
06-21 11:33:46.417  7636  7677 I PlayCommon: [3125] PlayEventLogger.uploadEventsImpl: Preparing logs for uploading
06-21 11:33:46.418  7636  7677 I PlayCommon: [3125] PlayEventLogger.uploadEventsImpl: No file ready to send
06-21 11:33:48.790 23465 23477 I chatty  : uid=10246(com.bt2cloud) expire 10 lines
06-21 11:33:49.640 32661 32706 I PlayCommon: [2028] com.google.android.play.a.g.e(220): Preparing logs for uploading
06-21 11:33:49.641 32661 32706 I PlayCommon: [2028] com.google.android.play.a.g.e(224): No file ready to send
06-21 11:33:52.363 23465 23465 I chatty  : uid=10246(com.bt2cloud) expire 88 lines
06-21 11:33:56.859   360   360 I chatty  : uid=1000(system) /system/vendor/bin/RIDLClient.exe expire 25 lines
06-21 11:33:57.872  5344  7801 I Places  : Converted 0 out of 12 WiFi scans
06-21 11:33:57.903  5344  4531 W ctxmgr  : [AclManager]No 2 for (accnt=account#-785086692#, com.google.android.gms(10010):UserLocationProducer, vrsn=11055000, 0, 3pPkg = null ,  3pMdlId = null ,  pid = 5344). Was: 2 for 1, account#-785086692#
06-21 11:33:57.917  5344  4531 W ctxmgr  : [AclManager]No 2 for (accnt=account#1345894916#, com.google.android.gms(10010):UserLocationProducer, vrsn=11055000, 0, 3pPkg = null ,  3pMdlId = null ,  pid = 5344). Was: 2 for 1, account#1345894916#
06-21 11:33:57.942  5344 23004 I GCoreUlr: Successfully inserted 1 locations
06-21 11:33:58.149  2275  4480 I chatty  : uid=1000(system) WifiMonitor expire 28 lines
06-21 11:33:58.777  5476  6200 I chatty  : uid=1002(bluetooth) bluedroid wake/ expire 11 lines
06-21 11:33:58.779 23465 20105 I chatty  : uid=10246(com.bt2cloud) expire 10 lines
06-21 11:34:01.131  4120  4120 I chatty  : uid=1010(wifi) /system/bin/wpa_supplicant expire 137 lines
06-21 11:34:01.283  5476  5663 I chatty  : uid=1002(bluetooth) BT Service Call expire 34 lines
06-21 11:34:06.338  2275  3979 I chatty  : uid=1000(system) AlarmManager expire 26 lines
06-21 11:34:06.363  2275  5058 I chatty  : uid=1000(system) Binder_B expire 11 lines
06-21 11:34:06.367  2275  4017 I chatty  : uid=1000(system) Binder_3 expire 17 lines
06-21 11:34:08.334  2275  4961 I chatty  : uid=1000(system) Binder_8 expire 19 lines
06-21 11:34:08.835 23465 23476 I chatty  : uid=10246(com.bt2cloud) expire 10 lines
06-21 11:34:09.280  2275  5116 I chatty  : uid=1000(system) Binder_C expire 11 lines
06-21 11:34:09.285  2275  2286 I chatty  : uid=1000(system) Binder_1 expire 11 lines
06-21 11:34:11.931  2275  2287 I chatty  : uid=1000(system) Binder_2 expire 19 lines
06-21 11:34:12.288  2275  5428 I chatty  : uid=1000(system) Binder_10 expire 8 lines
06-21 11:34:16.340  2275  4168 I chatty  : uid=1000(system) Binder_4 expire 11 lines
06-21 11:34:17.272  2275  5352 I chatty  : uid=1000(system) Binder_E expire 13 lines
06-21 11:34:17.293  2275  4962 I chatty  : uid=1000(system) Binder_9 expire 14 lines
06-21 11:34:18.541  2275  4966 I chatty  : uid=1000(system) Binder_A expire 13 lines
06-21 11:34:24.282  2275  4943 I chatty  : uid=1000(system) Binder_7 expire 9 lines
06-21 11:34:24.328  2275  4674 I chatty  : uid=1000(system) Binder_5 expire 15 lines
06-21 11:34:26.294  2275  4917 I chatty  : uid=1000(system) Binder_6 expire 13 lines
06-21 11:34:27.298  2275  5397 I chatty  : uid=1000(system) Binder_F expire 16 lines
06-21 11:34:28.816 23465  9364 I chatty  : uid=10246(com.bt2cloud) expire 10 lines
06-21 11:34:28.910   332  2370 E NetlinkEvent: NetlinkEvent::FindParam(): Parameter 'TIME_NS' not found
06-21 11:34:28.910   332  2370 E NetlinkEvent: NetlinkEvent::FindParam(): Parameter 'UID' not found
06-21 11:34:31.478  2275  5334 I chatty  : uid=1000(system) Binder_D expire 10 lines
06-21 11:34:33.714   332  2370 E NetlinkEvent: NetlinkEvent::FindParam(): Parameter 'TIME_NS' not found
06-21 11:34:33.714   332  2370 E NetlinkEvent: NetlinkEvent::FindParam(): Parameter 'UID' not found
06-21 11:34:50.749   332  2370 E NetlinkEvent: NetlinkEvent::FindParam(): Parameter 'TIME_NS' not found
06-21 11:34:50.749   332  2370 E NetlinkEvent: NetlinkEvent::FindParam(): Parameter 'UID' not found
06-21 11:34:53.020 32661 21503 I PlayCommon: [2068] com.google.android.play.a.g.e(220): Preparing logs for uploading
06-21 11:34:53.020 32661 21503 I PlayCommon: [2068] com.google.android.play.a.g.e(224): No file ready to send
06-21 11:34:55.715   332  2370 E NetlinkEvent: NetlinkEvent::FindParam(): Parameter 'TIME_NS' not found
06-21 11:34:55.715   332  2370 E NetlinkEvent: NetlinkEvent::FindParam(): Parameter 'UID' not found
06-21 11:34:58.098  6282  6292 I chatty  : uid=1002(bluetooth) /system/bin/dun-server expire 12 lines
06-21 11:34:58.133 32357  6806 E Publisher: ProcessDatabaseInternal start
06-21 11:34:58.134 32357  6806 I CastMediaRouteProvider: onDevicesPublished with 0 devices
06-21 11:34:58.134 32357  6806 I CastMediaRouteProvider: Published 0 routes
06-21 11:34:58.170  5344 12803 W ctxmgr  : [AclManager]No 2 for (accnt=account#-785086692#, com.google.android.gms(10010):UserLocationProducer, vrsn=11055000, 0, 3pPkg = null ,  3pMdlId = null ,  pid = 5344). Was: 2 for 1, account#-785086692#
06-21 11:34:58.176  5344 12803 W ctxmgr  : [AclManager]No 2 for (accnt=account#1345894916#, com.google.android.gms(10010):UserLocationProducer, vrsn=11055000, 0, 3pPkg = null ,  3pMdlId = null ,  pid = 5344). Was: 2 for 1, account#1345894916#
06-21 11:34:58.181  5344 23004 I GCoreUlr: Successfully inserted 1 locations
06-21 11:34:58.196 25864 26149 D BluetoothAdapter: STATE_ON
06-21 11:34:58.198  5476  5663 I chatty  : uid=1002(bluetooth) BT Service Call expire 26 lines
06-21 11:34:58.198 25864 25876 D BluetoothLeScanner: onClientRegistered() - status=0 clientIf=13
06-21 11:34:58.200  5476  6120 I chatty  : uid=1002(bluetooth) BluetoothScanMa expire 14 lines
06-21 11:34:58.740 25864 26149 D BluetoothAdapter: STATE_ON
06-21 11:34:58.741 25864 26149 D BluetoothAdapter: STATE_ON
06-21 11:34:59.309 23465 23465 I chatty  : uid=10246(com.bt2cloud) expire 48 lines
06-21 11:35:00.001  2275  2275 I chatty  : uid=1000 system_server expire 6 lines
06-21 11:35:01.339  4120  4120 I chatty  : uid=1010(wifi) /system/bin/wpa_supplicant expire 10 lines
06-21 11:35:02.286  5476  5476 I chatty  : uid=1002(bluetooth) com.android.bluetooth expire 11 lines
06-21 11:35:02.288  5476  5617 I chatty  : uid=1002(bluetooth) bluedroid wake/ expire 11 lines
06-21 11:35:05.579 32661 32741 I PlayCommon: [2055] com.google.android.play.a.g.e(220): Preparing logs for uploading
06-21 11:35:05.580 32661 32741 I PlayCommon: [2055] com.google.android.play.a.g.e(224): No file ready to send
06-21 11:35:06.929   360   360 I chatty  : uid=1000(system) /system/vendor/bin/RIDLClient.exe expire 10 lines
06-21 11:35:11.283 10540 10540 E FirebaseInstanceId: Failed to resolve target intent service, skipping classname enforcement
06-21 11:35:11.284 10540 10540 E FirebaseInstanceId: Error while delivering the message: ServiceIntent not found.
06-21 11:35:11.410  4135  4135 D KeyguardUpdateMonitor: isUnlockingWithFingerprintAllowed: StrongAuthTracker = true, fingerPrintUnlocktimedOut = false
06-21 11:35:11.411  4135  4135 D PhoneStatusBar: disable: < expand ICONS* alerts SYSTEM_INFO* back home recent clock search quick_settings >
06-21 11:35:11.442  5344  6256 W UdcContextManagerHelper: Empty context buffer. Thus might mean that the context is not synced down.
06-21 11:35:11.442  5344  6256 W GetDeviceDataUploadOptInStatusOp: Empty context model while retrieving upload opt-in status!
06-21 11:35:12.270  5476  5663 I chatty  : uid=1002(bluetooth) BT Service Call expire 29 lines
06-21 11:35:16.385  4120  4120 I chatty  : uid=1010(wifi) /system/bin/wpa_supplicant expire 30 lines
06-21 11:35:17.392  4135  4135 D KeyguardUpdateMonitor: isUnlockingWithFingerprintAllowed: StrongAuthTracker = true, fingerPrintUnlocktimedOut = false
06-21 11:35:17.414  4135  4135 D PhoneStatusBar: disable: < expand icons* alerts system_info* back home recent clock search quick_settings >
06-21 11:35:21.299  2275  2299 I chatty  : uid=1000(system) android.bg expire 9 lines
06-21 11:35:26.939   360   360 I chatty  : uid=1000(system) /system/vendor/bin/RIDLClient.exe expire 13 lines
06-21 11:35:28.129  2275  4480 I chatty  : uid=1000(system) WifiMonitor expire 10 lines
06-21 11:35:29.317 23465 23465 I chatty  : uid=10246(com.bt2cloud) expire 24 lines
06-21 11:35:47.960 32661 32740 I PlayCommon: [2054] com.google.android.play.a.g.e(220): Preparing logs for uploading
06-21 11:35:47.961 32661 32740 I PlayCommon: [2054] com.google.android.play.a.g.e(224): No file ready to send
06-21 11:35:48.801  5476  6200 I chatty  : uid=1002(bluetooth) bluedroid wake/ expire 10 lines
06-21 11:35:51.340  5476  5663 I chatty  : uid=1002(bluetooth) BT Service Call expire 26 lines
06-21 11:35:56.970   360   360 I chatty  : uid=1000(system) /system/vendor/bin/RIDLClient.exe expire 11 lines
06-21 11:36:00.366 23465 23465 I chatty  : uid=10246(com.bt2cloud) expire 46 lines
06-21 11:36:01.560  4120  4120 I chatty  : uid=1010(wifi) /system/bin/wpa_supplicant expire 20 lines
06-21 11:36:08.849 23465 23576 I chatty  : uid=10246(com.bt2cloud) expire 10 lines
06-21 11:36:20.155  5344  6256 W UdcContextManagerHelper: Empty context buffer. Thus might mean that the context is not synced down.
06-21 11:36:20.155  5344  6256 W GetDeviceDataUploadOptInStatusOp: Empty context model while retrieving upload opt-in status!
06-21 11:36:20.212  5344  6256 W UdcContextManagerHelper: Empty context buffer. Thus might mean that the context is not synced down.
06-21 11:36:20.212  5344  6256 W GetDeviceDataUploadOptInStatusOp: Empty context model while retrieving upload opt-in status!
06-21 11:36:21.060 26996 27003 W msgr.18q: Finalized without closing: fe0d10 e86a009 (type = Bitmap)
06-21 11:36:21.060 26996 27003 W msgr.18q: Finalized without closing: 40b120e d0b242f (type = 1Sh)
06-21 11:36:21.060 26996 27003 W msgr.18q: Finalized without closing: e1eea3c 4f033c5 (type = 1Sh)
06-21 11:36:21.061 26996 27003 W msgr.18q: Finalized without closing: 96a411a 62fd44b (type = 1Sh)
06-21 11:36:21.070 26996 27003 W msgr.18q: Finalized without closing: 20e6e28 a54741 (type = Bitmap)
06-21 11:36:21.070 26996 27003 W msgr.18q: Finalized without closing: f5b54e6 da56a27 (type = 1Sh)
06-21 11:36:21.070 26996 27003 W msgr.18q: Finalized without closing: 6f044d4 93e167d (type = 1Sh)
06-21 11:36:21.070 26996 27003 W msgr.18q: Finalized without closing: bf7d972 cf481c3 (type = 1Sh)
06-21 11:36:22.337  5476  5663 I chatty  : uid=1002(bluetooth) BT Service Call expire 10 lines
06-21 11:36:22.367 23465 23465 I chatty  : uid=10246(com.bt2cloud) expire 26 lines
06-21 11:36:27.000   360   360 I chatty  : uid=1000(system) /system/vendor/bin/RIDLClient.exe expire 12 lines
06-21 11:36:31.670  4120  4120 I chatty  : uid=1010(wifi) /system/bin/wpa_supplicant expire 20 lines
06-21 11:36:49.943  5344  6256 W UdcContextManagerHelper: Empty context buffer. Thus might mean that the context is not synced down.
06-21 11:36:49.943  5344  6256 W GetDeviceDataUploadOptInStatusOp: Empty context model while retrieving upload opt-in status!
06-21 11:36:49.983  5344  6256 W UdcContextManagerHelper: Empty context buffer. Thus might mean that the context is not synced down.
06-21 11:36:49.983  5344  6256 W GetDeviceDataUploadOptInStatusOp: Empty context model while retrieving upload opt-in status!
06-21 11:36:51.308  5476  5663 I chatty  : uid=1002(bluetooth) BT Service Call expire 12 lines
06-21 11:36:54.309  5476  5476 I chatty  : uid=1002(bluetooth) com.android.bluetooth expire 10 lines
06-21 11:36:54.312  5476  5617 I chatty  : uid=1002(bluetooth) bluedroid wake/ expire 13 lines
06-21 11:36:57.021   360   360 I chatty  : uid=1000(system) /system/vendor/bin/RIDLClient.exe expire 14 lines
06-21 11:36:58.168  5344  7801 I Places  : Converted 0 out of 11 WiFi scans
06-21 11:36:58.183  5344 12803 W ctxmgr  : [AclManager]No 2 for (accnt=account#-785086692#, com.google.android.gms(10010):UserLocationProducer, vrsn=11055000, 0, 3pPkg = null ,  3pMdlId = null ,  pid = 5344). Was: 2 for 1, account#-785086692#
06-21 11:36:58.185  5344 12803 W ctxmgr  : [AclManager]No 2 for (accnt=account#1345894916#, com.google.android.gms(10010):UserLocationProducer, vrsn=11055000, 0, 3pPkg = null ,  3pMdlId = null ,  pid = 5344). Was: 2 for 1, account#1345894916#
06-21 11:36:58.235  5344  4531 I GCoreUlr: Successfully inserted 1 locations
06-21 11:36:59.306 23465 23465 I chatty  : uid=10246(com.bt2cloud) expire 26 lines
06-21 11:37:01.776  4120  4120 I chatty  : uid=1010(wifi) /system/bin/wpa_supplicant expire 24 lines
06-21 11:37:05.030   332  2370 E NetlinkEvent: NetlinkEvent::FindParam(): Parameter 'TIME_NS' not found
06-21 11:37:05.030   332  2370 E NetlinkEvent: NetlinkEvent::FindParam(): Parameter 'UID' not found
06-21 11:37:05.308  2275  4674 I chatty  : uid=1000(system) Binder_5 expire 1 line
06-21 11:37:05.346  2275  2287 I chatty  : uid=1000(system) Binder_2 expire 1 line
06-21 11:37:06.265  2275  5352 I chatty  : uid=1000(system) Binder_E expire 1 line
06-21 11:37:06.356  2275  5116 I chatty  : uid=1000(system) Binder_C expire 13 lines
06-21 11:37:06.715   332  2370 E NetlinkEvent: NetlinkEvent::FindParam(): Parameter 'TIME_NS' not found
06-21 11:37:06.715   332  2370 E NetlinkEvent: NetlinkEvent::FindParam(): Parameter 'UID' not found
06-21 11:37:06.734  2275  4962 I chatty  : uid=1000(system) Binder_9 expire 14 lines
06-21 11:37:06.889  2275  4943 I chatty  : uid=1000(system) Binder_7 expire 11 lines
06-21 11:37:06.891  2275  4917 I chatty  : uid=1000(system) Binder_6 expire 17 lines
06-21 11:37:06.914  2275  5352 I chatty  : uid=1000(system) Binder_E expire 13 lines
06-21 11:37:06.939 26996 27005 I art     : Background sticky concurrent mark sweep GC freed 76035(6MB) AllocSpace objects, 25(452KB) LOS objects, 12% free, 50MB/57MB, paused 8.004ms total 43.611ms
06-21 11:37:06.945 26996 27003 W msgr.18q: Finalized without closing: 12f76f2 89f9143 (type = Bitmap)
06-21 11:37:06.946 26996 27003 W msgr.18q: Finalized without closing: 70573c0 d16f8f9 (type = 1Sh)
06-21 11:37:06.946 26996 27003 W msgr.18q: Finalized without closing: c3a103e 39ffe9f (type = 1Sh)
06-21 11:37:06.947 26996 27003 W msgr.18q: Finalized without closing: 8ae0bec e452bb5 (type = 1Sh)
06-21 11:37:06.973  2275  2275 I chatty  : uid=1000 system_server expire 14 lines
06-21 11:37:07.144  5344  6256 W UdcContextManagerHelper: Empty context buffer. Thus might mean that the context is not synced down.
06-21 11:37:07.144  5344  6256 W GetDeviceDataUploadOptInStatusOp: Empty context model while retrieving upload opt-in status!
06-21 11:37:07.171  5344  6256 W UdcContextManagerHelper: Empty context buffer. Thus might mean that the context is not synced down.
06-21 11:37:07.171  5344  6256 W GetDeviceDataUploadOptInStatusOp: Empty context model while retrieving upload opt-in status!
06-21 11:37:07.185  2275  4674 I chatty  : uid=1000(system) Binder_5 expire 18 lines
06-21 11:37:07.325  2275  4961 I chatty  : uid=1000(system) Binder_8 expire 12 lines
06-21 11:37:07.428  2275  2285 I chatty  : uid=1000(system) HeapTaskDaemon expire 2 lines
06-21 11:37:07.783  2275  5058 I chatty  : uid=1000(system) Binder_B expire 9 lines
06-21 11:37:09.354  2275  3979 I chatty  : uid=1000(system) AlarmManager expire 26 lines
06-21 11:37:09.363  2275  4017 I chatty  : uid=1000(system) Binder_3 expire 14 lines
06-21 11:37:09.390  5476  5663 I chatty  : uid=1002(bluetooth) BT Service Call expire 35 lines
06-21 11:37:09.390  2275  2287 I chatty  : uid=1000(system) Binder_2 expire 10 lines
06-21 11:37:16.924  2275  2299 I chatty  : uid=1000(system) android.bg expire 7 lines
06-21 11:37:18.647  2275  5334 I chatty  : uid=1000(system) Binder_D expire 12 lines
06-21 11:37:28.840  5476  6200 I chatty  : uid=1002(bluetooth) bluedroid wake/ expire 10 lines
06-21 11:37:28.842 23465 23476 I chatty  : uid=10246(com.bt2cloud) expire 10 lines
06-21 11:37:29.229   332  2370 E NetlinkEvent: NetlinkEvent::FindParam(): Parameter 'TIME_NS' not found
06-21 11:37:29.230   332  2370 E NetlinkEvent: NetlinkEvent::FindParam(): Parameter 'UID' not found
06-21 11:37:29.733   332  2370 E NetlinkEvent: NetlinkEvent::FindParam(): Parameter 'TIME_NS' not found
06-21 11:37:29.733   332  2370 E NetlinkEvent: NetlinkEvent::FindParam(): Parameter 'UID' not found
06-21 11:37:31.573  2275  5428 I chatty  : uid=1000(system) Binder_10 expire 12 lines
06-21 11:37:36.376 32357  6806 I CastDatabase: Saving the database
06-21 11:37:36.376 32357  6806 I SQLiteCastStore: Saving 0 CastNetworkInfo instances, 0 CastDeviceInfo instances, 0 paired guest mode devices.
06-21 11:37:36.397 32357  6806 E SQLiteCastStore: End saving paired guest mode devices
06-21 11:37:37.059   360   360 I chatty  : uid=1000(system) /system/vendor/bin/RIDLClient.exe expire 35 lines
06-21 11:37:37.916  4120  4120 I chatty  : uid=1010(wifi) /system/bin/wpa_supplicant expire 98 lines
06-21 11:37:41.401  2275  4168 I chatty  : uid=1000(system) Binder_4 expire 11 lines
06-21 11:37:41.426 23465 23465 I chatty  : uid=10246(com.bt2cloud) expire 62 lines
06-21 11:37:44.201  2275  5397 I chatty  : uid=1000(system) Binder_F expire 10 lines
06-21 11:37:44.343  5344  6256 W UdcContextManagerHelper: Empty context buffer. Thus might mean that the context is not synced down.
06-21 11:37:44.343  5344  6256 W GetDeviceDataUploadOptInStatusOp: Empty context model while retrieving upload opt-in status!
06-21 11:37:44.401  5344  6256 W UdcContextManagerHelper: Empty context buffer. Thus might mean that the context is not synced down.
06-21 11:37:44.401  5344  6256 W GetDeviceDataUploadOptInStatusOp: Empty context model while retrieving upload opt-in status!
06-21 11:37:44.779 26996 27005 I art     : Background sticky concurrent mark sweep GC freed 72453(5MB) AllocSpace objects, 16(288KB) LOS objects, 9% free, 51MB/57MB, paused 20.281ms total 110.458ms
06-21 11:37:44.781 26996 27003 W msgr.18q: Finalized without closing: f8be9df c0d28f5 (type = Bitmap)
06-21 11:37:44.781 26996 27003 W msgr.18q: Finalized without closing: 4ef44fb 6070918 (type = 1Sh)
06-21 11:37:44.782 26996 27003 W msgr.18q: Finalized without closing: 6545f71 9674156 (type = 1Sh)
06-21 11:37:44.782 26996 27003 W msgr.18q: Finalized without closing: 56335d7 ef9ec4 (type = 1Sh)
06-21 11:37:44.787 26996 27003 W msgr.18q: Finalized without closing: ebb5873 6a9e330 (type = Bitmap)
06-21 11:37:44.787 26996 27003 W msgr.18q: Finalized without closing: ae8ba9 695252e (type = 1Sh)
06-21 11:37:44.788 26996 27003 W msgr.18q: Finalized without closing: e6908cf 282025c (type = 1Sh)
06-21 11:37:44.788 26996 27003 W msgr.18q: Finalized without closing: d3b3965 6d2663a (type = 1Sh)
06-21 11:37:47.303  2275  2286 I chatty  : uid=1000(system) Binder_1 expire 13 lines
06-21 11:37:48.885 23465 23477 I chatty  : uid=10246(com.bt2cloud) expire 10 lines
06-21 11:37:49.301  2275  4966 I chatty  : uid=1000(system) Binder_A expire 15 lines
06-21 11:37:58.139  2275  4480 I chatty  : uid=1000(system) WifiMonitor expire 24 lines
06-21 11:38:27.130  2275  2300 I chatty  : uid=1000(system) ActivityManager expire 7 lines
06-21 11:38:35.242 29534 29534 I LanguageModelDownload: onCreate()
06-21 11:38:35.268 29534 27859 I LanguageModelDownload: onRunTask() : Tag = lm_download_metered_task
06-21 11:38:35.268 29534 27859 I LanguageModelDownload: onRunTask() : Metered ... Too Soon ... Done
06-21 11:38:35.270 29534 29534 I LanguageModelDownload: onDestroy()
06-21 11:38:35.364 27861 27861 I asset   : Successfully loaded resource /system/framework/oxygen-framework-res.apk
06-21 11:38:35.462 27861 27861 I MultiDex: VM with version 2.1.0 has multidex support
06-21 11:38:35.462 27861 27861 I MultiDex: install
06-21 11:38:35.462 27861 27861 I MultiDex: VM has multidex support, MultiDex support library is disabled.
06-21 11:38:35.506 27861 27861 D FirebaseApp: com.google.firebase.auth.FirebaseAuth is not linked. Skipping initialization.
06-21 11:38:35.515 27861 27861 D FirebaseApp: com.google.firebase.crash.FirebaseCrash is not linked. Skipping initialization.
06-21 11:38:35.534 27861 27861 I FA      : App measurement is starting up, version: 10260
06-21 11:38:35.534 27861 27861 I FA      : To enable debug logging run: adb shell setprop log.tag.FA VERBOSE
06-21 11:38:35.547 27861 27861 I FA      : To enable faster debug mode event logging run:
06-21 11:38:35.547 27861 27861 I FA      :   adb shell setprop debug.firebase.analytics.app com.wolt.android
06-21 11:38:35.560 27861 27861 I FirebaseInitProvider: FirebaseApp initialization successful
06-21 11:38:35.581 27861 27870 W art     : Suspending all threads took: 6.754ms
06-21 11:38:35.663 27861 27883 I asset   : Successfully loaded resource /system/framework/oxygen-framework-res.apk
06-21 11:38:35.665 27861 27861 I CrashlyticsCore: Initializing Crashlytics 2.3.8.97
06-21 11:38:35.695 27861 27877 W System  : ClassLoader referenced unknown path: /system/framework/tcmclient.jar
06-21 11:38:35.712 27861 27861 D com.facebook.a.a: To set source application the context of activateApp must be an instance of Activity
06-21 11:38:35.755 27861 27899 D com.facebook.a.a: Got unexpected exception: java.io.WriteAbortedException: Read an exception; java.io.NotSerializableException: org.json.JSONObject
06-21 11:38:35.879 27861 27911 I asset   : Successfully loaded resource /system/framework/oxygen-framework-res.apk
06-21 11:38:35.984 27861 27919 E WVMExtractor: Failed to open libwvm.so: dlopen failed: library "libwvm.so" not found
06-21 11:38:35.999 27861 27919 E QComExtractorFactory: Sniff FAIL :: coundn't pull enough data for sniffing
06-21 11:38:36.000   338   489 W ServiceManager: Permission failure: com.oma.drm.permission.ACCESS_OMA_DRM from uid=10115 pid=27861
06-21 11:38:36.001 27861 27919 I ExtendedExtractor: ExtendedExtractor::create 0x0
06-21 11:38:36.004 27861 27920 I OMXClient: Using client-side OMX mux.
06-21 11:38:36.008 27861 27920 E OMXMaster: A component of name 'OMX.qcom.audio.decoder.aac' already exists, ignoring this one.
06-21 11:38:36.043   338   489 W ServiceManager: Permission failure: com.oma.drm.permission.ACCESS_OMA_DRM from uid=10115 pid=27861
06-21 11:38:36.045 27861 27919 I ExtendedExtractor: ExtendedExtractor::create 0x0
06-21 11:38:36.047 27861 27925 I OMXClient: Using client-side OMX mux.
06-21 11:38:36.053 27861 27925 E OMXMaster: A component of name 'OMX.qcom.audio.decoder.aac' already exists, ignoring this one.
06-21 11:38:36.116   338   489 W ServiceManager: Permission failure: com.oma.drm.permission.ACCESS_OMA_DRM from uid=10115 pid=27861
06-21 11:38:36.126 27861 27919 I ExtendedExtractor: ExtendedExtractor::create 0x0
06-21 11:38:36.135 27861 27933 I OMXClient: Using client-side OMX mux.
06-21 11:38:36.143 27861 27933 E OMXMaster: A component of name 'OMX.qcom.audio.decoder.aac' already exists, ignoring this one.
06-21 11:38:36.186 27861 27919 E MM_OSAL : Data is not sufficient to validate AAC
06-21 11:38:36.186 27861 27919 E MM_OSAL : ValidateAACFile data not sufficient
06-21 11:38:36.186 27861 27919 E QComExtractorFactory: Sniff FAIL :: coundn't pull enough data for sniffing
06-21 11:38:36.187   338   489 W ServiceManager: Permission failure: com.oma.drm.permission.ACCESS_OMA_DRM from uid=10115 pid=27861
06-21 11:38:36.187 27861 27919 I ExtendedExtractor: ExtendedExtractor::create 0x0
06-21 11:38:36.190 27861 27937 I OMXClient: Using client-side OMX mux.
06-21 11:38:36.194 27861 27937 E OMXMaster: A component of name 'OMX.qcom.audio.decoder.aac' already exists, ignoring this one.
06-21 11:38:38.311  5476  5476 I chatty  : uid=1002(bluetooth) com.android.bluetooth expire 16 lines
06-21 11:38:38.905 23465 20105 I chatty  : uid=10246(com.bt2cloud) expire 8 lines
06-21 11:38:41.268  5476  5663 I chatty  : uid=1002(bluetooth) BT Service Call expire 12 lines
06-21 11:38:41.301 23465 23465 I chatty  : uid=10246(com.bt2cloud) expire 26 lines
06-21 11:38:48.895 23465 23576 I chatty  : uid=10246(com.bt2cloud) expire 4 lines
06-21 11:38:49.720 32661 32706 I PlayCommon: [2028] com.google.android.play.a.g.e(220): Preparing logs for uploading
06-21 11:38:49.720 32661 32706 I PlayCommon: [2028] com.google.android.play.a.g.e(224): No file ready to send
06-21 11:38:50.180  4120  4120 I chatty  : uid=1010(wifi) /system/bin/wpa_supplicant expire 20 lines
06-21 11:38:50.778 27861 27899 D com.facebook.a.a: Got unexpected exception: java.io.WriteAbortedException: Read an exception; java.io.NotSerializableException: org.json.JSONObject
06-21 11:38:54.319  5476  5617 I chatty  : uid=1002(bluetooth) bluedroid wake/ expire 15 lines
06-21 11:38:57.110   360   360 I chatty  : uid=1000(system) /system/vendor/bin/RIDLClient.exe expire 11 lines
06-21 11:38:58.200  5344 27196 W ctxmgr  : [AclManager]No 2 for (accnt=account#-785086692#, com.google.android.gms(10010):UserLocationProducer, vrsn=11055000, 0, 3pPkg = null ,  3pMdlId = null ,  pid = 5344). Was: 2 for 1, account#-785086692#
06-21 11:38:58.201  5344 27196 W ctxmgr  : [AclManager]No 2 for (accnt=account#1345894916#, com.google.android.gms(10010):UserLocationProducer, vrsn=11055000, 0, 3pPkg = null ,  3pMdlId = null ,  pid = 5344). Was: 2 for 1, account#1345894916#
06-21 11:38:58.238  5344 12803 I GCoreUlr: Successfully inserted 1 locations
06-21 11:38:59.311  5476  5663 I chatty  : uid=1002(bluetooth) BT Service Call expire 28 lines
06-21 11:39:00.305 23465 23465 I chatty  : uid=10246(com.bt2cloud) expire 16 lines
06-21 11:39:05.769 27861 27899 D com.facebook.a.a: Got unexpected exception: java.io.WriteAbortedException: Read an exception; java.io.NotSerializableException: org.json.JSONObject
06-21 11:39:08.872  5476  6200 I chatty  : uid=1002(bluetooth) bluedroid wake/ expire 18 lines
06-21 11:39:20.274  4120  4120 I chatty  : uid=1010(wifi) /system/bin/wpa_supplicant expire 20 lines
06-21 11:39:20.773 27861 27899 D com.facebook.a.a: Got unexpected exception: java.io.WriteAbortedException: Read an exception; java.io.NotSerializableException: org.json.JSONObject
06-21 11:39:20.954  2872  3343 W AppStateLogger: AppStateLogger is not ready yet
06-21 11:39:20.954  2872  3343 W AppStateLogger: AppStateLogger is not ready yet
06-21 11:39:22.386 23465 23465 I chatty  : uid=10246(com.bt2cloud) expire 30 lines
06-21 11:39:27.140   360   360 I chatty  : uid=1000(system) /system/vendor/bin/RIDLClient.exe expire 11 lines
06-21 11:39:28.225  2275  4480 I chatty  : uid=1000(system) WifiMonitor expire 26 lines
06-21 11:39:35.774 27861 27899 D com.facebook.a.a: Got unexpected exception: java.io.WriteAbortedException: Read an exception; java.io.NotSerializableException: org.json.JSONObject
06-21 11:39:39.339 23465 23465 I chatty  : uid=10246(com.bt2cloud) expire 52 lines
06-21 11:39:39.354  5476  5663 I chatty  : uid=1002(bluetooth) BT Service Call expire 37 lines
06-21 11:39:50.378  4120  4120 I chatty  : uid=1010(wifi) /system/bin/wpa_supplicant expire 115 lines
06-21 11:39:50.757 27861 27899 D com.facebook.a.a: Got unexpected exception: java.io.WriteAbortedException: Read an exception; java.io.NotSerializableException: org.json.JSONObject
06-21 11:39:53.117 32661 21503 I PlayCommon: [2068] com.google.android.play.a.g.e(220): Preparing logs for uploading
06-21 11:39:53.117 32661 21503 I PlayCommon: [2068] com.google.android.play.a.g.e(224): No file ready to send
06-21 11:39:56.707  5344  3561 I GCoreUlr: Starting BLE scan: mode: 2
06-21 11:39:56.733  5344  5344 I BeaconBle: Client requested scan, settings=BleSettings [scanMode=LOW_LATENCY, callbackType=ALL_MATCHES, reportDelayMillis=0, 2 filters, 0 clients, callingClientName=ULR]
06-21 11:39:56.755  5344  5344 I BeaconBle: 'L' hardware scan: 6 filters, scanMode=2, reportdelay=0, callback type=1, #clients=2
06-21 11:39:56.758  5344  5344 I BeaconBle: Starting scan on OS scanner. BT state: 12
06-21 11:39:56.763  5344  5344 D BluetoothAdapter: STATE_ON
06-21 11:39:56.770  5344 18586 D BluetoothLeScanner: onClientRegistered() - status=0 clientIf=13
06-21 11:39:57.169   360   360 I chatty  : uid=1000(system) /system/vendor/bin/RIDLClient.exe expire 14 lines
06-21 11:39:57.226  5344  6402 W NearbyMessages: LocationProvider returns null
06-21 11:39:57.260  5344  6402 W NearbyMessages: LocationProvider returns null
06-21 11:39:57.846  6282  6290 I chatty  : uid=1002(bluetooth) /system/bin/dun-server expire 12 lines
06-21 11:39:57.871 32357  6806 E Publisher: ProcessDatabaseInternal start
06-21 11:39:57.872 32357  6806 I CastMediaRouteProvider: onDevicesPublished with 0 devices
06-21 11:39:57.873 32357  6806 I CastMediaRouteProvider: Published 0 routes
06-21 11:39:57.907  5344 27196 W ctxmgr  : [AclManager]No 2 for (accnt=account#-785086692#, com.google.android.gms(10010):UserLocationProducer, vrsn=11055000, 0, 3pPkg = null ,  3pMdlId = null ,  pid = 5344). Was: 2 for 1, account#-785086692#
06-21 11:39:57.910  5344 27196 W ctxmgr  : [AclManager]No 2 for (accnt=account#1345894916#, com.google.android.gms(10010):UserLocationProducer, vrsn=11055000, 0, 3pPkg = null ,  3pMdlId = null ,  pid = 5344). Was: 2 for 1, account#1345894916#
06-21 11:39:57.928  5344  4531 I GCoreUlr: Successfully inserted 1 locations
06-21 11:39:58.809  5344  3561 I GCoreUlr: Starting BLE scan: mode: 3
06-21 11:39:58.809  5344  5344 I BeaconBle: Client requested scan, settings=BleSettings [scanMode=ZERO_POWER, callbackType=ALL_MATCHES, reportDelayMillis=0, 2 filters, 0 clients, callingClientName=ULR]
06-21 11:39:58.812  5344  3561 I GCoreUlr: BLE: collected 3 results
06-21 11:39:58.827  5344  5344 I BeaconBle: Stopping scan on delegate scanner. BT state: 12
06-21 11:39:58.828  5344  5344 D BluetoothAdapter: STATE_ON
06-21 11:39:58.830  5344  5344 I BeaconBle: Resetting - new scanner available: true
06-21 11:39:58.831  5344  5344 I BeaconBle: ZERO_POWER is disabled.
06-21 11:39:58.831  5344  5344 I BeaconBle: 'L' hardware scan: scan stopped, no powered clients
06-21 11:39:58.890 23465  9364 I chatty  : uid=10246(com.bt2cloud) expire 2 lines
06-21 11:39:59.399  2275  2275 I chatty  : uid=1000 system_server expire 9 lines
06-21 11:40:00.000  2275  3979 I chatty  : uid=1000(system) AlarmManager expire 12 lines
06-21 11:40:00.269  2275  4962 I chatty  : uid=1000(system) Binder_9 expire 12 lines
06-21 11:40:00.296 23465 23465 I chatty  : uid=10246(com.bt2cloud) expire 30 lines
06-21 11:40:01.302  2275  5397 I chatty  : uid=1000(system) Binder_F expire 10 lines
06-21 11:40:01.357  2275  5428 I chatty  : uid=1000(system) Binder_10 expire 17 lines
06-21 11:40:02.355  5476  5663 I chatty  : uid=1002(bluetooth) BT Service Call expire 30 lines
06-21 11:40:02.359  2275  2287 I chatty  : uid=1000(system) Binder_2 expire 10 lines
06-21 11:40:02.371  2275  5058 I chatty  : uid=1000(system) Binder_B expire 12 lines
06-21 11:40:04.807  2275  5352 I chatty  : uid=1000(system) Binder_E expire 14 lines
06-21 11:40:04.971  2275  4017 I chatty  : uid=1000(system) Binder_3 expire 10 lines
06-21 11:40:05.514  2275  2286 I chatty  : uid=1000(system) Binder_1 expire 6 lines
06-21 11:40:05.674 32661 32741 I PlayCommon: [2055] com.google.android.play.a.g.e(220): Preparing logs for uploading
06-21 11:40:05.674 32661 32741 I PlayCommon: [2055] com.google.android.play.a.g.e(224): No file ready to send
06-21 11:40:05.755 27861 27899 D com.facebook.a.a: Got unexpected exception: java.io.WriteAbortedException: Read an exception; java.io.NotSerializableException: org.json.JSONObject
06-21 11:40:08.570  2275  4961 I chatty  : uid=1000(system) Binder_8 expire 8 lines
06-21 11:40:11.324  2275  5334 I chatty  : uid=1000(system) Binder_D expire 13 lines
06-21 11:40:12.151  2275  4674 I chatty  : uid=1000(system) Binder_5 expire 11 lines
06-21 11:40:15.020  2275  2299 I chatty  : uid=1000(system) android.bg expire 10 lines
06-21 11:40:15.359  2275  4917 I chatty  : uid=1000(system) Binder_6 expire 10 lines
06-21 11:40:17.461  4120  4120 I chatty  : uid=1010(wifi) /system/bin/wpa_supplicant expire 20 lines
06-21 11:40:19.293  2275  4168 I chatty  : uid=1000(system) Binder_4 expire 12 lines
06-21 11:40:20.781 27861 27899 D com.facebook.a.a: Got unexpected exception: java.io.WriteAbortedException: Read an exception; java.io.NotSerializableException: org.json.JSONObject
06-21 11:40:22.172  2275  4966 I chatty  : uid=1000(system) Binder_A expire 10 lines
06-21 11:40:22.282  2275  4943 I chatty  : uid=1000(system) Binder_7 expire 8 lines
06-21 11:40:22.313 23465 23465 I chatty  : uid=10246(com.bt2cloud) expire 32 lines
06-21 11:40:23.891 26996 27003 W msgr.18q: Finalized without closing: 1d02a9 adfd02e (type = Bitmap)
06-21 11:40:23.892 26996 27003 W msgr.18q: Finalized without closing: 44dd7cf 600255c (type = 1Sh)
06-21 11:40:23.892 26996 27003 W msgr.18q: Finalized without closing: a9a2065 c9cc13a (type = 1Sh)
06-21 11:40:23.892 26996 27003 W msgr.18q: Finalized without closing: e7a21eb 7183b48 (type = 1Sh)
06-21 11:40:23.902 26996 27003 W msgr.18q: Finalized without closing: eb63d92 b46e363 (type = Bitmap)
06-21 11:40:23.903 26996 27003 W msgr.18q: Finalized without closing: 8092b60 35ee819 (type = 1Sh)
06-21 11:40:23.903 26996 27003 W msgr.18q: Finalized without closing: 676a0de f3a52bf (type = 1Sh)
06-21 11:40:23.904 26996 27003 W msgr.18q: Finalized without closing: fc59d8c 36cecd5 (type = 1Sh)
06-21 11:40:27.199   360   360 I chatty  : uid=1000(system) /system/vendor/bin/RIDLClient.exe expire 13 lines
06-21 11:40:27.863  2275  4480 I chatty  : uid=1000(system) WifiMonitor expire 32 lines
