06-21 11:19:59.009  5344  5344 I TrustAgent.Tracker: [BluetoothConnectionTracker] Bluetooth connect broadast for EST EB:2B:E5:C0:13:5A
06-21 11:19:59.024  5476  6324 I chatty  : uid=1002(bluetooth) Binder_4 expire 9 lines
06-21 11:19:59.107  5476  6200 I chatty  : uid=1002(bluetooth) bluedroid wake/ expire 40 lines
06-21 11:20:01.023 23465  9364 I chatty  : uid=10246(com.bt2cloud) expire 10 lines
06-21 11:20:01.083  5476 21848 I chatty  : uid=1002(bluetooth) Binder_9 expire 4 lines
06-21 11:20:01.359 23465 23465 I chatty  : uid=10246(com.bt2cloud) expire 13 lines
06-21 11:20:05.319 32661 32741 I PlayCommon: [2055] com.google.android.play.a.g.e(220): Preparing logs for uploading
06-21 11:20:05.319 32661 32741 I PlayCommon: [2055] com.google.android.play.a.g.e(224): No file ready to send
06-21 11:20:07.242  7759  7466 W NamedFutures: Timeout future task has been cancelled: 10000 milliseconds
06-21 11:20:07.243  7759  7759 E SearchServiceStarter: Task 174 failed or timed out. Client 34125940872058262 disconnecting from SearchService!
06-21 11:20:07.243  7759  7759 E SearchServiceStarter: java.util.concurrent.CancellationException: Task was cancelled.
06-21 11:20:07.243  7759  7759 E SearchServiceStarter: 	at com.google.common.util.concurrent.d.cp(SourceFile:75)
06-21 11:20:07.243  7759  7759 E SearchServiceStarter: 	at com.google.common.util.concurrent.d.get(SourceFile:57)
06-21 11:20:07.243  7759  7759 E SearchServiceStarter: 	at com.google.common.util.concurrent.cj.n(SourceFile:2)
06-21 11:20:07.243  7759  7759 E SearchServiceStarter: 	at com.google.common.util.concurrent.ay.l(SourceFile:50)
06-21 11:20:07.243  7759  7759 E SearchServiceStarter: 	at com.google.common.util.concurrent.ba.run(SourceFile:5)
06-21 11:20:07.243  7759  7759 E SearchServiceStarter: 	at com.google.android.apps.gsa.shared.util.concurrent.a.bc.run(SourceFile:2)
06-21 11:20:07.243  7759  7759 E SearchServiceStarter: 	at android.os.Handler.handleCallback(Handler.java:739)
06-21 11:20:07.243  7759  7759 E SearchServiceStarter: 	at android.os.Handler.dispatchMessage(Handler.java:95)
06-21 11:20:07.243  7759  7759 E SearchServiceStarter: 	at android.os.Looper.loop(Looper.java:148)
06-21 11:20:07.243  7759  7759 E SearchServiceStarter: 	at android.app.ActivityThread.main(ActivityThread.java:5539)
06-21 11:20:07.243  7759  7759 E SearchServiceStarter: 	at java.lang.reflect.Method.invoke(Native Method)
06-21 11:20:07.243  7759  7759 E SearchServiceStarter: 	at com.android.internal.os.ZygoteInit$MethodAndArgsCaller.run(ZygoteInit.java:726)
06-21 11:20:07.243  7759  7759 E SearchServiceStarter: 	at com.android.internal.os.ZygoteInit.main(ZygoteInit.java:616)
06-21 11:20:07.243  7759  7759 W SearchService: Abort, client detached.
06-21 11:20:07.244  7759  7759 W SearchService: Abort, client detached.
06-21 11:20:07.299  4120  4120 I chatty  : uid=1010(wifi) /system/bin/wpa_supplicant expire 10 lines
06-21 11:20:07.317 23465 23505 I chatty  : uid=10246(com.bt2cloud) expire 17 lines
06-21 11:20:07.336 23465 23504 I chatty  : uid=10246(com.bt2cloud) expire 39 lines
06-21 11:20:09.002  5344  5344 I TrustAgent.Tracker: [BluetoothConnectionTracker] Bluetooth disconnect broadast for EST EB:2B:E5:C0:13:5A
06-21 11:20:09.119  7759  7466 W NamedFutures: Timeout future task has been cancelled: 10000 milliseconds
06-21 11:20:09.120  7759  7759 E SearchServiceStarter: Task 174 failed or timed out. Client 34125940872058263 disconnecting from SearchService!
06-21 11:20:09.120  7759  7759 E SearchServiceStarter: java.util.concurrent.CancellationException: Task was cancelled.
06-21 11:20:09.120  7759  7759 E SearchServiceStarter: 	at com.google.common.util.concurrent.d.cp(SourceFile:75)
06-21 11:20:09.120  7759  7759 E SearchServiceStarter: 	at com.google.common.util.concurrent.d.get(SourceFile:57)
06-21 11:20:09.120  7759  7759 E SearchServiceStarter: 	at com.google.common.util.concurrent.cj.n(SourceFile:2)
06-21 11:20:09.120  7759  7759 E SearchServiceStarter: 	at com.google.common.util.concurrent.ay.l(SourceFile:50)
06-21 11:20:09.120  7759  7759 E SearchServiceStarter: 	at com.google.common.util.concurrent.ba.run(SourceFile:5)
06-21 11:20:09.120  7759  7759 E SearchServiceStarter: 	at com.google.android.apps.gsa.shared.util.concurrent.a.bc.run(SourceFile:2)
06-21 11:20:09.120  7759  7759 E SearchServiceStarter: 	at android.os.Handler.handleCallback(Handler.java:739)
06-21 11:20:09.120  7759  7759 E SearchServiceStarter: 	at android.os.Handler.dispatchMessage(Handler.java:95)
06-21 11:20:09.120  7759  7759 E SearchServiceStarter: 	at android.os.Looper.loop(Looper.java:148)
06-21 11:20:09.120  7759  7759 E SearchServiceStarter: 	at android.app.ActivityThread.main(ActivityThread.java:5539)
06-21 11:20:09.120  7759  7759 E SearchServiceStarter: 	at java.lang.reflect.Method.invoke(Native Method)
06-21 11:20:09.120  7759  7759 E SearchServiceStarter: 	at com.android.internal.os.ZygoteInit$MethodAndArgsCaller.run(ZygoteInit.java:726)
06-21 11:20:09.120  7759  7759 E SearchServiceStarter: 	at com.android.internal.os.ZygoteInit.main(ZygoteInit.java:616)
06-21 11:20:09.120  7759  7759 W SearchService: Abort, client detached.
06-21 11:20:09.925  5476  6200 I chatty  : uid=1002(bluetooth) bluedroid wake/ expire 38 lines
06-21 11:20:10.103  5476  5495 I chatty  : uid=1002(bluetooth) Binder_2 expire 1 line
06-21 11:20:10.146  5344  5344 I TrustAgent.Tracker: [BluetoothConnectionTracker] Bluetooth connect broadast for EST EB:2B:E5:C0:13:5A
06-21 11:20:10.288  5476  5476 I chatty  : uid=1002(bluetooth) com.android.bluetooth expire 10 lines
06-21 11:20:10.589   332  2370 E NetlinkEvent: NetlinkEvent::FindParam(): Parameter 'TIME_NS' not found
06-21 11:20:10.590   332  2370 E NetlinkEvent: NetlinkEvent::FindParam(): Parameter 'UID' not found
06-21 11:20:11.028  5352  5352 I chatty  : uid=1000(system) Binder_E expire 2 lines
06-21 11:20:11.138  2275  3979 I chatty  : uid=1000(system) AlarmManager expire 11 lines
06-21 11:20:13.436   332  2370 E NetlinkEvent: NetlinkEvent::FindParam(): Parameter 'TIME_NS' not found
06-21 11:20:13.436   332  2370 E NetlinkEvent: NetlinkEvent::FindParam(): Parameter 'UID' not found
06-21 11:20:15.177  7759  7466 W NamedFutures: Timeout future task has been cancelled: 10000 milliseconds
06-21 11:20:15.182  7759  7759 E SearchServiceStarter: Task 174 failed or timed out. Client 34125940872058264 disconnecting from SearchService!
06-21 11:20:15.182  7759  7759 E SearchServiceStarter: java.util.concurrent.CancellationException: Task was cancelled.
06-21 11:20:15.182  7759  7759 E SearchServiceStarter: 	at com.google.common.util.concurrent.d.cp(SourceFile:75)
06-21 11:20:15.182  7759  7759 E SearchServiceStarter: 	at com.google.common.util.concurrent.d.get(SourceFile:57)
06-21 11:20:15.182  7759  7759 E SearchServiceStarter: 	at com.google.common.util.concurrent.cj.n(SourceFile:2)
06-21 11:20:15.182  7759  7759 E SearchServiceStarter: 	at com.google.common.util.concurrent.ay.l(SourceFile:50)
06-21 11:20:15.182  7759  7759 E SearchServiceStarter: 	at com.google.common.util.concurrent.ba.run(SourceFile:5)
06-21 11:20:15.182  7759  7759 E SearchServiceStarter: 	at com.google.android.apps.gsa.shared.util.concurrent.a.bc.run(SourceFile:2)
06-21 11:20:15.182  7759  7759 E SearchServiceStarter: 	at android.os.Handler.handleCallback(Handler.java:739)
06-21 11:20:15.182  7759  7759 E SearchServiceStarter: 	at android.os.Handler.dispatchMessage(Handler.java:95)
06-21 11:20:15.182  7759  7759 E SearchServiceStarter: 	at android.os.Looper.loop(Looper.java:148)
06-21 11:20:15.182  7759  7759 E SearchServiceStarter: 	at android.app.ActivityThread.main(ActivityThread.java:5539)
06-21 11:20:15.182  7759  7759 E SearchServiceStarter: 	at java.lang.reflect.Method.invoke(Native Method)
06-21 11:20:15.182  7759  7759 E SearchServiceStarter: 	at com.android.internal.os.ZygoteInit$MethodAndArgsCaller.run(ZygoteInit.java:726)
06-21 11:20:15.182  7759  7759 E SearchServiceStarter: 	at com.android.internal.os.ZygoteInit.main(ZygoteInit.java:616)
06-21 11:20:15.182  7759  7759 W SearchService: Abort, client detached.
06-21 11:20:15.182  7759  7759 W SearchService: Abort, client detached.
06-21 11:20:18.585 23465 23576 I chatty  : uid=10246(com.bt2cloud) expire 10 lines
06-21 11:20:19.288  5476  5663 I chatty  : uid=1002(bluetooth) BT Service Call expire 24 lines
06-21 11:20:19.290  2275  2287 I chatty  : uid=1000(system) Binder_2 expire 5 lines
06-21 11:20:20.108  5344  5344 I TrustAgent.Tracker: [BluetoothConnectionTracker] Bluetooth disconnect broadast for EST EB:2B:E5:C0:13:5A
06-21 11:20:20.110  2275  4017 I chatty  : uid=1000(system) Binder_3 expire 8 lines
06-21 11:20:20.179  7759  7466 W NamedFutures: Timeout future task has been cancelled: 10000 milliseconds
06-21 11:20:20.180  7759  7759 E SearchServiceStarter: Task 174 failed or timed out. Client 34125940872058265 disconnecting from SearchService!
06-21 11:20:20.180  7759  7759 E SearchServiceStarter: java.util.concurrent.CancellationException: Task was cancelled.
06-21 11:20:20.180  7759  7759 E SearchServiceStarter: 	at com.google.common.util.concurrent.d.cp(SourceFile:75)
06-21 11:20:20.180  7759  7759 E SearchServiceStarter: 	at com.google.common.util.concurrent.d.get(SourceFile:57)
06-21 11:20:20.180  7759  7759 E SearchServiceStarter: 	at com.google.common.util.concurrent.cj.n(SourceFile:2)
06-21 11:20:20.180  7759  7759 E SearchServiceStarter: 	at com.google.common.util.concurrent.ay.l(SourceFile:50)
06-21 11:20:20.180  7759  7759 E SearchServiceStarter: 	at com.google.common.util.concurrent.ba.run(SourceFile:5)
06-21 11:20:20.180  7759  7759 E SearchServiceStarter: 	at com.google.android.apps.gsa.shared.util.concurrent.a.bc.run(SourceFile:2)
06-21 11:20:20.180  7759  7759 E SearchServiceStarter: 	at android.os.Handler.handleCallback(Handler.java:739)
06-21 11:20:20.180  7759  7759 E SearchServiceStarter: 	at android.os.Handler.dispatchMessage(Handler.java:95)
06-21 11:20:20.180  7759  7759 E SearchServiceStarter: 	at android.os.Looper.loop(Looper.java:148)
06-21 11:20:20.180  7759  7759 E SearchServiceStarter: 	at android.app.ActivityThread.main(ActivityThread.java:5539)
06-21 11:20:20.180  7759  7759 E SearchServiceStarter: 	at java.lang.reflect.Method.invoke(Native Method)
06-21 11:20:20.180  7759  7759 E SearchServiceStarter: 	at com.android.internal.os.ZygoteInit$MethodAndArgsCaller.run(ZygoteInit.java:726)
06-21 11:20:20.180  7759  7759 E SearchServiceStarter: 	at com.android.internal.os.ZygoteInit.main(ZygoteInit.java:616)
06-21 11:20:20.181  7759  7759 W SearchService: Abort, client detached.
06-21 11:20:21.043  5476  6200 I chatty  : uid=1002(bluetooth) bluedroid wake/ expire 61 lines
06-21 11:20:21.337  5344  5344 I TrustAgent.Tracker: [BluetoothConnectionTracker] Bluetooth connect broadast for EST EB:2B:E5:C0:13:5A
06-21 11:20:21.373  2275  5428 I chatty  : uid=1000(system) Binder_10 expire 9 lines
06-21 11:20:21.451  5344  5344 I TrustAgent.Tracker: [BluetoothConnectionTracker] Bluetooth disconnect broadast for EST EB:2B:E5:C0:13:5A
06-21 11:20:21.489  5476  5476 I chatty  : uid=1002(bluetooth) com.android.bluetooth expire 11 lines
06-21 11:20:21.758  5344  5344 I TrustAgent.Tracker: [BluetoothConnectionTracker] Bluetooth connect broadast for EST EB:2B:E5:C0:13:5A
06-21 11:20:22.344  4120  4120 I chatty  : uid=1010(wifi) /system/bin/wpa_supplicant expire 10 lines
06-21 11:20:22.764  5344  5344 I TrustAgent.Tracker: [BluetoothConnectionTracker] Bluetooth disconnect broadast for EST EB:2B:E5:C0:13:5A
06-21 11:20:25.116  7759  7466 W NamedFutures: Timeout future task has been cancelled: 10000 milliseconds
06-21 11:20:25.118  7759  7759 E SearchServiceStarter: Task 174 failed or timed out. Client 34125940872058266 disconnecting from SearchService!
06-21 11:20:25.118  7759  7759 E SearchServiceStarter: java.util.concurrent.CancellationException: Task was cancelled.
06-21 11:20:25.118  7759  7759 E SearchServiceStarter: 	at com.google.common.util.concurrent.d.cp(SourceFile:75)
06-21 11:20:25.118  7759  7759 E SearchServiceStarter: 	at com.google.common.util.concurrent.d.get(SourceFile:57)
06-21 11:20:25.118  7759  7759 E SearchServiceStarter: 	at com.google.common.util.concurrent.cj.n(SourceFile:2)
06-21 11:20:25.118  7759  7759 E SearchServiceStarter: 	at com.google.common.util.concurrent.ay.l(SourceFile:50)
06-21 11:20:25.118  7759  7759 E SearchServiceStarter: 	at com.google.common.util.concurrent.ba.run(SourceFile:5)
06-21 11:20:25.118  7759  7759 E SearchServiceStarter: 	at com.google.android.apps.gsa.shared.util.concurrent.a.bc.run(SourceFile:2)
06-21 11:20:25.118  7759  7759 E SearchServiceStarter: 	at android.os.Handler.handleCallback(Handler.java:739)
06-21 11:20:25.118  7759  7759 E SearchServiceStarter: 	at android.os.Handler.dispatchMessage(Handler.java:95)
06-21 11:20:25.118  7759  7759 E SearchServiceStarter: 	at android.os.Looper.loop(Looper.java:148)
06-21 11:20:25.118  7759  7759 E SearchServiceStarter: 	at android.app.ActivityThread.main(ActivityThread.java:5539)
06-21 11:20:25.118  7759  7759 E SearchServiceStarter: 	at java.lang.reflect.Method.invoke(Native Method)
06-21 11:20:25.118  7759  7759 E SearchServiceStarter: 	at com.android.internal.os.ZygoteInit$MethodAndArgsCaller.run(ZygoteInit.java:726)
06-21 11:20:25.118  7759  7759 E SearchServiceStarter: 	at com.android.internal.os.ZygoteInit.main(ZygoteInit.java:616)
06-21 11:20:25.120  7759  7759 W SearchService: Abort, client detached.
06-21 11:20:25.121  7759  7759 W SearchService: Abort, client detached.
06-21 11:20:26.199   360   360 I chatty  : uid=1000(system) /system/vendor/bin/RIDLClient.exe expire 10 lines
06-21 11:20:28.642 23465 20105 I chatty  : uid=10246(com.bt2cloud) expire 10 lines
06-21 11:20:31.380  7759  7466 W NamedFutures: Timeout future task has been cancelled: 10000 milliseconds
06-21 11:20:31.382  7759  7759 E SearchServiceStarter: Task 174 failed or timed out. Client 34125940872058267 disconnecting from SearchService!
06-21 11:20:31.382  7759  7759 E SearchServiceStarter: java.util.concurrent.CancellationException: Task was cancelled.
06-21 11:20:31.382  7759  7759 E SearchServiceStarter: 	at com.google.common.util.concurrent.d.cp(SourceFile:75)
06-21 11:20:31.382  7759  7759 E SearchServiceStarter: 	at com.google.common.util.concurrent.d.get(SourceFile:57)
06-21 11:20:31.382  7759  7759 E SearchServiceStarter: 	at com.google.common.util.concurrent.cj.n(SourceFile:2)
06-21 11:20:31.382  7759  7759 E SearchServiceStarter: 	at com.google.common.util.concurrent.ay.l(SourceFile:50)
06-21 11:20:31.382  7759  7759 E SearchServiceStarter: 	at com.google.common.util.concurrent.ba.run(SourceFile:5)
06-21 11:20:31.382  7759  7759 E SearchServiceStarter: 	at com.google.android.apps.gsa.shared.util.concurrent.a.bc.run(SourceFile:2)
06-21 11:20:31.382  7759  7759 E SearchServiceStarter: 	at android.os.Handler.handleCallback(Handler.java:739)
06-21 11:20:31.382  7759  7759 E SearchServiceStarter: 	at android.os.Handler.dispatchMessage(Handler.java:95)
06-21 11:20:31.382  7759  7759 E SearchServiceStarter: 	at android.os.Looper.loop(Looper.java:148)
06-21 11:20:31.382  7759  7759 E SearchServiceStarter: 	at android.app.ActivityThread.main(ActivityThread.java:5539)
06-21 11:20:31.382  7759  7759 E SearchServiceStarter: 	at java.lang.reflect.Method.invoke(Native Method)
06-21 11:20:31.382  7759  7759 E SearchServiceStarter: 	at com.android.internal.os.ZygoteInit$MethodAndArgsCaller.run(ZygoteInit.java:726)
06-21 11:20:31.382  7759  7759 E SearchServiceStarter: 	at com.android.internal.os.ZygoteInit.main(ZygoteInit.java:616)
06-21 11:20:31.382  7759  7759 W SearchService: Abort, client detached.
06-21 11:20:31.382  7759  7759 W SearchService: Abort, client detached.
06-21 11:20:31.771  7759  7466 W NamedFutures: Timeout future task has been cancelled: 10000 milliseconds
06-21 11:20:31.773  7759  7759 E SearchServiceStarter: Task 174 failed or timed out. Client 34125940872058268 disconnecting from SearchService!
06-21 11:20:31.773  7759  7759 E SearchServiceStarter: java.util.concurrent.CancellationException: Task was cancelled.
06-21 11:20:31.773  7759  7759 E SearchServiceStarter: 	at com.google.common.util.concurrent.d.cp(SourceFile:75)
06-21 11:20:31.773  7759  7759 E SearchServiceStarter: 	at com.google.common.util.concurrent.d.get(SourceFile:57)
06-21 11:20:31.773  7759  7759 E SearchServiceStarter: 	at com.google.common.util.concurrent.cj.n(SourceFile:2)
06-21 11:20:31.773  7759  7759 E SearchServiceStarter: 	at com.google.common.util.concurrent.ay.l(SourceFile:50)
06-21 11:20:31.773  7759  7759 E SearchServiceStarter: 	at com.google.common.util.concurrent.ba.run(SourceFile:5)
06-21 11:20:31.773  7759  7759 E SearchServiceStarter: 	at com.google.android.apps.gsa.shared.util.concurrent.a.bc.run(SourceFile:2)
06-21 11:20:31.773  7759  7759 E SearchServiceStarter: 	at android.os.Handler.handleCallback(Handler.java:739)
06-21 11:20:31.773  7759  7759 E SearchServiceStarter: 	at android.os.Handler.dispatchMessage(Handler.java:95)
06-21 11:20:31.773  7759  7759 E SearchServiceStarter: 	at android.os.Looper.loop(Looper.java:148)
06-21 11:20:31.773  7759  7759 E SearchServiceStarter: 	at android.app.ActivityThread.main(ActivityThread.java:5539)
06-21 11:20:31.773  7759  7759 E SearchServiceStarter: 	at java.lang.reflect.Method.invoke(Native Method)
06-21 11:20:31.773  7759  7759 E SearchServiceStarter: 	at com.android.internal.os.ZygoteInit$MethodAndArgsCaller.run(ZygoteInit.java:726)
06-21 11:20:31.773  7759  7759 E SearchServiceStarter: 	at com.android.internal.os.ZygoteInit.main(ZygoteInit.java:616)
06-21 11:20:31.774  7759  7759 W SearchService: Abort, client detached.
06-21 11:20:32.336  5476  5663 I chatty  : uid=1002(bluetooth) BT Service Call expire 22 lines
06-21 11:20:33.325 23465 23465 I chatty  : uid=10246(com.bt2cloud) expire 41 lines
06-21 11:20:36.221  7759  7466 W NamedFutures: Timeout future task has been cancelled: 10000 milliseconds
06-21 11:20:36.222  7759  7759 E SearchServiceStarter: Task 174 failed or timed out. Client 34125940872058269 disconnecting from SearchService!
06-21 11:20:36.222  7759  7759 E SearchServiceStarter: java.util.concurrent.CancellationException: Task was cancelled.
06-21 11:20:36.222  7759  7759 E SearchServiceStarter: 	at com.google.common.util.concurrent.d.cp(SourceFile:75)
06-21 11:20:36.222  7759  7759 E SearchServiceStarter: 	at com.google.common.util.concurrent.d.get(SourceFile:57)
06-21 11:20:36.222  7759  7759 E SearchServiceStarter: 	at com.google.common.util.concurrent.cj.n(SourceFile:2)
06-21 11:20:36.222  7759  7759 E SearchServiceStarter: 	at com.google.common.util.concurrent.ay.l(SourceFile:50)
06-21 11:20:36.222  7759  7759 E SearchServiceStarter: 	at com.google.common.util.concurrent.ba.run(SourceFile:5)
06-21 11:20:36.222  7759  7759 E SearchServiceStarter: 	at com.google.android.apps.gsa.shared.util.concurrent.a.bc.run(SourceFile:2)
06-21 11:20:36.222  7759  7759 E SearchServiceStarter: 	at android.os.Handler.handleCallback(Handler.java:739)
06-21 11:20:36.222  7759  7759 E SearchServiceStarter: 	at android.os.Handler.dispatchMessage(Handler.java:95)
06-21 11:20:36.222  7759  7759 E SearchServiceStarter: 	at android.os.Looper.loop(Looper.java:148)
06-21 11:20:36.222  7759  7759 E SearchServiceStarter: 	at android.app.ActivityThread.main(ActivityThread.java:5539)
06-21 11:20:36.222  7759  7759 E SearchServiceStarter: 	at java.lang.reflect.Method.invoke(Native Method)
06-21 11:20:36.222  7759  7759 E SearchServiceStarter: 	at com.android.internal.os.ZygoteInit$MethodAndArgsCaller.run(ZygoteInit.java:726)
06-21 11:20:36.222  7759  7759 E SearchServiceStarter: 	at com.android.internal.os.ZygoteInit.main(ZygoteInit.java:616)
06-21 11:20:36.243  7759  7759 E WorkerRegistryImpl: getWorker() is called after WorkerRegistry disposal.
06-21 11:20:36.245  7759  7759 E WorkerRegistryImpl: getWorker() is called after WorkerRegistry disposal.
06-21 11:20:37.396  4120  4120 I chatty  : uid=1010(wifi) /system/bin/wpa_supplicant expire 10 lines
06-21 11:20:38.632  5476  6200 I chatty  : uid=1002(bluetooth) bluedroid wake/ expire 11 lines
06-21 11:20:46.211   360   360 I chatty  : uid=1000(system) /system/vendor/bin/RIDLClient.exe expire 14 lines
06-21 11:20:47.659 32661 32740 I PlayCommon: [2054] com.google.android.play.a.g.e(220): Preparing logs for uploading
06-21 11:20:47.659 32661 32740 I PlayCommon: [2054] com.google.android.play.a.g.e(224): No file ready to send
06-21 11:20:51.306  5476  5663 I chatty  : uid=1002(bluetooth) BT Service Call expire 35 lines
06-21 11:20:52.442  4120  4120 I chatty  : uid=1010(wifi) /system/bin/wpa_supplicant expire 30 lines
06-21 11:20:54.344 23465 23465 I chatty  : uid=10246(com.bt2cloud) expire 37 lines
06-21 11:20:55.114  2275  4480 I chatty  : uid=1000(system) WifiMonitor expire 14 lines
06-21 11:20:57.389   332  2370 E NetlinkEvent: NetlinkEvent::FindParam(): Parameter 'TIME_NS' not found
06-21 11:20:57.389   332  2370 E NetlinkEvent: NetlinkEvent::FindParam(): Parameter 'UID' not found
06-21 11:20:58.311  5476  5476 I chatty  : uid=1002(bluetooth) com.android.bluetooth expire 10 lines
06-21 11:20:59.600   332  2370 E NetlinkEvent: NetlinkEvent::FindParam(): Parameter 'TIME_NS' not found
06-21 11:20:59.600   332  2370 E NetlinkEvent: NetlinkEvent::FindParam(): Parameter 'UID' not found
06-21 11:21:03.296  2275  4962 I chatty  : uid=1000(system) Binder_9 expire 1 line
06-21 11:21:06.300  5476  5617 I chatty  : uid=1002(bluetooth) bluedroid wake/ expire 10 lines
06-21 11:21:06.309  2275  2286 I chatty  : uid=1000(system) Binder_1 expire 3 lines
06-21 11:21:11.440  2275  4917 I chatty  : uid=1000(system) Binder_6 expire 1 line
06-21 11:21:15.302  2275  4961 I chatty  : uid=1000(system) Binder_8 expire 2 lines
06-21 11:21:17.290  2275  5334 I chatty  : uid=1000(system) Binder_D expire 1 line
06-21 11:21:19.304  2275  4674 I chatty  : uid=1000(system) Binder_5 expire 11 lines
06-21 11:21:25.084  2275  3979 I chatty  : uid=1000(system) AlarmManager expire 13 lines
06-21 11:21:25.097  5344  7801 I Places  : Converted 0 out of 13 WiFi scans
06-21 11:21:25.109  2275  5116 I chatty  : uid=1000(system) Binder_C expire 11 lines
06-21 11:21:25.113  5344 23004 W ctxmgr  : [AclManager]No 2 for (accnt=account#-785086692#, com.google.android.gms(10010):UserLocationProducer, vrsn=11055000, 0, 3pPkg = null ,  3pMdlId = null ,  pid = 5344). Was: 2 for 1, account#-785086692#
06-21 11:21:25.118  5344 23004 W ctxmgr  : [AclManager]No 2 for (accnt=account#1345894916#, com.google.android.gms(10010):UserLocationProducer, vrsn=11055000, 0, 3pPkg = null ,  3pMdlId = null ,  pid = 5344). Was: 2 for 1, account#1345894916#
06-21 11:21:25.185  5344  4531 I GCoreUlr: Successfully inserted 1 locations
06-21 11:21:25.305  2275  2286 I chatty  : uid=1000(system) Binder_1 expire 10 lines
06-21 11:21:26.246   360   360 I chatty  : uid=1000(system) /system/vendor/bin/RIDLClient.exe expire 23 lines
06-21 11:21:26.798  2275  5352 I chatty  : uid=1000(system) Binder_E expire 12 lines
06-21 11:21:26.877 26996 27003 W msgr.18q: Finalized without closing: 67954b e999b28 (type = Bitmap)
06-21 11:21:26.877 26996 27003 W msgr.18q: Finalized without closing: d9d7041 782c9e6 (type = 1Sh)
06-21 11:21:26.878 26996 27003 W msgr.18q: Finalized without closing: a183b27 58141d4 (type = 1Sh)
06-21 11:21:26.878 26996 27003 W msgr.18q: Finalized without closing: 80fcf7d 7a19e72 (type = 1Sh)
06-21 11:21:26.882 26996 27003 W msgr.18q: Finalized without closing: c4362c3 69aa740 (type = Bitmap)
06-21 11:21:26.882 26996 27003 W msgr.18q: Finalized without closing: a4ee679 8672fbe (type = 1Sh)
06-21 11:21:26.882 26996 27003 W msgr.18q: Finalized without closing: f6f681f b22f76c (type = 1Sh)
06-21 11:21:26.882 26996 27003 W msgr.18q: Finalized without closing: ece7135 86289ca (type = 1Sh)
06-21 11:21:26.944  2275  4168 I chatty  : uid=1000(system) Binder_4 expire 12 lines
06-21 11:21:27.076  2275  4962 I chatty  : uid=1000(system) Binder_9 expire 8 lines
06-21 11:21:27.239  2275  2275 I chatty  : uid=1000 system_server expire 5 lines
06-21 11:21:27.266  2275  4966 I chatty  : uid=1000(system) Binder_A expire 13 lines
06-21 11:21:27.300  2275  4917 I chatty  : uid=1000(system) Binder_6 expire 11 lines
06-21 11:21:28.600  2275  5334 I chatty  : uid=1000(system) Binder_D expire 9 lines
06-21 11:21:29.315 23465 23465 I chatty  : uid=10246(com.bt2cloud) expire 64 lines
06-21 11:21:30.905  2275  4943 I chatty  : uid=1000(system) Binder_7 expire 11 lines
06-21 11:21:31.297  2275  4017 I chatty  : uid=1000(system) Binder_3 expire 11 lines
06-21 11:21:31.309  2275  5428 I chatty  : uid=1000(system) Binder_10 expire 11 lines
06-21 11:21:33.325  2275  5058 I chatty  : uid=1000(system) Binder_B expire 16 lines
06-21 11:21:36.328  2275  2287 I chatty  : uid=1000(system) Binder_2 expire 12 lines
06-21 11:21:36.990  2275  2299 I chatty  : uid=1000(system) android.bg expire 6 lines
06-21 11:21:37.300  2275  4961 I chatty  : uid=1000(system) Binder_8 expire 14 lines
06-21 11:21:37.594  4120  4120 I chatty  : uid=1010(wifi) /system/bin/wpa_supplicant expire 20 lines
06-21 11:21:38.640 23465 20105 I chatty  : uid=10246(com.bt2cloud) expire 10 lines
06-21 11:21:39.304  5476  5663 I chatty  : uid=1002(bluetooth) BT Service Call expire 29 lines
06-21 11:22:03.269   332  2370 E NetlinkEvent: NetlinkEvent::FindParam(): Parameter 'TIME_NS' not found
06-21 11:22:03.269   332  2370 E NetlinkEvent: NetlinkEvent::FindParam(): Parameter 'UID' not found
06-21 11:22:04.055   332  2370 E NetlinkEvent: NetlinkEvent::FindParam(): Parameter 'TIME_NS' not found
06-21 11:22:04.055   332  2370 E NetlinkEvent: NetlinkEvent::FindParam(): Parameter 'UID' not found
06-21 11:22:04.102  2275  5397 I chatty  : uid=1000(system) Binder_F expire 7 lines
06-21 11:22:04.124 10540 10540 E FirebaseInstanceId: Failed to resolve target intent service, skipping classname enforcement
06-21 11:22:04.124 10540 10540 E FirebaseInstanceId: Error while delivering the message: ServiceIntent not found.
06-21 11:22:04.177  4135  4933 I asset   : Successfully loaded resource /system/framework/oxygen-framework-res.apk
06-21 11:22:04.250  4135  4135 D KeyguardUpdateMonitor: isUnlockingWithFingerprintAllowed: StrongAuthTracker = true, fingerPrintUnlocktimedOut = false
06-21 11:22:04.252  4135  4135 D PhoneStatusBar: disable: < expand ICONS* alerts SYSTEM_INFO* back home recent clock search quick_settings >
06-21 11:22:07.692  4120  4120 I chatty  : uid=1010(wifi) /system/bin/wpa_supplicant expire 78 lines
06-21 11:22:10.245  4135  4135 D KeyguardUpdateMonitor: isUnlockingWithFingerprintAllowed: StrongAuthTracker = true, fingerPrintUnlocktimedOut = false
06-21 11:22:10.267  4135  4135 D PhoneStatusBar: disable: < expand icons* alerts system_info* back home recent clock search quick_settings >
06-21 11:22:16.289   360   360 I chatty  : uid=1000(system) /system/vendor/bin/RIDLClient.exe expire 28 lines
06-21 11:22:18.601 23465 23476 I chatty  : uid=10246(com.bt2cloud) expire 10 lines
06-21 11:22:20.307 23465 23465 I chatty  : uid=10246(com.bt2cloud) expire 36 lines
06-21 11:22:28.009  2275  4480 I chatty  : uid=1000(system) WifiMonitor expire 20 lines
06-21 11:22:28.657  5476  6200 I chatty  : uid=1002(bluetooth) bluedroid wake/ expire 15 lines
06-21 11:22:29.331  5476  5663 I chatty  : uid=1002(bluetooth) BT Service Call expire 38 lines
06-21 11:22:34.010  8476  8573 D cr_CronetHttpURLConnection: [CronetHttpURLConnection.java:406] setConnectTimeout is not supported by CronetHttpURLConnection
06-21 11:22:34.010  8476  8573 D cr_CronetHttpURLConnection: [CronetHttpURLConnection.java:213] Outputstream is being buffered in memory.
06-21 11:22:34.787  4120  4120 I chatty  : uid=1010(wifi) /system/bin/wpa_supplicant expire 40 lines
06-21 11:22:36.272 32357  6806 I CastDatabase: Saving the database
06-21 11:22:36.272 32357  6806 I SQLiteCastStore: Saving 0 CastNetworkInfo instances, 0 CastDeviceInfo instances, 0 paired guest mode devices.
06-21 11:22:36.295 32357  6806 E SQLiteCastStore: End saving paired guest mode devices
06-21 11:22:39.329 23465 23465 I chatty  : uid=10246(com.bt2cloud) expire 74 lines
06-21 11:22:48.638 23465 23477 I chatty  : uid=10246(com.bt2cloud) expire 12 lines
06-21 11:23:25.130  5344 23004 W ctxmgr  : [AclManager]No 2 for (accnt=account#-785086692#, com.google.android.gms(10010):UserLocationProducer, vrsn=11055000, 0, 3pPkg = null ,  3pMdlId = null ,  pid = 5344). Was: 2 for 1, account#-785086692#
06-21 11:23:25.130  5344 23004 W ctxmgr  : [AclManager]No 2 for (accnt=account#1345894916#, com.google.android.gms(10010):UserLocationProducer, vrsn=11055000, 0, 3pPkg = null ,  3pMdlId = null ,  pid = 5344). Was: 2 for 1, account#1345894916#
06-21 11:23:25.157  5344  4531 I GCoreUlr: Successfully inserted 1 locations
06-21 11:23:25.170 25864 26149 D BluetoothAdapter: STATE_ON
06-21 11:23:25.172  5476  5663 I chatty  : uid=1002(bluetooth) BT Service Call expire 48 lines
06-21 11:23:25.172 25864 25876 D BluetoothLeScanner: onClientRegistered() - status=0 clientIf=13
06-21 11:23:25.706 25864 26149 D BluetoothAdapter: STATE_ON
06-21 11:23:25.707 25864 26149 D BluetoothAdapter: STATE_ON
06-21 11:23:25.707  5476 14311 I chatty  : uid=1002(bluetooth) Binder_C expire 4 lines
06-21 11:23:26.349   360   360 I chatty  : uid=1000(system) /system/vendor/bin/RIDLClient.exe expire 12 lines
06-21 11:23:26.960  2275  2300 I chatty  : uid=1000(system) ActivityManager expire 4 lines
06-21 11:23:28.079  2275  4480 I chatty  : uid=1000(system) WifiMonitor expire 12 lines
06-21 11:23:28.751   332  2370 E NetlinkEvent: NetlinkEvent::FindParam(): Parameter 'TIME_NS' not found
06-21 11:23:28.751   332  2370 E NetlinkEvent: NetlinkEvent::FindParam(): Parameter 'UID' not found
06-21 11:23:29.316  2275  2286 I chatty  : uid=1000(system) Binder_1 expire 9 lines
06-21 11:23:29.349 23465 23465 I chatty  : uid=10246(com.bt2cloud) expire 40 lines
06-21 11:23:29.349  2275  4943 I chatty  : uid=1000(system) Binder_7 expire 5 lines
06-21 11:23:30.359  2275  5352 I chatty  : uid=1000(system) Binder_E expire 6 lines
06-21 11:23:30.987  2275  4168 I chatty  : uid=1000(system) Binder_4 expire 8 lines
06-21 11:23:33.623   332  2370 E NetlinkEvent: NetlinkEvent::FindParam(): Parameter 'TIME_NS' not found
06-21 11:23:33.623   332  2370 E NetlinkEvent: NetlinkEvent::FindParam(): Parameter 'UID' not found
06-21 11:23:34.992  4120  4120 I chatty  : uid=1010(wifi) /system/bin/wpa_supplicant expire 10 lines
06-21 11:23:43.349  2275  5116 I chatty  : uid=1000(system) Binder_C expire 6 lines
06-21 11:23:45.322  2275  4017 I chatty  : uid=1000(system) Binder_3 expire 6 lines
06-21 11:23:46.236  7636  7677 I PlayCommon: [3125] PlayEventLogger.uploadEventsImpl: Preparing logs for uploading
06-21 11:23:46.237  7636  7677 I PlayCommon: [3125] PlayEventLogger.uploadEventsImpl: No file ready to send
06-21 11:23:49.440 32661 32706 I PlayCommon: [2028] com.google.android.play.a.g.e(220): Preparing logs for uploading
06-21 11:23:49.441 32661 32706 I PlayCommon: [2028] com.google.android.play.a.g.e(224): No file ready to send
06-21 11:23:50.045  4120  4120 I chatty  : uid=1010(wifi) /system/bin/wpa_supplicant expire 150 lines
06-21 11:23:56.369   360   360 I chatty  : uid=1000(system) /system/vendor/bin/RIDLClient.exe expire 24 lines
06-21 11:23:59.324  5476  5663 I chatty  : uid=1002(bluetooth) BT Service Call expire 46 lines
06-21 11:23:59.355 23465 23465 I chatty  : uid=10246(com.bt2cloud) expire 93 lines
06-21 11:24:03.295  2275  4966 I chatty  : uid=1000(system) Binder_A expire 4 lines
06-21 11:24:09.289  2275  4674 I chatty  : uid=1000(system) Binder_5 expire 13 lines
06-21 11:24:46.323  2275  5334 I chatty  : uid=1000(system) Binder_D expire 11 lines
06-21 11:24:47.275  2275  4917 I chatty  : uid=1000(system) Binder_6 expire 11 lines
06-21 11:24:47.315  2275  2287 I chatty  : uid=1000(system) Binder_2 expire 11 lines
06-21 11:24:49.321  2275  5058 I chatty  : uid=1000(system) Binder_B expire 10 lines
06-21 11:24:50.691  2275  5352 I chatty  : uid=1000(system) Binder_E expire 10 lines
06-21 11:24:51.324  2275  5397 I chatty  : uid=1000(system) Binder_F expire 13 lines
06-21 11:24:52.831 32661 21503 I PlayCommon: [2068] com.google.android.play.a.g.e(220): Preparing logs for uploading
06-21 11:24:52.832 32661 21503 I PlayCommon: [2068] com.google.android.play.a.g.e(224): No file ready to send
06-21 11:24:53.104  2275  4961 I chatty  : uid=1000(system) Binder_8 expire 11 lines
06-21 11:24:53.328  2275  5428 I chatty  : uid=1000(system) Binder_10 expire 11 lines
06-21 11:24:56.326  2275  3979 I chatty  : uid=1000(system) AlarmManager expire 11 lines
06-21 11:24:56.335  2275  4966 I chatty  : uid=1000(system) Binder_A expire 12 lines
06-21 11:24:56.419   360   360 I chatty  : uid=1000(system) /system/vendor/bin/RIDLClient.exe expire 23 lines
06-21 11:24:56.580  2275  4017 I chatty  : uid=1000(system) Binder_3 expire 10 lines
06-21 11:24:56.748 22437 22437 W IntentService[A: type=1400 audit(0.0:18316): avc: denied { read } for name="mem" dev="debugfs" ino=782939 scontext=u:r:untrusted_app:s0:c512,c768 tcontext=u:object_r:debugfs:s0 tclass=file permissive=0
06-21 11:24:56.748 22437 22437 W IntentService[A: type=1400 audit(0.0:18317): avc: denied { read } for name="mem" dev="debugfs" ino=782939 scontext=u:r:untrusted_app:s0:c512,c768 tcontext=u:object_r:debugfs:s0 tclass=file permissive=0
06-21 11:24:58.134  2275  4480 I chatty  : uid=1000(system) WifiMonitor expire 22 lines
06-21 11:24:58.183 32357  6806 E Publisher: ProcessDatabaseInternal start
06-21 11:24:58.185 32357  6806 I CastMediaRouteProvider: onDevicesPublished with 0 devices
06-21 11:24:58.186 32357  6806 I CastMediaRouteProvider: Published 0 routes
06-21 11:24:58.212  5344  7801 I Places  : Converted 12 out of 12 WiFi scans
06-21 11:24:58.225  2275  4943 I chatty  : uid=1000(system) Binder_7 expire 6 lines
06-21 11:24:58.226  2275  4168 I chatty  : uid=1000(system) Binder_4 expire 11 lines
06-21 11:24:58.237  5344  3561 W ctxmgr  : [AclManager]No 2 for (accnt=account#-785086692#, com.google.android.gms(10010):UserLocationProducer, vrsn=11055000, 0, 3pPkg = null ,  3pMdlId = null ,  pid = 5344). Was: 2 for 1, account#-785086692#
06-21 11:24:58.242  5344  3561 W ctxmgr  : [AclManager]No 2 for (accnt=account#1345894916#, com.google.android.gms(10010):UserLocationProducer, vrsn=11055000, 0, 3pPkg = null ,  3pMdlId = null ,  pid = 5344). Was: 2 for 1, account#1345894916#
06-21 11:24:58.251  5344 23004 I GCoreUlr: Successfully inserted 1 locations
06-21 11:24:58.709  5476  6200 I chatty  : uid=1002(bluetooth) bluedroid wake/ expire 10 lines
06-21 11:24:58.710 23465 23477 I chatty  : uid=10246(com.bt2cloud) expire 10 lines
06-21 11:25:00.004  2275  2275 I chatty  : uid=1000 system_server expire 5 lines
06-21 11:25:00.272  5476  5663 I chatty  : uid=1002(bluetooth) BT Service Call expire 60 lines
06-21 11:25:00.305 23465 23465 I chatty  : uid=10246(com.bt2cloud) expire 119 lines
06-21 11:25:00.754  2275  2286 I chatty  : uid=1000(system) Binder_1 expire 11 lines
06-21 11:25:02.306  4120  4120 I chatty  : uid=1010(wifi) /system/bin/wpa_supplicant expire 40 lines
06-21 11:25:05.419 32661 32741 I PlayCommon: [2055] com.google.android.play.a.g.e(220): Preparing logs for uploading
06-21 11:25:05.419 32661 32741 I PlayCommon: [2055] com.google.android.play.a.g.e(224): No file ready to send
06-21 11:25:19.462  5476  5476 I chatty  : uid=1002(bluetooth) com.android.bluetooth expire 10 lines
06-21 11:25:19.465  2275  4962 I chatty  : uid=1000(system) Binder_9 expire 11 lines
06-21 11:25:23.326  2275  5116 I chatty  : uid=1000(system) Binder_C expire 10 lines
06-21 11:25:28.681 23465  9364 I chatty  : uid=10246(com.bt2cloud) expire 10 lines
06-21 11:25:38.670 23465 20105 I chatty  : uid=10246(com.bt2cloud) expire 10 lines
06-21 11:25:40.669   332  2370 E NetlinkEvent: NetlinkEvent::FindParam(): Parameter 'TIME_NS' not found
06-21 11:25:40.669   332  2370 E NetlinkEvent: NetlinkEvent::FindParam(): Parameter 'UID' not found
06-21 11:25:43.572   332  2370 E NetlinkEvent: NetlinkEvent::FindParam(): Parameter 'TIME_NS' not found
06-21 11:25:43.572   332  2370 E NetlinkEvent: NetlinkEvent::FindParam(): Parameter 'UID' not found
06-21 11:25:47.761 32661 32740 I PlayCommon: [2054] com.google.android.play.a.g.e(220): Preparing logs for uploading
06-21 11:25:47.762 32661 32740 I PlayCommon: [2054] com.google.android.play.a.g.e(224): No file ready to send
06-21 11:25:52.484  2275  2300 I chatty  : uid=1000(system) ActivityManager expire 4 lines
06-21 11:25:56.469   360   360 I chatty  : uid=1000(system) /system/vendor/bin/RIDLClient.exe expire 14 lines
06-21 11:25:56.481 26996 27087 W Settings: Setting wifi_sleep_policy has moved from android.provider.Settings.System to android.provider.Settings.Global, returning read-only value.
06-21 11:25:58.199  2275  4480 I chatty  : uid=1000(system) WifiMonitor expire 34 lines
06-21 11:25:59.328  5476  5663 I chatty  : uid=1002(bluetooth) BT Service Call expire 26 lines
06-21 11:25:59.355 23465 23465 I chatty  : uid=10246(com.bt2cloud) expire 54 lines
06-21 11:26:02.502  4120  4120 I chatty  : uid=1010(wifi) /system/bin/wpa_supplicant expire 30 lines
06-21 11:26:02.530  2275  2299 I chatty  : uid=1000(system) android.bg expire 6 lines
06-21 11:26:07.189   332  2370 E NetlinkEvent: NetlinkEvent::FindParam(): Parameter 'TIME_NS' not found
06-21 11:26:07.189   332  2370 E NetlinkEvent: NetlinkEvent::FindParam(): Parameter 'UID' not found
06-21 11:26:07.325  2275  3979 I chatty  : uid=1000(system) AlarmManager expire 9 lines
06-21 11:26:07.329  5476  5617 I chatty  : uid=1002(bluetooth) bluedroid wake/ expire 10 lines
06-21 11:26:07.330  2275  5334 I chatty  : uid=1000(system) Binder_D expire 11 lines
06-21 11:26:07.643   332  2370 E NetlinkEvent: NetlinkEvent::FindParam(): Parameter 'TIME_NS' not found
06-21 11:26:07.643   332  2370 E NetlinkEvent: NetlinkEvent::FindParam(): Parameter 'UID' not found
06-21 11:26:11.640  2275  4674 I chatty  : uid=1000(system) Binder_5 expire 10 lines
06-21 11:26:21.342  2275  5352 I chatty  : uid=1000(system) Binder_E expire 7 lines
06-21 11:26:28.691 23465 23576 I chatty  : uid=10246(com.bt2cloud) expire 10 lines
06-21 11:26:28.752   332  2370 E NetlinkEvent: NetlinkEvent::FindParam(): Parameter 'TIME_NS' not found
06-21 11:26:28.752   332  2370 E NetlinkEvent: NetlinkEvent::FindParam(): Parameter 'UID' not found
06-21 11:26:29.647   332  2370 E NetlinkEvent: NetlinkEvent::FindParam(): Parameter 'TIME_NS' not found
06-21 11:26:29.647   332  2370 E NetlinkEvent: NetlinkEvent::FindParam(): Parameter 'UID' not found
06-21 11:26:34.211  8476  8573 D cr_CronetHttpURLConnection: [CronetHttpURLConnection.java:406] setConnectTimeout is not supported by CronetHttpURLConnection
06-21 11:26:34.211  8476  8573 D cr_CronetHttpURLConnection: [CronetHttpURLConnection.java:213] Outputstream is being buffered in memory.
06-21 11:26:36.509   360   360 I chatty  : uid=1000(system) /system/vendor/bin/RIDLClient.exe expire 12 lines
06-21 11:26:37.333  5476  5663 I chatty  : uid=1002(bluetooth) BT Service Call expire 25 lines
06-21 11:26:38.677  5476  6200 I chatty  : uid=1002(bluetooth) bluedroid wake/ expire 10 lines
06-21 11:26:39.313 23465 23465 I chatty  : uid=10246(com.bt2cloud) expire 44 lines
06-21 11:26:45.991  5476  6250 I chatty  : uid=1002(bluetooth) HeadsetStateMac expire 10 lines
06-21 11:26:47.360  2275  5058 I chatty  : uid=1000(system) Binder_B expire 4 lines
06-21 11:26:47.671  4120  4120 I chatty  : uid=1010(wifi) /system/bin/wpa_supplicant expire 10 lines
06-21 11:26:49.390   332  2370 E NetlinkEvent: NetlinkEvent::FindParam(): Parameter 'TIME_NS' not found
06-21 11:26:49.390   332  2370 E NetlinkEvent: NetlinkEvent::FindParam(): Parameter 'UID' not found
06-21 11:26:51.649   332  2370 E NetlinkEvent: NetlinkEvent::FindParam(): Parameter 'TIME_NS' not found
06-21 11:26:51.649   332  2370 E NetlinkEvent: NetlinkEvent::FindParam(): Parameter 'UID' not found
06-21 11:26:52.423  2275  4961 I chatty  : uid=1000(system) Binder_8 expire 5 lines
06-21 11:26:58.273  5344 23004 W ctxmgr  : [AclManager]No 2 for (accnt=account#-785086692#, com.google.android.gms(10010):UserLocationProducer, vrsn=11055000, 0, 3pPkg = null ,  3pMdlId = null ,  pid = 5344). Was: 2 for 1, account#-785086692#
06-21 11:26:58.282  5344 23004 W ctxmgr  : [AclManager]No 2 for (accnt=account#1345894916#, com.google.android.gms(10010):UserLocationProducer, vrsn=11055000, 0, 3pPkg = null ,  3pMdlId = null ,  pid = 5344). Was: 2 for 1, account#1345894916#
06-21 11:26:58.311  5344  4531 I GCoreUlr: Successfully inserted 1 locations
06-21 11:27:01.337  5476  5663 I chatty  : uid=1002(bluetooth) BT Service Call expire 34 lines
06-21 11:27:01.367 23465 23465 I chatty  : uid=10246(com.bt2cloud) expire 66 lines
06-21 11:27:02.725  4120  4120 I chatty  : uid=1010(wifi) /system/bin/wpa_supplicant expire 30 lines
06-21 11:27:04.345  2275  4017 I chatty  : uid=1000(system) Binder_3 expire 5 lines
06-21 11:27:06.531   360   360 I chatty  : uid=1000(system) /system/vendor/bin/RIDLClient.exe expire 12 lines
06-21 11:27:08.716 23465 23476 I chatty  : uid=10246(com.bt2cloud) expire 10 lines
06-21 11:27:13.350  2275  4168 I chatty  : uid=1000(system) Binder_4 expire 3 lines
06-21 11:27:30.670   332  2370 E NetlinkEvent: NetlinkEvent::FindParam(): Parameter 'TIME_NS' not found
06-21 11:27:30.670   332  2370 E NetlinkEvent: NetlinkEvent::FindParam(): Parameter 'UID' not found
06-21 11:27:32.303  2275  4966 I chatty  : uid=1000(system) Binder_A expire 2 lines
06-21 11:27:33.338  2275  2286 I chatty  : uid=1000(system) Binder_1 expire 2 lines
06-21 11:27:35.656   332  2370 E NetlinkEvent: NetlinkEvent::FindParam(): Parameter 'TIME_NS' not found
06-21 11:27:35.656   332  2370 E NetlinkEvent: NetlinkEvent::FindParam(): Parameter 'UID' not found
06-21 11:27:36.349  2275  5116 I chatty  : uid=1000(system) Binder_C expire 1 line
06-21 11:27:36.370 32357  6806 I CastDatabase: Saving the database
06-21 11:27:36.370 32357  6806 I SQLiteCastStore: Saving 0 CastNetworkInfo instances, 0 CastDeviceInfo instances, 0 paired guest mode devices.
06-21 11:27:36.384 32357  6806 E SQLiteCastStore: End saving paired guest mode devices
06-21 11:27:36.559   360   360 I chatty  : uid=1000(system) /system/vendor/bin/RIDLClient.exe expire 28 lines
06-21 11:27:39.373 23465 23465 I chatty  : uid=10246(com.bt2cloud) expire 94 lines
06-21 11:27:41.339  5476  5663 I chatty  : uid=1002(bluetooth) BT Service Call expire 47 lines
06-21 11:27:41.340  2275  5397 I chatty  : uid=1000(system) Binder_F expire 2 lines
06-21 11:27:43.344  2275  5334 I chatty  : uid=1000(system) Binder_D expire 10 lines
06-21 11:27:47.881  4120  4120 I chatty  : uid=1010(wifi) /system/bin/wpa_supplicant expire 95 lines
06-21 11:27:51.345  2275  5352 I chatty  : uid=1000(system) Binder_E expire 11 lines
06-21 11:27:53.215  2275  2287 I chatty  : uid=1000(system) Binder_2 expire 12 lines
06-21 11:27:53.347  2275  5397 I chatty  : uid=1000(system) Binder_F expire 10 lines
06-21 11:27:55.345  2275  4961 I chatty  : uid=1000(system) Binder_8 expire 17 lines
06-21 11:27:57.279  2275  4017 I chatty  : uid=1000(system) Binder_3 expire 12 lines
06-21 11:27:59.359  2275  5058 I chatty  : uid=1000(system) Binder_B expire 10 lines
06-21 11:27:59.999  2275  3979 I chatty  : uid=1000(system) AlarmManager expire 11 lines
06-21 11:28:00.001  2275  2275 I chatty  : uid=1000 system_server expire 3 lines
06-21 11:28:01.348  2275  4168 I chatty  : uid=1000(system) Binder_4 expire 13 lines
06-21 11:28:04.356  2275  4917 I chatty  : uid=1000(system) Binder_6 expire 11 lines
06-21 11:28:05.352  2275  4966 I chatty  : uid=1000(system) Binder_A expire 11 lines
06-21 11:28:10.068  2642  4430 I chatty  : uid=1000(system) AsyncTask #2 expire 2 lines
06-21 11:28:12.313  5476  5476 I chatty  : uid=1002(bluetooth) com.android.bluetooth expire 13 lines
06-21 11:28:12.330  2275  5428 I chatty  : uid=1000(system) Binder_10 expire 10 lines
06-21 11:28:18.290  2275  5116 I chatty  : uid=1000(system) Binder_C expire 12 lines
06-21 11:28:18.712  5476  6200 I chatty  : uid=1002(bluetooth) bluedroid wake/ expire 10 lines
06-21 11:28:21.703  2275  4943 I chatty  : uid=1000(system) Binder_7 expire 10 lines
06-21 11:28:23.346  2275  4674 I chatty  : uid=1000(system) Binder_5 expire 19 lines
06-21 11:28:26.298  2275  2286 I chatty  : uid=1000(system) Binder_1 expire 13 lines
06-21 11:28:27.025  2275  2300 I chatty  : uid=1000(system) ActivityManager expire 3 lines
06-21 11:28:29.320  2275  4962 I chatty  : uid=1000(system) Binder_9 expire 11 lines
06-21 11:28:36.669   332  2370 E NetlinkEvent: NetlinkEvent::FindParam(): Parameter 'TIME_NS' not found
06-21 11:28:36.669   332  2370 E NetlinkEvent: NetlinkEvent::FindParam(): Parameter 'UID' not found
06-21 11:28:38.695 23465 20105 I chatty  : uid=10246(com.bt2cloud) expire 10 lines
06-21 11:28:41.665   332  2370 E NetlinkEvent: NetlinkEvent::FindParam(): Parameter 'TIME_NS' not found
06-21 11:28:41.665   332  2370 E NetlinkEvent: NetlinkEvent::FindParam(): Parameter 'UID' not found
06-21 11:28:46.322  7636  7677 I PlayCommon: [3125] PlayEventLogger.uploadEventsImpl: Preparing logs for uploading
06-21 11:28:46.323  7636  7677 I PlayCommon: [3125] PlayEventLogger.uploadEventsImpl: No file ready to send
06-21 11:28:46.619   360   360 I chatty  : uid=1000(system) /system/vendor/bin/RIDLClient.exe expire 10 lines
06-21 11:28:48.078  4120  4120 I chatty  : uid=1010(wifi) /system/bin/wpa_supplicant expire 10 lines
06-21 11:28:49.346  5476  5663 I chatty  : uid=1002(bluetooth) BT Service Call expire 36 lines
06-21 11:28:49.384 23465 23465 I chatty  : uid=10246(com.bt2cloud) expire 72 lines
06-21 11:28:49.539 32661 32706 I PlayCommon: [2028] com.google.android.play.a.g.e(220): Preparing logs for uploading
06-21 11:28:49.539 32661 32706 I PlayCommon: [2028] com.google.android.play.a.g.e(224): No file ready to send
06-21 11:28:49.663 23465 23475 I chatty  : uid=10246(com.bt2cloud) expire 5 lines
06-21 11:28:58.270  5344  7801 I Places  : Converted 0 out of 12 WiFi scans
06-21 11:28:58.290  5344 12803 W ctxmgr  : [AclManager]No 2 for (accnt=account#-785086692#, com.google.android.gms(10010):UserLocationProducer, vrsn=11055000, 0, 3pPkg = null ,  3pMdlId = null ,  pid = 5344). Was: 2 for 1, account#-785086692#
06-21 11:28:58.304  5344 12803 W ctxmgr  : [AclManager]No 2 for (accnt=account#1345894916#, com.google.android.gms(10010):UserLocationProducer, vrsn=11055000, 0, 3pPkg = null ,  3pMdlId = null ,  pid = 5344). Was: 2 for 1, account#1345894916#
06-21 11:28:58.338  5344 23004 I GCoreUlr: Successfully inserted 1 locations
06-21 11:28:58.344 25864 26177 D BluetoothAdapter: STATE_ON
06-21 11:28:58.346 25864 25874 D BluetoothLeScanner: onClientRegistered() - status=0 clientIf=13
06-21 11:28:58.348  5476  6120 I chatty  : uid=1002(bluetooth) BluetoothScanMa expire 11 lines
06-21 11:28:58.740 23465  9364 I chatty  : uid=10246(com.bt2cloud) expire 12 lines
06-21 11:28:58.880 25864 26177 D BluetoothAdapter: STATE_ON
06-21 11:28:58.883 25864 26177 D BluetoothAdapter: STATE_ON
06-21 11:28:58.889  5476 30894 I chatty  : uid=1002(bluetooth) Binder_10 expire 2 lines
06-21 11:28:58.895  5476  3459 I chatty  : uid=1002(bluetooth) Binder_B expire 1 line
06-21 11:29:02.190   332  2370 E NetlinkEvent: NetlinkEvent::FindParam(): Parameter 'TIME_NS' not found
06-21 11:29:02.190   332  2370 E NetlinkEvent: NetlinkEvent::FindParam(): Parameter 'UID' not found
06-21 11:29:03.147  4120  4120 I chatty  : uid=1010(wifi) /system/bin/wpa_supplicant expire 10 lines
06-21 11:29:03.671   332  2370 E NetlinkEvent: NetlinkEvent::FindParam(): Parameter 'TIME_NS' not found
06-21 11:29:03.671   332  2370 E NetlinkEvent: NetlinkEvent::FindParam(): Parameter 'UID' not found
06-21 11:29:04.352  5476  5617 I chatty  : uid=1002(bluetooth) bluedroid wake/ expire 10 lines
06-21 11:29:06.629   360   360 I chatty  : uid=1000(system) /system/vendor/bin/RIDLClient.exe expire 14 lines
06-21 11:29:08.105  2275  4480 I chatty  : uid=1000(system) WifiMonitor expire 30 lines
06-21 11:29:17.588   266   266 I rmt_storage: rmt_storage_connect_cb: clnt_h=0x18a conn_h=0xb6c8a048
06-21 11:29:17.588   266   266 I rmt_storage: rmt_storage_rw_iovec_cb: /boot/modem_fs2: clnt_h=0x2: req_h=0x192 msg_id=3: R/W request received
06-21 11:29:17.588   266   266 I rmt_storage: wakelock acquired: 1, error no: 42
06-21 11:29:17.588   266   543 I rmt_storage: rmt_storage_client_thread: /boot/modem_fs2: clnt_h=0x2 Unblock worker thread (th_id: -1229727440)
06-21 11:29:17.676   266   543 I rmt_storage: rmt_storage_client_thread: /boot/modem_fs2: clnt_h=0x2: req_h=0x192 msg_id=3: Bytes written = 1572864
06-21 11:29:17.676   266   543 I rmt_storage: rmt_storage_client_thread: /boot/modem_fs2: clnt_h=0x2: req_h=0x192 msg_id=3: Send response: res=0 err=0
06-21 11:29:17.677   266   543 I rmt_storage: rmt_storage_client_thread: /boot/modem_fs2: clnt_h=0x2 About to block rmt_storage client thread (th_id: -1229727440) wakelock released: 1, error no: 22
06-21 11:29:17.677   266   543 I rmt_storage: 
06-21 11:29:17.679   266   266 I rmt_storage: rmt_storage_disconnect_cb: clnt_h=0x0x18a conn_h=0x0xb6c8a048
06-21 11:29:18.193  4120  4120 I chatty  : uid=1010(wifi) /system/bin/wpa_supplicant expire 130 lines
06-21 11:29:20.295  5476  5663 I chatty  : uid=1002(bluetooth) BT Service Call expire 39 lines
06-21 11:29:29.404 23465 23465 I chatty  : uid=10246(com.bt2cloud) expire 26 lines
