06-21 07:07:33.790   332  2370 E NetlinkEvent: NetlinkEvent::FindParam(): Parameter 'TIME_NS' not found
06-21 07:07:33.790   332  2370 E NetlinkEvent: NetlinkEvent::FindParam(): Parameter 'UID' not found
06-21 07:09:18.265   332  2370 E NetlinkEvent: NetlinkEvent::FindParam(): Parameter 'TIME_NS' not found
06-21 07:09:18.265   332  2370 E NetlinkEvent: NetlinkEvent::FindParam(): Parameter 'UID' not found
06-21 07:09:23.299  2275  3979 I chatty  : uid=1000(system) AlarmManager expire 3 lines
06-21 07:09:33.391   332  2370 E NetlinkEvent: NetlinkEvent::FindParam(): Parameter 'TIME_NS' not found
06-21 07:09:33.391   332  2370 E NetlinkEvent: NetlinkEvent::FindParam(): Parameter 'UID' not found
06-21 07:09:33.619  2275  5397 I chatty  : uid=1000(system) Binder_F expire 5 lines
06-21 07:09:41.598  2275  4943 I chatty  : uid=1000(system) Binder_7 expire 4 lines
06-21 07:09:43.828  2275  2287 I chatty  : uid=1000(system) Binder_2 expire 4 lines
06-21 07:09:51.861  2275  4917 I chatty  : uid=1000(system) Binder_6 expire 4 lines
06-21 07:09:54.888  2275  4017 I chatty  : uid=1000(system) Binder_3 expire 6 lines
06-21 07:10:14.019   332  2370 E NetlinkEvent: NetlinkEvent::FindParam(): Parameter 'TIME_NS' not found
06-21 07:10:14.019   332  2370 E NetlinkEvent: NetlinkEvent::FindParam(): Parameter 'UID' not found
06-21 07:10:14.827  2275  4962 I chatty  : uid=1000(system) Binder_9 expire 10 lines
06-21 07:10:29.071   332  2370 E NetlinkEvent: NetlinkEvent::FindParam(): Parameter 'TIME_NS' not found
06-21 07:10:29.071   332  2370 E NetlinkEvent: NetlinkEvent::FindParam(): Parameter 'UID' not found
06-21 07:12:50.962  2275  2305 I chatty  : uid=1000(system) android.fg expire 1 line
06-21 07:12:51.987  2275  4966 I chatty  : uid=1000(system) Binder_A expire 11 lines
06-21 07:12:54.968  2275  2287 I chatty  : uid=1000(system) Binder_2 expire 10 lines
06-21 07:12:54.976  2275  4961 I chatty  : uid=1000(system) Binder_8 expire 9 lines
06-21 07:13:08.173  2275  3979 I chatty  : uid=1000(system) AlarmManager expire 17 lines
06-21 07:13:08.246  2275  2275 I chatty  : uid=1000 system_server expire 3 lines
06-21 07:13:08.259  2275  5428 I chatty  : uid=1000(system) Binder_10 expire 11 lines
06-21 07:13:08.277  2275  5334 I chatty  : uid=1000(system) Binder_D expire 12 lines
06-21 07:13:08.291  2275  5058 I chatty  : uid=1000(system) Binder_B expire 12 lines
06-21 07:13:12.025  2275  5397 I chatty  : uid=1000(system) Binder_F expire 10 lines
06-21 07:13:12.033  2275  4917 I chatty  : uid=1000(system) Binder_6 expire 10 lines
06-21 07:13:14.087   332  2370 E NetlinkEvent: NetlinkEvent::FindParam(): Parameter 'TIME_NS' not found
06-21 07:13:14.087   332  2370 E NetlinkEvent: NetlinkEvent::FindParam(): Parameter 'UID' not found
06-21 07:13:14.883  2275  5116 I chatty  : uid=1000(system) Binder_C expire 10 lines
06-21 07:13:29.151   332  2370 E NetlinkEvent: NetlinkEvent::FindParam(): Parameter 'TIME_NS' not found
06-21 07:13:29.151   332  2370 E NetlinkEvent: NetlinkEvent::FindParam(): Parameter 'UID' not found
06-21 07:13:33.776  2275  4017 I chatty  : uid=1000(system) Binder_3 expire 12 lines
06-21 07:13:52.005  2275  4674 I chatty  : uid=1000(system) Binder_5 expire 11 lines
06-21 07:13:54.993  2275  4943 I chatty  : uid=1000(system) Binder_7 expire 10 lines
06-21 07:14:09.155  2275  2286 I chatty  : uid=1000(system) Binder_1 expire 10 lines
06-21 07:14:14.923  2275  4168 I chatty  : uid=1000(system) Binder_4 expire 10 lines
06-21 07:14:17.996  2275  2299 I chatty  : uid=1000(system) android.bg expire 1 line
06-21 07:14:30.793  2275  2300 I chatty  : uid=1000(system) ActivityManager expire 4 lines
06-21 07:14:30.947  2275  5352 I chatty  : uid=1000(system) Binder_E expire 9 lines
06-21 07:16:14.181   332  2370 E NetlinkEvent: NetlinkEvent::FindParam(): Parameter 'TIME_NS' not found
06-21 07:16:14.182   332  2370 E NetlinkEvent: NetlinkEvent::FindParam(): Parameter 'UID' not found
06-21 07:16:29.231   332  2370 E NetlinkEvent: NetlinkEvent::FindParam(): Parameter 'TIME_NS' not found
06-21 07:16:29.231   332  2370 E NetlinkEvent: NetlinkEvent::FindParam(): Parameter 'UID' not found
06-21 07:19:14.287   332  2370 E NetlinkEvent: NetlinkEvent::FindParam(): Parameter 'TIME_NS' not found
06-21 07:19:14.287   332  2370 E NetlinkEvent: NetlinkEvent::FindParam(): Parameter 'UID' not found
06-21 07:19:15.066  2275  4917 I chatty  : uid=1000(system) Binder_6 expire 4 lines
06-21 07:19:30.154  2275  5116 I chatty  : uid=1000(system) Binder_C expire 3 lines
06-21 07:19:30.235  2275  5428 I chatty  : uid=1000(system) Binder_10 expire 8 lines
06-21 07:19:30.441  2275  4966 I chatty  : uid=1000(system) Binder_A expire 3 lines
06-21 07:19:30.454  2275  4962 I chatty  : uid=1000(system) Binder_9 expire 2 lines
06-21 07:19:48.591   332  2370 E NetlinkEvent: NetlinkEvent::FindParam(): Parameter 'TIME_NS' not found
06-21 07:19:48.591   332  2370 E NetlinkEvent: NetlinkEvent::FindParam(): Parameter 'UID' not found
06-21 07:19:55.168  2275  5058 I chatty  : uid=1000(system) Binder_B expire 1 line
06-21 07:20:00.000  2275  3979 I chatty  : uid=1000(system) AlarmManager expire 1 line
06-21 07:20:15.093  2275  4674 I chatty  : uid=1000(system) Binder_5 expire 10 lines
06-21 07:20:22.196  2275  5428 I chatty  : uid=1000(system) Binder_10 expire 10 lines
06-21 07:20:22.203  2275  4962 I chatty  : uid=1000(system) Binder_9 expire 11 lines
06-21 07:20:22.212  2275  4943 I chatty  : uid=1000(system) Binder_7 expire 10 lines
06-21 07:20:31.777  2275  2287 I chatty  : uid=1000(system) Binder_2 expire 10 lines
06-21 07:20:33.957  2275  5352 I chatty  : uid=1000(system) Binder_E expire 9 lines
06-21 07:20:37.469   332  2370 E NetlinkEvent: NetlinkEvent::FindParam(): Parameter 'TIME_NS' not found
06-21 07:20:37.469   332  2370 E NetlinkEvent: NetlinkEvent::FindParam(): Parameter 'UID' not found
06-21 07:20:41.884  2275  5397 I chatty  : uid=1000(system) Binder_F expire 10 lines
06-21 07:20:44.107  2275  5334 I chatty  : uid=1000(system) Binder_D expire 10 lines
06-21 07:20:52.551   332  2370 E NetlinkEvent: NetlinkEvent::FindParam(): Parameter 'TIME_NS' not found
06-21 07:20:52.551   332  2370 E NetlinkEvent: NetlinkEvent::FindParam(): Parameter 'UID' not found
06-21 07:20:55.203  2275  5058 I chatty  : uid=1000(system) Binder_B expire 10 lines
06-21 07:20:55.211  2275  4961 I chatty  : uid=1000(system) Binder_8 expire 10 lines
06-21 07:21:09.341  2275  4168 I chatty  : uid=1000(system) Binder_4 expire 10 lines
06-21 07:21:32.061  2275  3979 I chatty  : uid=1000(system) AlarmManager expire 11 lines
06-21 07:21:33.973  2275  4966 I chatty  : uid=1000(system) Binder_A expire 10 lines
06-21 07:21:41.904  2275  5116 I chatty  : uid=1000(system) Binder_C expire 10 lines
06-21 07:22:14.375   332  2370 E NetlinkEvent: NetlinkEvent::FindParam(): Parameter 'TIME_NS' not found
06-21 07:22:14.376   332  2370 E NetlinkEvent: NetlinkEvent::FindParam(): Parameter 'UID' not found
06-21 07:22:29.431   332  2370 E NetlinkEvent: NetlinkEvent::FindParam(): Parameter 'TIME_NS' not found
06-21 07:22:29.431   332  2370 E NetlinkEvent: NetlinkEvent::FindParam(): Parameter 'UID' not found
06-21 07:23:31.844  2275  4917 I chatty  : uid=1000(system) Binder_6 expire 10 lines
06-21 07:23:33.993  2275  2286 I chatty  : uid=1000(system) Binder_1 expire 8 lines
06-21 07:24:30.975  2275  2300 I chatty  : uid=1000(system) ActivityManager expire 5 lines
06-21 07:24:56.599  2275  2275 I chatty  : uid=1000 system_server expire 10 lines
06-21 07:24:56.764   332  2370 E NetlinkEvent: NetlinkEvent::FindParam(): Parameter 'TIME_NS' not found
06-21 07:24:56.764   332  2370 E NetlinkEvent: NetlinkEvent::FindParam(): Parameter 'UID' not found
06-21 07:24:57.008  2275  4017 I chatty  : uid=1000(system) Binder_3 expire 5 lines
06-21 07:25:29.471   332  2370 E NetlinkEvent: NetlinkEvent::FindParam(): Parameter 'TIME_NS' not found
06-21 07:25:29.471   332  2370 E NetlinkEvent: NetlinkEvent::FindParam(): Parameter 'UID' not found
06-21 07:26:00.000  2275  3979 I chatty  : uid=1000(system) AlarmManager expire 4 lines
06-21 07:26:22.378  2275  4962 I chatty  : uid=1000(system) Binder_9 expire 5 lines
06-21 07:26:43.652   332  2370 E NetlinkEvent: NetlinkEvent::FindParam(): Parameter 'TIME_NS' not found
06-21 07:26:43.652   332  2370 E NetlinkEvent: NetlinkEvent::FindParam(): Parameter 'UID' not found
06-21 07:26:43.969  2275  2299 I chatty  : uid=1000(system) android.bg expire 4 lines
06-21 07:26:44.232 23508 23532 D ActivityThread: Loading provider com.google.android.gmail.provider;com.android.mail.notifier;com.google.android.gm.email.provider;com.google.android.gm.tasks.provider;com.google.android.gm.email.notifier: com.android.email.provider.EmailProvider
06-21 07:26:45.170  2275  5058 I chatty  : uid=1000(system) Binder_B expire 5 lines
06-21 07:26:48.413  2275  4943 I chatty  : uid=1000(system) Binder_7 expire 3 lines
06-21 07:26:52.348  2275  5334 I chatty  : uid=1000(system) Binder_D expire 3 lines
06-21 07:27:02.071   332  2370 E NetlinkEvent: NetlinkEvent::FindParam(): Parameter 'TIME_NS' not found
06-21 07:27:02.071   332  2370 E NetlinkEvent: NetlinkEvent::FindParam(): Parameter 'UID' not found
06-21 07:27:12.535  2275  4674 I chatty  : uid=1000(system) Binder_5 expire 3 lines
06-21 07:27:31.947  2275  5116 I chatty  : uid=1000(system) Binder_C expire 6 lines
06-21 07:27:49.702   332  2370 E NetlinkEvent: NetlinkEvent::FindParam(): Parameter 'TIME_NS' not found
06-21 07:27:49.702   332  2370 E NetlinkEvent: NetlinkEvent::FindParam(): Parameter 'UID' not found
06-21 07:28:04.750   332  2370 E NetlinkEvent: NetlinkEvent::FindParam(): Parameter 'TIME_NS' not found
06-21 07:28:04.750   332  2370 E NetlinkEvent: NetlinkEvent::FindParam(): Parameter 'UID' not found
06-21 07:28:08.326  2275  5428 I chatty  : uid=1000(system) Binder_10 expire 4 lines
06-21 07:28:12.580  2275  5397 I chatty  : uid=1000(system) Binder_F expire 2 lines
06-21 07:28:14.521   332  2370 E NetlinkEvent: NetlinkEvent::FindParam(): Parameter 'TIME_NS' not found
06-21 07:28:14.522   332  2370 E NetlinkEvent: NetlinkEvent::FindParam(): Parameter 'UID' not found
06-21 07:28:22.414  2275  4917 I chatty  : uid=1000(system) Binder_6 expire 2 lines
06-21 07:28:29.591   332  2370 E NetlinkEvent: NetlinkEvent::FindParam(): Parameter 'TIME_NS' not found
06-21 07:28:29.591   332  2370 E NetlinkEvent: NetlinkEvent::FindParam(): Parameter 'UID' not found
06-21 07:28:31.963  2275  2287 I chatty  : uid=1000(system) Binder_2 expire 2 lines
06-21 07:29:22.463  2275  4168 I chatty  : uid=1000(system) Binder_4 expire 13 lines
06-21 07:29:44.333  2275  5334 I chatty  : uid=1000(system) Binder_D expire 9 lines
06-21 07:29:44.341  2275  4966 I chatty  : uid=1000(system) Binder_A expire 10 lines
06-21 07:29:52.444  2275  4961 I chatty  : uid=1000(system) Binder_8 expire 8 lines
06-21 07:29:55.408  2275  4674 I chatty  : uid=1000(system) Binder_5 expire 8 lines
06-21 07:29:55.416  2275  4017 I chatty  : uid=1000(system) Binder_3 expire 12 lines
06-21 07:29:56.754  2275  3979 I chatty  : uid=1000(system) AlarmManager expire 10 lines
06-21 07:29:56.816  2275  2275 I chatty  : uid=1000 system_server expire 12 lines
06-21 07:29:56.967  2275  5428 I chatty  : uid=1000(system) Binder_10 expire 9 lines
06-21 07:29:56.971  2275  5058 I chatty  : uid=1000(system) Binder_B expire 11 lines
06-21 07:29:56.974  2275  2286 I chatty  : uid=1000(system) Binder_1 expire 7 lines
06-21 07:29:56.978  2275  4917 I chatty  : uid=1000(system) Binder_6 expire 10 lines
06-21 07:29:56.986  2275  5352 I chatty  : uid=1000(system) Binder_E expire 15 lines
06-21 07:29:56.993  2275  4962 I chatty  : uid=1000(system) Binder_9 expire 6 lines
06-21 07:29:57.011  2275  4943 I chatty  : uid=1000(system) Binder_7 expire 10 lines
06-21 07:29:57.096   332  2370 E NetlinkEvent: NetlinkEvent::FindParam(): Parameter 'TIME_NS' not found
06-21 07:29:57.096   332  2370 E NetlinkEvent: NetlinkEvent::FindParam(): Parameter 'UID' not found
06-21 07:29:57.466  2275  2287 I chatty  : uid=1000(system) Binder_2 expire 6 lines
06-21 07:29:57.979  2275  5397 I chatty  : uid=1000(system) Binder_F expire 7 lines
06-21 07:29:58.389  2275  5116 I chatty  : uid=1000(system) Binder_C expire 8 lines
06-21 07:30:29.271   332  2370 E NetlinkEvent: NetlinkEvent::FindParam(): Parameter 'TIME_NS' not found
06-21 07:30:29.271   332  2370 E NetlinkEvent: NetlinkEvent::FindParam(): Parameter 'UID' not found
06-21 07:30:45.421   332  2370 E NetlinkEvent: NetlinkEvent::FindParam(): Parameter 'TIME_NS' not found
06-21 07:30:45.421   332  2370 E NetlinkEvent: NetlinkEvent::FindParam(): Parameter 'UID' not found
06-21 07:31:00.001  2275  3979 I chatty  : uid=1000(system) AlarmManager expire 11 lines
06-21 07:31:01.991   332  2370 E NetlinkEvent: NetlinkEvent::FindParam(): Parameter 'TIME_NS' not found
06-21 07:31:01.991   332  2370 E NetlinkEvent: NetlinkEvent::FindParam(): Parameter 'UID' not found
06-21 07:31:14.605   332  2370 E NetlinkEvent: NetlinkEvent::FindParam(): Parameter 'TIME_NS' not found
06-21 07:31:14.605   332  2370 E NetlinkEvent: NetlinkEvent::FindParam(): Parameter 'UID' not found
06-21 07:31:29.671   332  2370 E NetlinkEvent: NetlinkEvent::FindParam(): Parameter 'TIME_NS' not found
06-21 07:31:29.671   332  2370 E NetlinkEvent: NetlinkEvent::FindParam(): Parameter 'UID' not found
06-21 07:31:45.190   332  2370 E NetlinkEvent: NetlinkEvent::FindParam(): Parameter 'TIME_NS' not found
06-21 07:31:45.190   332  2370 E NetlinkEvent: NetlinkEvent::FindParam(): Parameter 'UID' not found
06-21 07:32:01.591   332  2370 E NetlinkEvent: NetlinkEvent::FindParam(): Parameter 'TIME_NS' not found
06-21 07:32:01.591   332  2370 E NetlinkEvent: NetlinkEvent::FindParam(): Parameter 'UID' not found
06-21 07:33:10.990   332  2370 E NetlinkEvent: NetlinkEvent::FindParam(): Parameter 'TIME_NS' not found
06-21 07:33:10.990   332  2370 E NetlinkEvent: NetlinkEvent::FindParam(): Parameter 'UID' not found
06-21 07:33:20.943  2275  4021 I chatty  : uid=1000(system) ConnectivitySer expire 5 lines
06-21 07:33:27.910   332  2370 E NetlinkEvent: NetlinkEvent::FindParam(): Parameter 'TIME_NS' not found
06-21 07:33:27.910   332  2370 E NetlinkEvent: NetlinkEvent::FindParam(): Parameter 'UID' not found
06-21 07:33:28.300  2275  2418 I chatty  : uid=1000(system) PackageManager expire 19 lines
06-21 07:33:45.360   332  2370 E NetlinkEvent: NetlinkEvent::FindParam(): Parameter 'TIME_NS' not found
06-21 07:33:45.360   332  2370 E NetlinkEvent: NetlinkEvent::FindParam(): Parameter 'UID' not found
06-21 07:33:49.713  2275  2300 I chatty  : uid=1000(system) ActivityManager expire 20 lines
06-21 07:33:49.820  2275  2299 I chatty  : uid=1000(system) android.bg expire 6 lines
06-21 07:33:50.338  2275  2275 I chatty  : uid=1000 system_server expire 8 lines
06-21 07:33:50.635 24072 24072 I chatty  : uid=1000(system) expire 3 lines
06-21 07:34:33.523  2275  2300 I chatty  : uid=1000(system) ActivityManager expire 23 lines
06-21 07:34:33.525  2275  2418 I chatty  : uid=1000(system) PackageManager expire 21 lines
06-21 07:34:34.204  2275  2275 I chatty  : uid=1000 system_server expire 13 lines
06-21 07:34:34.260  2275  5334 I chatty  : uid=1000(system) Binder_D expire 6 lines
06-21 07:34:34.264  2275  5352 I chatty  : uid=1000(system) Binder_E expire 11 lines
06-21 07:34:34.391  2275  2286 I chatty  : uid=1000(system) Binder_1 expire 10 lines
06-21 07:34:34.394  2275  2287 I chatty  : uid=1000(system) Binder_2 expire 8 lines
06-21 07:34:34.407  2275  4674 I chatty  : uid=1000(system) Binder_5 expire 9 lines
06-21 07:34:34.561  2275  5397 I chatty  : uid=1000(system) Binder_F expire 8 lines
06-21 07:34:34.713  2275  4917 I chatty  : uid=1000(system) Binder_6 expire 10 lines
06-21 07:34:40.023  2275  4966 I chatty  : uid=1000(system) Binder_A expire 11 lines
06-21 07:34:42.174  2275  4017 I chatty  : uid=1000(system) Binder_3 expire 8 lines
06-21 07:34:44.501  2275  5058 I chatty  : uid=1000(system) Binder_B expire 14 lines
06-21 07:34:56.989  2275  3979 I chatty  : uid=1000(system) AlarmManager expire 9 lines
06-21 07:34:57.003  2275  5428 I chatty  : uid=1000(system) Binder_10 expire 6 lines
06-21 07:34:57.723  2275  5116 I chatty  : uid=1000(system) Binder_C expire 11 lines
06-21 07:35:12.850  2275  4961 I chatty  : uid=1000(system) Binder_8 expire 9 lines
06-21 07:35:22.634  2275  4168 I chatty  : uid=1000(system) Binder_4 expire 9 lines
06-21 07:35:32.429   332  2370 E NetlinkEvent: NetlinkEvent::FindParam(): Parameter 'TIME_NS' not found
06-21 07:35:32.429   332  2370 E NetlinkEvent: NetlinkEvent::FindParam(): Parameter 'UID' not found
06-21 07:35:36.907  2275  4943 I chatty  : uid=1000(system) Binder_7 expire 9 lines
06-21 07:35:43.584   332  2370 E NetlinkEvent: NetlinkEvent::FindParam(): Parameter 'TIME_NS' not found
06-21 07:35:43.584   332  2370 E NetlinkEvent: NetlinkEvent::FindParam(): Parameter 'UID' not found
06-21 07:36:04.370  2275  2275 I chatty  : uid=1000 system_server expire 9 lines
06-21 07:36:19.709   332  2370 E NetlinkEvent: NetlinkEvent::FindParam(): Parameter 'TIME_NS' not found
06-21 07:36:19.709   332  2370 E NetlinkEvent: NetlinkEvent::FindParam(): Parameter 'UID' not found
06-21 07:36:26.849   332  2370 E NetlinkEvent: NetlinkEvent::FindParam(): Parameter 'TIME_NS' not found
06-21 07:36:26.849   332  2370 E NetlinkEvent: NetlinkEvent::FindParam(): Parameter 'UID' not found
06-21 07:36:34.321  2275  4962 I chatty  : uid=1000(system) Binder_9 expire 5 lines
06-21 07:36:49.830   332  2370 E NetlinkEvent: NetlinkEvent::FindParam(): Parameter 'TIME_NS' not found
06-21 07:36:49.830   332  2370 E NetlinkEvent: NetlinkEvent::FindParam(): Parameter 'UID' not found
06-21 07:36:57.749   332  2370 E NetlinkEvent: NetlinkEvent::FindParam(): Parameter 'TIME_NS' not found
06-21 07:36:57.750   332  2370 E NetlinkEvent: NetlinkEvent::FindParam(): Parameter 'UID' not found
06-21 07:37:12.829   332  2370 E NetlinkEvent: NetlinkEvent::FindParam(): Parameter 'TIME_NS' not found
06-21 07:37:12.829   332  2370 E NetlinkEvent: NetlinkEvent::FindParam(): Parameter 'UID' not found
06-21 07:37:14.777   332  2370 E NetlinkEvent: NetlinkEvent::FindParam(): Parameter 'TIME_NS' not found
06-21 07:37:14.777   332  2370 E NetlinkEvent: NetlinkEvent::FindParam(): Parameter 'UID' not found
06-21 07:37:29.830   332  2370 E NetlinkEvent: NetlinkEvent::FindParam(): Parameter 'TIME_NS' not found
06-21 07:37:29.830   332  2370 E NetlinkEvent: NetlinkEvent::FindParam(): Parameter 'UID' not found
06-21 07:37:34.911   332  2370 E NetlinkEvent: NetlinkEvent::FindParam(): Parameter 'TIME_NS' not found
06-21 07:37:34.911   332  2370 E NetlinkEvent: NetlinkEvent::FindParam(): Parameter 'UID' not found
06-21 07:37:44.639  2275  4021 I chatty  : uid=1000(system) ConnectivitySer expire 4 lines
06-21 07:37:44.829  2275  2299 I chatty  : uid=1000(system) android.bg expire 7 lines
06-21 07:37:51.650  2275  4014 I chatty  : uid=1000(system) WifiService expire 2 lines
06-21 07:38:15.604  2275  4966 I chatty  : uid=1000(system) Binder_A expire 7 lines
06-21 07:38:15.618  2275  4674 I chatty  : uid=1000(system) Binder_5 expire 9 lines
06-21 07:38:15.625  2275  5428 I chatty  : uid=1000(system) Binder_10 expire 10 lines
06-21 07:38:16.125  2275  5116 I chatty  : uid=1000(system) Binder_C expire 8 lines
06-21 07:38:16.190  2275  2286 I chatty  : uid=1000(system) Binder_1 expire 12 lines
06-21 07:38:16.740  2275  5352 I chatty  : uid=1000(system) Binder_E expire 9 lines
06-21 07:38:16.832  2275  5334 I chatty  : uid=1000(system) Binder_D expire 7 lines
06-21 07:38:16.854  2275  5397 I chatty  : uid=1000(system) Binder_F expire 9 lines
06-21 07:38:16.857  2275  4961 I chatty  : uid=1000(system) Binder_8 expire 11 lines
06-21 07:38:16.863  2275  4917 I chatty  : uid=1000(system) Binder_6 expire 8 lines
06-21 07:38:16.899  2275  2287 I chatty  : uid=1000(system) Binder_2 expire 6 lines
06-21 07:38:17.299  2275  4017 I chatty  : uid=1000(system) Binder_3 expire 8 lines
06-21 07:38:18.325  2275  2300 I chatty  : uid=1000(system) ActivityManager expire 12 lines
06-21 07:38:18.720  2275  3979 I chatty  : uid=1000(system) AlarmManager expire 10 lines
06-21 07:38:20.392  2275  2299 I chatty  : uid=1000(system) android.bg expire 8 lines
06-21 07:38:28.872  2275  2275 I chatty  : uid=1000 system_server expire 11 lines
06-21 07:38:32.604  2275  2418 I chatty  : uid=1000(system) PackageManager expire 32 lines
06-21 07:38:33.310   332  2370 E NetlinkEvent: NetlinkEvent::FindParam(): Parameter 'TIME_NS' not found
06-21 07:38:33.310   332  2370 E NetlinkEvent: NetlinkEvent::FindParam(): Parameter 'UID' not found
06-21 07:38:34.517   332  2370 E NetlinkEvent: NetlinkEvent::FindParam(): Parameter 'TIME_NS' not found
06-21 07:38:34.517   332  2370 E NetlinkEvent: NetlinkEvent::FindParam(): Parameter 'UID' not found
06-21 07:38:49.549   332  2370 E NetlinkEvent: NetlinkEvent::FindParam(): Parameter 'TIME_NS' not found
06-21 07:38:49.549   332  2370 E NetlinkEvent: NetlinkEvent::FindParam(): Parameter 'UID' not found
06-21 07:38:52.513   332  2370 E NetlinkEvent: NetlinkEvent::FindParam(): Parameter 'TIME_NS' not found
06-21 07:38:52.513   332  2370 E NetlinkEvent: NetlinkEvent::FindParam(): Parameter 'UID' not found
06-21 07:38:52.738  2275  4943 I chatty  : uid=1000(system) Binder_7 expire 8 lines
06-21 07:38:54.742 24072 24072 I chatty  : uid=1000(system) expire 2 lines
06-21 07:38:55.128  2275  4962 I chatty  : uid=1000(system) Binder_9 expire 8 lines
06-21 07:38:58.860  2275  4108 I chatty  : uid=1000(system) backup expire 2 lines
06-21 07:39:13.018  2275  5058 I chatty  : uid=1000(system) Binder_B expire 8 lines
06-21 07:39:17.030  2275  4021 I chatty  : uid=1000(system) ConnectivitySer expire 1 line
06-21 07:39:17.327  2275  4168 I chatty  : uid=1000(system) Binder_4 expire 6 lines
06-21 07:39:17.460 32357 26552 E ActivityThread: Failed to find provider info for com.google.android.wearable.settings
06-21 07:39:23.225  2275  2300 I chatty  : uid=1000(system) ActivityManager expire 4 lines
06-21 07:39:23.354 32357 26552 E ActivityThread: Failed to find provider info for com.google.android.wearable.settings
06-21 07:39:58.991   332  2370 E NetlinkEvent: NetlinkEvent::FindParam(): Parameter 'TIME_NS' not found
06-21 07:39:58.991   332  2370 E NetlinkEvent: NetlinkEvent::FindParam(): Parameter 'UID' not found
06-21 07:40:24.327  2275  2275 I chatty  : uid=1000 system_server expire 6 lines
06-21 07:40:25.259   332  2370 E NetlinkEvent: NetlinkEvent::FindParam(): Parameter 'TIME_NS' not found
06-21 07:40:25.259   332  2370 E NetlinkEvent: NetlinkEvent::FindParam(): Parameter 'UID' not found
06-21 07:40:40.871   332  2370 E NetlinkEvent: NetlinkEvent::FindParam(): Parameter 'TIME_NS' not found
06-21 07:40:40.871   332  2370 E NetlinkEvent: NetlinkEvent::FindParam(): Parameter 'UID' not found
06-21 07:40:43.631   332  2370 E NetlinkEvent: NetlinkEvent::FindParam(): Parameter 'TIME_NS' not found
06-21 07:40:43.631   332  2370 E NetlinkEvent: NetlinkEvent::FindParam(): Parameter 'UID' not found
06-21 07:41:00.000  2275  3979 I chatty  : uid=1000(system) AlarmManager expire 3 lines
06-21 07:41:12.151   332  2370 E NetlinkEvent: NetlinkEvent::FindParam(): Parameter 'TIME_NS' not found
06-21 07:41:12.151   332  2370 E NetlinkEvent: NetlinkEvent::FindParam(): Parameter 'UID' not found
06-21 07:42:51.047  2275  2305 I chatty  : uid=1000(system) android.fg expire 1 line
06-21 07:43:08.485  2275  4943 I chatty  : uid=1000(system) Binder_7 expire 10 lines
06-21 07:43:13.158  2275  5058 I chatty  : uid=1000(system) Binder_B expire 10 lines
06-21 07:43:13.167  2275  4017 I chatty  : uid=1000(system) Binder_3 expire 10 lines
06-21 07:43:15.875  2275  2286 I chatty  : uid=1000(system) Binder_1 expire 10 lines
06-21 07:43:16.832  2275  3979 I chatty  : uid=1000(system) AlarmManager expire 12 lines
06-21 07:43:17.118  2275  4674 I chatty  : uid=1000(system) Binder_5 expire 9 lines
06-21 07:43:19.061  2275  2275 I chatty  : uid=1000 system_server expire 5 lines
06-21 07:43:19.910   332  2370 E NetlinkEvent: NetlinkEvent::FindParam(): Parameter 'TIME_NS' not found
06-21 07:43:19.910   332  2370 E NetlinkEvent: NetlinkEvent::FindParam(): Parameter 'UID' not found
06-21 07:43:22.902  2275  4917 I chatty  : uid=1000(system) Binder_6 expire 7 lines
06-21 07:43:32.421  2275  2287 I chatty  : uid=1000(system) Binder_2 expire 9 lines
06-21 07:43:34.574  2275  5334 I chatty  : uid=1000(system) Binder_D expire 10 lines
06-21 07:43:42.433  2275  5428 I chatty  : uid=1000(system) Binder_10 expire 11 lines
06-21 07:43:44.779  2275  5397 I chatty  : uid=1000(system) Binder_F expire 9 lines
06-21 07:43:44.787  2275  4966 I chatty  : uid=1000(system) Binder_A expire 8 lines
06-21 07:43:47.871   332  2370 E NetlinkEvent: NetlinkEvent::FindParam(): Parameter 'TIME_NS' not found
06-21 07:43:47.871   332  2370 E NetlinkEvent: NetlinkEvent::FindParam(): Parameter 'UID' not found
06-21 07:43:57.144   332  2370 E NetlinkEvent: NetlinkEvent::FindParam(): Parameter 'TIME_NS' not found
06-21 07:43:57.144   332  2370 E NetlinkEvent: NetlinkEvent::FindParam(): Parameter 'UID' not found
06-21 07:44:03.414  2275  4168 I chatty  : uid=1000(system) Binder_4 expire 9 lines
06-21 07:44:12.190   332  2370 E NetlinkEvent: NetlinkEvent::FindParam(): Parameter 'TIME_NS' not found
06-21 07:44:12.190   332  2370 E NetlinkEvent: NetlinkEvent::FindParam(): Parameter 'UID' not found
06-21 07:44:13.203  2275  5352 I chatty  : uid=1000(system) Binder_E expire 7 lines
06-21 07:44:13.213  2275  5116 I chatty  : uid=1000(system) Binder_C expire 12 lines
06-21 07:44:15.514   332  2370 E NetlinkEvent: NetlinkEvent::FindParam(): Parameter 'TIME_NS' not found
06-21 07:44:15.514   332  2370 E NetlinkEvent: NetlinkEvent::FindParam(): Parameter 'UID' not found
06-21 07:44:22.932  2275  4962 I chatty  : uid=1000(system) Binder_9 expire 10 lines
06-21 07:44:31.284  2275  2300 I chatty  : uid=1000(system) ActivityManager expire 4 lines
06-21 07:44:47.991   332  2370 E NetlinkEvent: NetlinkEvent::FindParam(): Parameter 'TIME_NS' not found
06-21 07:44:47.991   332  2370 E NetlinkEvent: NetlinkEvent::FindParam(): Parameter 'UID' not found
06-21 07:44:57.945  2275  2299 I chatty  : uid=1000(system) android.bg expire 1 line
06-21 07:45:01.298   332  2370 E NetlinkEvent: NetlinkEvent::FindParam(): Parameter 'TIME_NS' not found
06-21 07:45:01.298   332  2370 E NetlinkEvent: NetlinkEvent::FindParam(): Parameter 'UID' not found
06-21 07:45:16.511   332  2370 E NetlinkEvent: NetlinkEvent::FindParam(): Parameter 'TIME_NS' not found
06-21 07:45:16.511   332  2370 E NetlinkEvent: NetlinkEvent::FindParam(): Parameter 'UID' not found
06-21 07:45:22.942  2275  4961 I chatty  : uid=1000(system) Binder_8 expire 10 lines
06-21 07:45:25.834   332  2370 E NetlinkEvent: NetlinkEvent::FindParam(): Parameter 'TIME_NS' not found
06-21 07:45:25.834   332  2370 E NetlinkEvent: NetlinkEvent::FindParam(): Parameter 'UID' not found
06-21 07:45:40.871   332  2370 E NetlinkEvent: NetlinkEvent::FindParam(): Parameter 'TIME_NS' not found
06-21 07:45:40.871   332  2370 E NetlinkEvent: NetlinkEvent::FindParam(): Parameter 'UID' not found
06-21 07:46:30.729   332  2370 E NetlinkEvent: NetlinkEvent::FindParam(): Parameter 'TIME_NS' not found
06-21 07:46:30.729   332  2370 E NetlinkEvent: NetlinkEvent::FindParam(): Parameter 'UID' not found
06-21 07:46:47.271   332  2370 E NetlinkEvent: NetlinkEvent::FindParam(): Parameter 'TIME_NS' not found
06-21 07:46:47.271   332  2370 E NetlinkEvent: NetlinkEvent::FindParam(): Parameter 'UID' not found
06-21 07:46:57.204   332  2370 E NetlinkEvent: NetlinkEvent::FindParam(): Parameter 'TIME_NS' not found
06-21 07:46:57.204   332  2370 E NetlinkEvent: NetlinkEvent::FindParam(): Parameter 'UID' not found
06-21 07:47:00.001  2275  3979 I chatty  : uid=1000(system) AlarmManager expire 7 lines
06-21 07:47:12.271   332  2370 E NetlinkEvent: NetlinkEvent::FindParam(): Parameter 'TIME_NS' not found
06-21 07:47:12.271   332  2370 E NetlinkEvent: NetlinkEvent::FindParam(): Parameter 'UID' not found
06-21 07:48:07.249   332  2370 E NetlinkEvent: NetlinkEvent::FindParam(): Parameter 'TIME_NS' not found
06-21 07:48:07.249   332  2370 E NetlinkEvent: NetlinkEvent::FindParam(): Parameter 'UID' not found
06-21 07:48:22.431   332  2370 E NetlinkEvent: NetlinkEvent::FindParam(): Parameter 'TIME_NS' not found
06-21 07:48:22.431   332  2370 E NetlinkEvent: NetlinkEvent::FindParam(): Parameter 'UID' not found
06-21 07:48:31.096   332  2370 E NetlinkEvent: NetlinkEvent::FindParam(): Parameter 'TIME_NS' not found
06-21 07:48:31.096   332  2370 E NetlinkEvent: NetlinkEvent::FindParam(): Parameter 'UID' not found
06-21 07:48:44.968  2275  5058 I chatty  : uid=1000(system) Binder_B expire 1 line
06-21 07:49:00.791   332  2370 E NetlinkEvent: NetlinkEvent::FindParam(): Parameter 'TIME_NS' not found
06-21 07:49:00.791   332  2370 E NetlinkEvent: NetlinkEvent::FindParam(): Parameter 'UID' not found
06-21 07:49:03.632  2275  5428 I chatty  : uid=1000(system) Binder_10 expire 2 lines
06-21 07:49:13.436  2275  4962 I chatty  : uid=1000(system) Binder_9 expire 2 lines
06-21 07:49:16.031  2275  2286 I chatty  : uid=1000(system) Binder_1 expire 1 line
06-21 07:49:25.877  2275  5334 I chatty  : uid=1000(system) Binder_D expire 2 lines
06-21 07:49:25.887   332  2370 E NetlinkEvent: NetlinkEvent::FindParam(): Parameter 'TIME_NS' not found
06-21 07:49:25.887   332  2370 E NetlinkEvent: NetlinkEvent::FindParam(): Parameter 'UID' not found
06-21 07:49:41.070   332  2370 E NetlinkEvent: NetlinkEvent::FindParam(): Parameter 'TIME_NS' not found
06-21 07:49:41.071   332  2370 E NetlinkEvent: NetlinkEvent::FindParam(): Parameter 'UID' not found
06-21 07:49:44.989  2275  4943 I chatty  : uid=1000(system) Binder_7 expire 11 lines
06-21 07:49:57.296   332  2370 E NetlinkEvent: NetlinkEvent::FindParam(): Parameter 'TIME_NS' not found
06-21 07:49:57.296   332  2370 E NetlinkEvent: NetlinkEvent::FindParam(): Parameter 'UID' not found
06-21 07:50:03.642  2275  5334 I chatty  : uid=1000(system) Binder_D expire 10 lines
06-21 07:50:10.121  2275  4917 I chatty  : uid=1000(system) Binder_6 expire 12 lines
06-21 07:50:12.351   332  2370 E NetlinkEvent: NetlinkEvent::FindParam(): Parameter 'TIME_NS' not found
06-21 07:50:12.351   332  2370 E NetlinkEvent: NetlinkEvent::FindParam(): Parameter 'UID' not found
06-21 07:50:13.467  2275  5428 I chatty  : uid=1000(system) Binder_10 expire 9 lines
06-21 07:50:13.475  2275  4961 I chatty  : uid=1000(system) Binder_8 expire 10 lines
06-21 07:50:23.064  2275  4962 I chatty  : uid=1000(system) Binder_9 expire 10 lines
06-21 07:50:23.073  2275  2286 I chatty  : uid=1000(system) Binder_1 expire 12 lines
06-21 07:50:23.081  2275  5397 I chatty  : uid=1000(system) Binder_F expire 10 lines
06-21 07:50:30.917   332  2370 E NetlinkEvent: NetlinkEvent::FindParam(): Parameter 'TIME_NS' not found
06-21 07:50:30.917   332  2370 E NetlinkEvent: NetlinkEvent::FindParam(): Parameter 'UID' not found
06-21 07:50:31.134  2275  3979 I chatty  : uid=1000(system) AlarmManager expire 12 lines
06-21 07:50:34.803  2275  4017 I chatty  : uid=1000(system) Binder_3 expire 15 lines
06-21 07:50:42.661  2275  4966 I chatty  : uid=1000(system) Binder_A expire 6 lines
06-21 07:50:45.006  2275  2287 I chatty  : uid=1000(system) Binder_2 expire 7 lines
06-21 07:50:54.613  2275  2275 I chatty  : uid=1000 system_server expire 6 lines
06-21 07:50:54.654  2275  5352 I chatty  : uid=1000(system) Binder_E expire 8 lines
06-21 07:51:09.791   332  2370 E NetlinkEvent: NetlinkEvent::FindParam(): Parameter 'TIME_NS' not found
06-21 07:51:09.791   332  2370 E NetlinkEvent: NetlinkEvent::FindParam(): Parameter 'UID' not found
06-21 07:51:13.487  2275  4674 I chatty  : uid=1000(system) Binder_5 expire 9 lines
06-21 07:51:16.065  2275  5116 I chatty  : uid=1000(system) Binder_C expire 10 lines
06-21 07:51:22.835   332  2370 E NetlinkEvent: NetlinkEvent::FindParam(): Parameter 'TIME_NS' not found
06-21 07:51:22.835   332  2370 E NetlinkEvent: NetlinkEvent::FindParam(): Parameter 'UID' not found
06-21 07:51:50.551   332  2370 E NetlinkEvent: NetlinkEvent::FindParam(): Parameter 'TIME_NS' not found
06-21 07:51:50.551   332  2370 E NetlinkEvent: NetlinkEvent::FindParam(): Parameter 'UID' not found
06-21 07:52:03.703  2275  4168 I chatty  : uid=1000(system) Binder_4 expire 9 lines
06-21 07:52:07.688   332  2370 E NetlinkEvent: NetlinkEvent::FindParam(): Parameter 'TIME_NS' not found
06-21 07:52:07.688   332  2370 E NetlinkEvent: NetlinkEvent::FindParam(): Parameter 'UID' not found
06-21 07:52:22.750   332  2370 E NetlinkEvent: NetlinkEvent::FindParam(): Parameter 'TIME_NS' not found
06-21 07:52:22.750   332  2370 E NetlinkEvent: NetlinkEvent::FindParam(): Parameter 'UID' not found
06-21 07:52:32.717  2275  5058 I chatty  : uid=1000(system) Binder_B expire 8 lines
06-21 07:53:37.501   332  2370 E NetlinkEvent: NetlinkEvent::FindParam(): Parameter 'TIME_NS' not found
06-21 07:53:37.501   332  2370 E NetlinkEvent: NetlinkEvent::FindParam(): Parameter 'UID' not found
06-21 07:53:52.630   332  2370 E NetlinkEvent: NetlinkEvent::FindParam(): Parameter 'TIME_NS' not found
06-21 07:53:52.630   332  2370 E NetlinkEvent: NetlinkEvent::FindParam(): Parameter 'UID' not found
06-21 07:54:00.000  2275  3979 I chatty  : uid=1000(system) AlarmManager expire 10 lines
06-21 07:54:31.455  2275  2300 I chatty  : uid=1000(system) ActivityManager expire 2 lines
06-21 07:54:35.518   332  2370 E NetlinkEvent: NetlinkEvent::FindParam(): Parameter 'TIME_NS' not found
06-21 07:54:35.518   332  2370 E NetlinkEvent: NetlinkEvent::FindParam(): Parameter 'UID' not found
06-21 07:54:59.111   332  2370 E NetlinkEvent: NetlinkEvent::FindParam(): Parameter 'TIME_NS' not found
06-21 07:54:59.111   332  2370 E NetlinkEvent: NetlinkEvent::FindParam(): Parameter 'UID' not found
06-21 07:55:43.856   332  2370 E NetlinkEvent: NetlinkEvent::FindParam(): Parameter 'TIME_NS' not found
06-21 07:55:43.856   332  2370 E NetlinkEvent: NetlinkEvent::FindParam(): Parameter 'UID' not found
06-21 07:55:54.993  2275  4961 I chatty  : uid=1000(system) Binder_8 expire 3 lines
06-21 07:55:55.011  2275  5397 I chatty  : uid=1000(system) Binder_F expire 10 lines
06-21 07:55:56.261  2275  4917 I chatty  : uid=1000(system) Binder_6 expire 13 lines
06-21 07:55:56.281  2275  4674 I chatty  : uid=1000(system) Binder_5 expire 4 lines
06-21 07:55:56.312  2275  5116 I chatty  : uid=1000(system) Binder_C expire 10 lines
06-21 07:55:56.369  2275  5058 I chatty  : uid=1000(system) Binder_B expire 12 lines
06-21 07:55:56.418  2275  4017 I chatty  : uid=1000(system) Binder_3 expire 12 lines
06-21 07:55:56.514  2275  2286 I chatty  : uid=1000(system) Binder_1 expire 14 lines
06-21 07:55:56.594  2275  4943 I chatty  : uid=1000(system) Binder_7 expire 10 lines
06-21 07:55:56.598  2275  4961 I chatty  : uid=1000(system) Binder_8 expire 10 lines
06-21 07:55:56.608  2275  4168 I chatty  : uid=1000(system) Binder_4 expire 11 lines
06-21 07:55:56.820  2275  5428 I chatty  : uid=1000(system) Binder_10 expire 14 lines
06-21 07:55:56.910  2275  5334 I chatty  : uid=1000(system) Binder_D expire 9 lines
06-21 07:55:59.923  2275  3979 I chatty  : uid=1000(system) AlarmManager expire 11 lines
06-21 07:55:59.956  2275  2275 I chatty  : uid=1000 system_server expire 4 lines
06-21 07:56:03.768  2275  5352 I chatty  : uid=1000(system) Binder_E expire 8 lines
06-21 07:56:12.591   332  2370 E NetlinkEvent: NetlinkEvent::FindParam(): Parameter 'TIME_NS' not found
06-21 07:56:12.591   332  2370 E NetlinkEvent: NetlinkEvent::FindParam(): Parameter 'UID' not found
06-21 07:56:23.207  2275  2287 I chatty  : uid=1000(system) Binder_2 expire 13 lines
06-21 07:56:34.948  2275  4966 I chatty  : uid=1000(system) Binder_A expire 10 lines
06-21 07:57:02.604   332  2370 E NetlinkEvent: NetlinkEvent::FindParam(): Parameter 'TIME_NS' not found
06-21 07:57:02.604   332  2370 E NetlinkEvent: NetlinkEvent::FindParam(): Parameter 'UID' not found
06-21 07:57:17.710   332  2370 E NetlinkEvent: NetlinkEvent::FindParam(): Parameter 'TIME_NS' not found
06-21 07:57:17.711   332  2370 E NetlinkEvent: NetlinkEvent::FindParam(): Parameter 'UID' not found
06-21 07:57:30.250   332  2370 E NetlinkEvent: NetlinkEvent::FindParam(): Parameter 'TIME_NS' not found
06-21 07:57:30.250   332  2370 E NetlinkEvent: NetlinkEvent::FindParam(): Parameter 'UID' not found
06-21 07:57:50.671   332  2370 E NetlinkEvent: NetlinkEvent::FindParam(): Parameter 'TIME_NS' not found
06-21 07:57:50.671   332  2370 E NetlinkEvent: NetlinkEvent::FindParam(): Parameter 'UID' not found
06-21 07:58:03.799  2275  4962 I chatty  : uid=1000(system) Binder_9 expire 4 lines
06-21 07:58:08.493  2275  2300 I chatty  : uid=1000(system) ActivityManager expire 3 lines
06-21 07:58:08.594  2275  2299 I chatty  : uid=1000(system) android.bg expire 5 lines
06-21 08:00:35.676   332  2370 E NetlinkEvent: NetlinkEvent::FindParam(): Parameter 'TIME_NS' not found
06-21 08:00:35.676   332  2370 E NetlinkEvent: NetlinkEvent::FindParam(): Parameter 'UID' not found
06-21 08:00:50.751   332  2370 E NetlinkEvent: NetlinkEvent::FindParam(): Parameter 'TIME_NS' not found
06-21 08:00:50.751   332  2370 E NetlinkEvent: NetlinkEvent::FindParam(): Parameter 'UID' not found
06-21 08:00:55.467  2275  4943 I chatty  : uid=1000(system) Binder_7 expire 2 lines
06-21 08:02:53.734   332  2370 E NetlinkEvent: NetlinkEvent::FindParam(): Parameter 'TIME_NS' not found
06-21 08:02:53.734   332  2370 E NetlinkEvent: NetlinkEvent::FindParam(): Parameter 'UID' not found
06-21 08:02:56.260  2275  3979 I chatty  : uid=1000(system) AlarmManager expire 2 lines
06-21 08:03:01.116  2275  4966 I chatty  : uid=1000(system) Binder_A expire 2 lines
06-21 08:03:01.500  2275  2287 I chatty  : uid=1000(system) Binder_2 expire 1 line
06-21 08:03:03.921  2275  5058 I chatty  : uid=1000(system) Binder_B expire 1 line
06-21 08:03:08.791   332  2370 E NetlinkEvent: NetlinkEvent::FindParam(): Parameter 'TIME_NS' not found
06-21 08:03:08.791   332  2370 E NetlinkEvent: NetlinkEvent::FindParam(): Parameter 'UID' not found
06-21 08:03:13.922  2275  5397 I chatty  : uid=1000(system) Binder_F expire 2 lines
06-21 08:03:16.363  2275  2286 I chatty  : uid=1000(system) Binder_1 expire 2 lines
06-21 08:03:23.384  2275  4917 I chatty  : uid=1000(system) Binder_6 expire 1 line
06-21 08:03:23.401  2275  4168 I chatty  : uid=1000(system) Binder_4 expire 12 lines
06-21 08:03:35.721   332  2370 E NetlinkEvent: NetlinkEvent::FindParam(): Parameter 'TIME_NS' not found
06-21 08:03:35.721   332  2370 E NetlinkEvent: NetlinkEvent::FindParam(): Parameter 'UID' not found
06-21 08:03:50.790   332  2370 E NetlinkEvent: NetlinkEvent::FindParam(): Parameter 'TIME_NS' not found
06-21 08:03:50.790   332  2370 E NetlinkEvent: NetlinkEvent::FindParam(): Parameter 'UID' not found
06-21 08:03:51.039  2275  3979 I chatty  : uid=1000(system) AlarmManager expire 11 lines
06-21 08:03:51.054  2275  5116 I chatty  : uid=1000(system) Binder_C expire 10 lines
06-21 08:03:51.056  2275  4962 I chatty  : uid=1000(system) Binder_9 expire 10 lines
06-21 08:03:51.060  2275  5428 I chatty  : uid=1000(system) Binder_10 expire 10 lines
06-21 08:03:51.065   332  2370 E NetlinkEvent: NetlinkEvent::FindParam(): Parameter 'TIME_NS' not found
06-21 08:03:51.065   332  2370 E NetlinkEvent: NetlinkEvent::FindParam(): Parameter 'UID' not found
06-21 08:03:53.368  2275  5397 I chatty  : uid=1000(system) Binder_F expire 9 lines
06-21 08:04:03.969  2275  2286 I chatty  : uid=1000(system) Binder_1 expire 8 lines
06-21 08:04:03.977  2275  4966 I chatty  : uid=1000(system) Binder_A expire 10 lines
06-21 08:04:06.191   332  2370 E NetlinkEvent: NetlinkEvent::FindParam(): Parameter 'TIME_NS' not found
06-21 08:04:06.191   332  2370 E NetlinkEvent: NetlinkEvent::FindParam(): Parameter 'UID' not found
06-21 08:04:13.966  2275  4961 I chatty  : uid=1000(system) Binder_8 expire 10 lines
06-21 08:04:16.411  2275  5352 I chatty  : uid=1000(system) Binder_E expire 10 lines
06-21 08:04:23.399  2275  2287 I chatty  : uid=1000(system) Binder_2 expire 10 lines
06-21 08:04:23.407  2275  5334 I chatty  : uid=1000(system) Binder_D expire 12 lines
06-21 08:04:23.416  2275  4943 I chatty  : uid=1000(system) Binder_7 expire 9 lines
06-21 08:04:31.632  2275  2300 I chatty  : uid=1000(system) ActivityManager expire 4 lines
06-21 08:04:33.019  2275  4917 I chatty  : uid=1000(system) Binder_6 expire 13 lines
06-21 08:04:45.894  2275  2275 I chatty  : uid=1000 system_server expire 10 lines
06-21 08:04:45.957   332  2370 E NetlinkEvent: NetlinkEvent::FindParam(): Parameter 'TIME_NS' not found
06-21 08:04:45.957   332  2370 E NetlinkEvent: NetlinkEvent::FindParam(): Parameter 'UID' not found
06-21 08:04:53.384  2275  4017 I chatty  : uid=1000(system) Binder_3 expire 9 lines
06-21 08:05:01.110   332  2370 E NetlinkEvent: NetlinkEvent::FindParam(): Parameter 'TIME_NS' not found
06-21 08:05:01.110   332  2370 E NetlinkEvent: NetlinkEvent::FindParam(): Parameter 'UID' not found
06-21 08:05:13.991  2275  4674 I chatty  : uid=1000(system) Binder_5 expire 11 lines
06-21 08:05:25.495   332  2370 E NetlinkEvent: NetlinkEvent::FindParam(): Parameter 'TIME_NS' not found
06-21 08:05:25.495   332  2370 E NetlinkEvent: NetlinkEvent::FindParam(): Parameter 'UID' not found
06-21 08:05:40.510   332  2370 E NetlinkEvent: NetlinkEvent::FindParam(): Parameter 'TIME_NS' not found
06-21 08:05:40.510   332  2370 E NetlinkEvent: NetlinkEvent::FindParam(): Parameter 'UID' not found
06-21 08:05:54.625  2275  2299 I chatty  : uid=1000(system) android.bg expire 2 lines
06-21 08:05:55.426   332  2370 E NetlinkEvent: NetlinkEvent::FindParam(): Parameter 'TIME_NS' not found
06-21 08:05:55.426   332  2370 E NetlinkEvent: NetlinkEvent::FindParam(): Parameter 'UID' not found
06-21 08:05:56.389  2275  5058 I chatty  : uid=1000(system) Binder_B expire 5 lines
06-21 08:06:00.000  2275  3979 I chatty  : uid=1000(system) AlarmManager expire 7 lines
06-21 08:06:12.431   332  2370 E NetlinkEvent: NetlinkEvent::FindParam(): Parameter 'TIME_NS' not found
06-21 08:06:12.431   332  2370 E NetlinkEvent: NetlinkEvent::FindParam(): Parameter 'UID' not found
06-21 08:06:35.780   332  2370 E NetlinkEvent: NetlinkEvent::FindParam(): Parameter 'TIME_NS' not found
06-21 08:06:35.780   332  2370 E NetlinkEvent: NetlinkEvent::FindParam(): Parameter 'UID' not found
06-21 08:06:50.831   332  2370 E NetlinkEvent: NetlinkEvent::FindParam(): Parameter 'TIME_NS' not found
06-21 08:06:50.831   332  2370 E NetlinkEvent: NetlinkEvent::FindParam(): Parameter 'UID' not found
06-21 08:07:02.567   332  2370 E NetlinkEvent: NetlinkEvent::FindParam(): Parameter 'TIME_NS' not found
06-21 08:07:02.567   332  2370 E NetlinkEvent: NetlinkEvent::FindParam(): Parameter 'UID' not found
06-21 08:07:17.630   332  2370 E NetlinkEvent: NetlinkEvent::FindParam(): Parameter 'TIME_NS' not found
06-21 08:07:17.630   332  2370 E NetlinkEvent: NetlinkEvent::FindParam(): Parameter 'UID' not found
06-21 08:07:23.480  2275  2287 I chatty  : uid=1000(system) Binder_2 expire 3 lines
06-21 08:07:45.436  2275  5352 I chatty  : uid=1000(system) Binder_E expire 5 lines
06-21 08:08:57.567   332  2370 E NetlinkEvent: NetlinkEvent::FindParam(): Parameter 'TIME_NS' not found
06-21 08:08:57.567   332  2370 E NetlinkEvent: NetlinkEvent::FindParam(): Parameter 'UID' not found
06-21 08:08:57.755  2275  4168 I chatty  : uid=1000(system) Binder_4 expire 5 lines
06-21 08:08:57.758  2275  5428 I chatty  : uid=1000(system) Binder_10 expire 2 lines
06-21 08:08:57.788  2275  4966 I chatty  : uid=1000(system) Binder_A expire 2 lines
06-21 08:08:57.794  2275  4962 I chatty  : uid=1000(system) Binder_9 expire 3 lines
06-21 08:09:12.671   332  2370 E NetlinkEvent: NetlinkEvent::FindParam(): Parameter 'TIME_NS' not found
06-21 08:09:12.671   332  2370 E NetlinkEvent: NetlinkEvent::FindParam(): Parameter 'UID' not found
06-21 08:09:23.499  2275  5334 I chatty  : uid=1000(system) Binder_D expire 1 line
06-21 08:09:23.507  2275  4674 I chatty  : uid=1000(system) Binder_5 expire 1 line
06-21 08:09:35.274  2275  4961 I chatty  : uid=1000(system) Binder_8 expire 10 lines
06-21 08:09:35.877   332  2370 E NetlinkEvent: NetlinkEvent::FindParam(): Parameter 'TIME_NS' not found
06-21 08:09:35.877   332  2370 E NetlinkEvent: NetlinkEvent::FindParam(): Parameter 'UID' not found
06-21 08:09:35.990  2275  2287 I chatty  : uid=1000(system) Binder_2 expire 13 lines
06-21 08:09:35.994  2275  5116 I chatty  : uid=1000(system) Binder_C expire 15 lines
06-21 08:09:35.999  2275  4017 I chatty  : uid=1000(system) Binder_3 expire 13 lines
06-21 08:09:36.023  2275  5397 I chatty  : uid=1000(system) Binder_F expire 10 lines
06-21 08:09:36.070  2275  2299 I chatty  : uid=1000(system) android.bg expire 10 lines
06-21 08:09:45.467  2275  5428 I chatty  : uid=1000(system) Binder_10 expire 12 lines
06-21 08:09:45.475  2275  2286 I chatty  : uid=1000(system) Binder_1 expire 12 lines
06-21 08:09:50.950   332  2370 E NetlinkEvent: NetlinkEvent::FindParam(): Parameter 'TIME_NS' not found
06-21 08:09:50.950   332  2370 E NetlinkEvent: NetlinkEvent::FindParam(): Parameter 'UID' not found
06-21 08:10:00.000  2275  3979 I chatty  : uid=1000(system) AlarmManager expire 10 lines
06-21 08:10:10.648  2275  4943 I chatty  : uid=1000(system) Binder_7 expire 8 lines
06-21 08:10:14.158  2275  4966 I chatty  : uid=1000(system) Binder_A expire 7 lines
06-21 08:10:14.166  2275  5334 I chatty  : uid=1000(system) Binder_D expire 9 lines
06-21 08:10:16.653  2275  4674 I chatty  : uid=1000(system) Binder_5 expire 15 lines
06-21 08:10:23.525  2275  4962 I chatty  : uid=1000(system) Binder_9 expire 8 lines
06-21 08:10:31.163   332  2370 E NetlinkEvent: NetlinkEvent::FindParam(): Parameter 'TIME_NS' not found
06-21 08:10:31.163   332  2370 E NetlinkEvent: NetlinkEvent::FindParam(): Parameter 'UID' not found
06-21 08:10:32.245 28209 28228 D ActivityThread: Loading provider com.google.android.gmail.provider;com.android.mail.notifier;com.google.android.gm.email.provider;com.google.android.gm.tasks.provider;com.google.android.gm.email.notifier: com.android.email.provider.EmailProvider
06-21 08:10:38.848  2275  2275 I chatty  : uid=1000 system_server expire 9 lines
06-21 08:10:50.190   332  2370 E NetlinkEvent: NetlinkEvent::FindParam(): Parameter 'TIME_NS' not found
06-21 08:10:50.190   332  2370 E NetlinkEvent: NetlinkEvent::FindParam(): Parameter 'UID' not found
06-21 08:11:04.217  2275  4917 I chatty  : uid=1000(system) Binder_6 expire 10 lines
06-21 08:11:10.673  2275  4168 I chatty  : uid=1000(system) Binder_4 expire 4 lines
06-21 08:11:37.213   332  2370 E NetlinkEvent: NetlinkEvent::FindParam(): Parameter 'TIME_NS' not found
06-21 08:11:37.214   332  2370 E NetlinkEvent: NetlinkEvent::FindParam(): Parameter 'UID' not found
06-21 08:11:45.537  2275  5058 I chatty  : uid=1000(system) Binder_B expire 5 lines
06-21 08:11:52.271   332  2370 E NetlinkEvent: NetlinkEvent::FindParam(): Parameter 'TIME_NS' not found
06-21 08:11:52.271   332  2370 E NetlinkEvent: NetlinkEvent::FindParam(): Parameter 'UID' not found
06-21 08:12:35.918   332  2370 E NetlinkEvent: NetlinkEvent::FindParam(): Parameter 'TIME_NS' not found
06-21 08:12:35.918   332  2370 E NetlinkEvent: NetlinkEvent::FindParam(): Parameter 'UID' not found
06-21 08:12:50.957  2275  2305 I chatty  : uid=1000(system) android.fg expire 1 line
06-21 08:12:50.990   332  2370 E NetlinkEvent: NetlinkEvent::FindParam(): Parameter 'TIME_NS' not found
06-21 08:12:50.990   332  2370 E NetlinkEvent: NetlinkEvent::FindParam(): Parameter 'UID' not found
06-21 08:13:17.589  2275  5352 I chatty  : uid=1000(system) Binder_E expire 11 lines
06-21 08:14:31.818  2275  2300 I chatty  : uid=1000(system) ActivityManager expire 2 lines
06-21 08:14:35.080   332  2370 E NetlinkEvent: NetlinkEvent::FindParam(): Parameter 'TIME_NS' not found
06-21 08:14:35.080   332  2370 E NetlinkEvent: NetlinkEvent::FindParam(): Parameter 'UID' not found
06-21 08:14:50.150   332  2370 E NetlinkEvent: NetlinkEvent::FindParam(): Parameter 'TIME_NS' not found
06-21 08:14:50.151   332  2370 E NetlinkEvent: NetlinkEvent::FindParam(): Parameter 'UID' not found
06-21 08:14:53.578  2275  5397 I chatty  : uid=1000(system) Binder_F expire 6 lines
06-21 08:15:08.571  2275  3979 I chatty  : uid=1000(system) AlarmManager expire 6 lines
06-21 08:15:14.278  2275  4961 I chatty  : uid=1000(system) Binder_8 expire 3 lines
06-21 08:15:23.679  2275  4017 I chatty  : uid=1000(system) Binder_3 expire 11 lines
06-21 08:15:35.991   332  2370 E NetlinkEvent: NetlinkEvent::FindParam(): Parameter 'TIME_NS' not found
06-21 08:15:35.991   332  2370 E NetlinkEvent: NetlinkEvent::FindParam(): Parameter 'UID' not found
06-21 08:15:51.071   332  2370 E NetlinkEvent: NetlinkEvent::FindParam(): Parameter 'TIME_NS' not found
06-21 08:15:51.071   332  2370 E NetlinkEvent: NetlinkEvent::FindParam(): Parameter 'UID' not found
06-21 08:16:28.417  2275  5428 I chatty  : uid=1000(system) Binder_10 expire 10 lines
06-21 08:16:28.449  2275  4917 I chatty  : uid=1000(system) Binder_6 expire 10 lines
06-21 08:16:28.453  2275  5116 I chatty  : uid=1000(system) Binder_C expire 10 lines
06-21 08:16:31.577  2275  3979 I chatty  : uid=1000(system) AlarmManager expire 11 lines
06-21 08:16:31.600  2275  5397 I chatty  : uid=1000(system) Binder_F expire 11 lines
06-21 08:16:33.406  2275  4943 I chatty  : uid=1000(system) Binder_7 expire 9 lines
